Archive member included to satisfy reference by file (symbol)

c:/program files (x86)/gnu tools arm embedded/7 2018-q2-update/bin/../lib/gcc/arm-none-eabi/7.3.1/../../../../arm-none-eabi/lib/thumb/v7e-m/fpv4-sp/hard\libc_nano.a(lib_a-exit.o)
                              c:/program files (x86)/gnu tools arm embedded/7 2018-q2-update/bin/../lib/gcc/arm-none-eabi/7.3.1/../../../../arm-none-eabi/lib/thumb/v7e-m/fpv4-sp/hard/crt0.o (exit)
c:/program files (x86)/gnu tools arm embedded/7 2018-q2-update/bin/../lib/gcc/arm-none-eabi/7.3.1/../../../../arm-none-eabi/lib/thumb/v7e-m/fpv4-sp/hard\libc_nano.a(lib_a-impure.o)
                              c:/program files (x86)/gnu tools arm embedded/7 2018-q2-update/bin/../lib/gcc/arm-none-eabi/7.3.1/../../../../arm-none-eabi/lib/thumb/v7e-m/fpv4-sp/hard\libc_nano.a(lib_a-exit.o) (_global_impure_ptr)
c:/program files (x86)/gnu tools arm embedded/7 2018-q2-update/bin/../lib/gcc/arm-none-eabi/7.3.1/../../../../arm-none-eabi/lib/thumb/v7e-m/fpv4-sp/hard\libc_nano.a(lib_a-init.o)
                              c:/program files (x86)/gnu tools arm embedded/7 2018-q2-update/bin/../lib/gcc/arm-none-eabi/7.3.1/../../../../arm-none-eabi/lib/thumb/v7e-m/fpv4-sp/hard/crt0.o (__libc_init_array)
c:/program files (x86)/gnu tools arm embedded/7 2018-q2-update/bin/../lib/gcc/arm-none-eabi/7.3.1/../../../../arm-none-eabi/lib/thumb/v7e-m/fpv4-sp/hard\libc_nano.a(lib_a-locale.o)
                              _build/nrf52840_xxaa/nrf_log_str_formatter.c.o (__locale_ctype_ptr)
c:/program files (x86)/gnu tools arm embedded/7 2018-q2-update/bin/../lib/gcc/arm-none-eabi/7.3.1/../../../../arm-none-eabi/lib/thumb/v7e-m/fpv4-sp/hard\libc_nano.a(lib_a-mbtowc_r.o)
                              c:/program files (x86)/gnu tools arm embedded/7 2018-q2-update/bin/../lib/gcc/arm-none-eabi/7.3.1/../../../../arm-none-eabi/lib/thumb/v7e-m/fpv4-sp/hard\libc_nano.a(lib_a-locale.o) (__ascii_mbtowc)
c:/program files (x86)/gnu tools arm embedded/7 2018-q2-update/bin/../lib/gcc/arm-none-eabi/7.3.1/../../../../arm-none-eabi/lib/thumb/v7e-m/fpv4-sp/hard\libc_nano.a(lib_a-memcpy-stub.o)
                              _build/nrf52840_xxaa/nrf_log_frontend.c.o (memcpy)
c:/program files (x86)/gnu tools arm embedded/7 2018-q2-update/bin/../lib/gcc/arm-none-eabi/7.3.1/../../../../arm-none-eabi/lib/thumb/v7e-m/fpv4-sp/hard\libc_nano.a(lib_a-memset.o)
                              c:/program files (x86)/gnu tools arm embedded/7 2018-q2-update/bin/../lib/gcc/arm-none-eabi/7.3.1/../../../../arm-none-eabi/lib/thumb/v7e-m/fpv4-sp/hard/crt0.o (memset)
c:/program files (x86)/gnu tools arm embedded/7 2018-q2-update/bin/../lib/gcc/arm-none-eabi/7.3.1/../../../../arm-none-eabi/lib/thumb/v7e-m/fpv4-sp/hard\libc_nano.a(lib_a-strcmp.o)
                              c:/program files (x86)/gnu tools arm embedded/7 2018-q2-update/bin/../lib/gcc/arm-none-eabi/7.3.1/../../../../arm-none-eabi/lib/thumb/v7e-m/fpv4-sp/hard\libc_nano.a(lib_a-locale.o) (strcmp)
c:/program files (x86)/gnu tools arm embedded/7 2018-q2-update/bin/../lib/gcc/arm-none-eabi/7.3.1/../../../../arm-none-eabi/lib/thumb/v7e-m/fpv4-sp/hard\libc_nano.a(lib_a-strcpy.o)
                              _build/nrf52840_xxaa/SEGGER_RTT.c.o (strcpy)
c:/program files (x86)/gnu tools arm embedded/7 2018-q2-update/bin/../lib/gcc/arm-none-eabi/7.3.1/../../../../arm-none-eabi/lib/thumb/v7e-m/fpv4-sp/hard\libc_nano.a(lib_a-strlen.o)
                              _build/nrf52840_xxaa/nrf_log_frontend.c.o (strlen)
c:/program files (x86)/gnu tools arm embedded/7 2018-q2-update/bin/../lib/gcc/arm-none-eabi/7.3.1/../../../../arm-none-eabi/lib/thumb/v7e-m/fpv4-sp/hard\libc_nano.a(lib_a-wctomb_r.o)
                              c:/program files (x86)/gnu tools arm embedded/7 2018-q2-update/bin/../lib/gcc/arm-none-eabi/7.3.1/../../../../arm-none-eabi/lib/thumb/v7e-m/fpv4-sp/hard\libc_nano.a(lib_a-locale.o) (__ascii_wctomb)
c:/program files (x86)/gnu tools arm embedded/7 2018-q2-update/bin/../lib/gcc/arm-none-eabi/7.3.1/../../../../arm-none-eabi/lib/thumb/v7e-m/fpv4-sp/hard\libc_nano.a(lib_a-ctype_.o)
                              c:/program files (x86)/gnu tools arm embedded/7 2018-q2-update/bin/../lib/gcc/arm-none-eabi/7.3.1/../../../../arm-none-eabi/lib/thumb/v7e-m/fpv4-sp/hard\libc_nano.a(lib_a-locale.o) (_ctype_)
c:/program files (x86)/gnu tools arm embedded/7 2018-q2-update/bin/../lib/gcc/arm-none-eabi/7.3.1/../../../../arm-none-eabi/lib/thumb/v7e-m/fpv4-sp/hard\libnosys.a(_exit.o)
                              c:/program files (x86)/gnu tools arm embedded/7 2018-q2-update/bin/../lib/gcc/arm-none-eabi/7.3.1/../../../../arm-none-eabi/lib/thumb/v7e-m/fpv4-sp/hard\libc_nano.a(lib_a-exit.o) (_exit)

Allocating common symbols
Common symbol       size              file

nrf_drv_uart_use_easy_dma
                    0x2               _build/nrf52840_xxaa/nrf_drv_uart.c.o
_SEGGER_RTT         0x78              _build/nrf52840_xxaa/SEGGER_RTT.c.o

[...]
Memory Configuration

Name             Origin             Length             Attributes
FLASH            0x00026000         0x000da000         xr
RAM              0x200022e0         0x0003dd20         xrw
*default*        0x00000000         0xffffffff

Linker script and memory map


.text           0x00026000     0x3090
 *(.isr_vector)
 .isr_vector    0x00026000      0x200 _build/nrf52840_xxaa/gcc_startup_nrf52840.S.o
                0x00026000                __isr_vector
 *(.text*)
 .text          0x00026200       0x40 c:/program files (x86)/gnu tools arm embedded/7 2018-q2-update/bin/../lib/gcc/arm-none-eabi/7.3.1/thumb/v7e-m/fpv4-sp/hard/crtbegin.o
 .text          0x00026240       0x74 c:/program files (x86)/gnu tools arm embedded/7 2018-q2-update/bin/../lib/gcc/arm-none-eabi/7.3.1/../../../../arm-none-eabi/lib/thumb/v7e-m/fpv4-sp/hard/crt0.o
                0x00026240                _start
                0x00026240                _mainCRTStartup
 .text          0x000262b4       0x3c _build/nrf52840_xxaa/gcc_startup_nrf52840.S.o
                0x000262b4                Reset_Handler
                0x000262dc                NMI_Handler
                0x000262de                HardFault_Handler
                0x000262e0                MemoryManagement_Handler
                0x000262e2                BusFault_Handler
                0x000262e4                UsageFault_Handler
                0x000262e6                SVC_Handler
                0x000262e8                DebugMon_Handler
                0x000262ea                PendSV_Handler
                0x000262ec                SysTick_Handler
                0x000262ee                SWI0_EGU0_IRQHandler
                0x000262ee                POWER_CLOCK_IRQHandler
                0x000262ee                RADIO_IRQHandler
                0x000262ee                PDM_IRQHandler
                0x000262ee                TEMP_IRQHandler
                0x000262ee                QDEC_IRQHandler
                0x000262ee                TIMER3_IRQHandler
                0x000262ee                PWM3_IRQHandler
                0x000262ee                FPU_IRQHandler
                0x000262ee                USBD_IRQHandler
                0x000262ee                GPIOTE_IRQHandler
                0x000262ee                PWM1_IRQHandler
                0x000262ee                CRYPTOCELL_IRQHandler
                0x000262ee                RTC0_IRQHandler
                0x000262ee                SWI4_EGU4_IRQHandler
                0x000262ee                TIMER0_IRQHandler
                0x000262ee                SWI2_EGU2_IRQHandler
                0x000262ee                UARTE1_IRQHandler
                0x000262ee                TIMER1_IRQHandler
                0x000262ee                SPIM3_IRQHandler
                0x000262ee                PWM2_IRQHandler
                0x000262ee                ECB_IRQHandler
                0x000262ee                Default_Handler
                0x000262ee                SAADC_IRQHandler
                0x000262ee                CCM_AAR_IRQHandler
                0x000262ee                WDT_IRQHandler
                0x000262ee                TIMER4_IRQHandler
                0x000262ee                SWI5_EGU5_IRQHandler
                0x000262ee                RNG_IRQHandler
                0x000262ee                RTC2_IRQHandler
                0x000262ee                PWM0_IRQHandler
                0x000262ee                SWI3_EGU3_IRQHandler
                0x000262ee                RTC1_IRQHandler
                0x000262ee                SWI1_EGU1_IRQHandler
                0x000262ee                SPIM2_SPIS2_SPI2_IRQHandler
                0x000262ee                NFCT_IRQHandler
                0x000262ee                I2S_IRQHandler
                0x000262ee                MWU_IRQHandler
                0x000262ee                TIMER2_IRQHandler
                0x000262ee                QSPI_IRQHandler
                0x000262ee                COMP_LPCOMP_IRQHandler
 .text.nrf_log_backend_serial_put
                0x000262f0       0xd4 _build/nrf52840_xxaa/nrf_log_backend_serial.c.o
                0x000262f0                nrf_log_backend_serial_put
 .text.nrf_log_backend_uart_flush
                0x000263c4        0x4 _build/nrf52840_xxaa/nrf_log_backend_uart.c.o
 .text.nrf_log_backend_uart_put
                0x000263c8       0x20 _build/nrf52840_xxaa/nrf_log_backend_uart.c.o
 .text.serial_tx
                0x000263e8       0x4c _build/nrf52840_xxaa/nrf_log_backend_uart.c.o
 .text.nrf_log_backend_uart_panic_set
                0x00026434       0x60 _build/nrf52840_xxaa/nrf_log_backend_uart.c.o
 .text.log_skip
                0x00026494       0xd4 _build/nrf52840_xxaa/nrf_log_frontend.c.o
 .text.nrf_log_module_name_get
                0x00026568       0x58 _build/nrf52840_xxaa/nrf_log_frontend.c.o
                0x00026568                nrf_log_module_name_get
 .text.nrf_log_color_id_get
                0x000265c0       0x2c _build/nrf52840_xxaa/nrf_log_frontend.c.o
                0x000265c0                nrf_log_color_id_get
 .text.nrf_log_frontend_std_0
                0x000265ec       0xe4 _build/nrf52840_xxaa/nrf_log_frontend.c.o
                0x000265ec                nrf_log_frontend_std_0
 .text.nrf_log_frontend_dequeue.part.6
                0x000266d0      0x264 _build/nrf52840_xxaa/nrf_log_frontend.c.o
 .text.nrf_log_frontend_dequeue
                0x00026934       0x18 _build/nrf52840_xxaa/nrf_log_frontend.c.o
                0x00026934                nrf_log_frontend_dequeue
 .text.nrf_log_panic
                0x0002694c       0x2c _build/nrf52840_xxaa/nrf_log_frontend.c.o
                0x0002694c                nrf_log_panic
 .text.nrf_log_std_entry_process
                0x00026978      0x14c _build/nrf52840_xxaa/nrf_log_str_formatter.c.o
                0x00026978                nrf_log_std_entry_process
 .text.nrf_log_hexdump_entry_process
                0x00026ac4      0x160 _build/nrf52840_xxaa/nrf_log_str_formatter.c.o
                0x00026ac4                nrf_log_hexdump_entry_process
 .text.app_error_handler_bare
                0x00026c24       0x20 _build/nrf52840_xxaa/app_error.c.o
                0x00026c24                app_error_handler_bare
 .text.app_error_fault_handler
                0x00026c44       0x70 _build/nrf52840_xxaa/app_error_weak.c.o
                0x00026c44                app_error_fault_handler
 .text.app_util_critical_region_enter
                0x00026cb4       0x10 _build/nrf52840_xxaa/app_util_platform.c.o
                0x00026cb4                app_util_critical_region_enter
 .text.app_util_critical_region_exit
                0x00026cc4       0x14 _build/nrf52840_xxaa/app_util_platform.c.o
                0x00026cc4                app_util_critical_region_exit
 .text.nrf_atomic_u32_fetch_store
                0x00026cd8       0x14 _build/nrf52840_xxaa/nrf_atomic.c.o
                0x00026cd8                nrf_atomic_u32_fetch_store
 .text.nrf_atomic_u32_add
                0x00026cec       0x18 _build/nrf52840_xxaa/nrf_atomic.c.o
                0x00026cec                nrf_atomic_u32_add
 .text.nrf_atomic_u32_sub
                0x00026d04       0x18 _build/nrf52840_xxaa/nrf_atomic.c.o
                0x00026d04                nrf_atomic_u32_sub
 .text.nrf_atomic_flag_set
                0x00026d1c       0x18 _build/nrf52840_xxaa/nrf_atomic.c.o
                0x00026d1c                nrf_atomic_flag_set
 .text.nrf_atomic_flag_clear_fetch
                0x00026d34       0x18 _build/nrf52840_xxaa/nrf_atomic.c.o
                0x00026d34                nrf_atomic_flag_clear_fetch
 .text.nrf_balloc_alloc
                0x00026d4c       0x44 _build/nrf52840_xxaa/nrf_balloc.c.o
                0x00026d4c                nrf_balloc_alloc
 .text.nrf_balloc_free
                0x00026d90       0x2c _build/nrf52840_xxaa/nrf_balloc.c.o
                0x00026d90                nrf_balloc_free
 .text.nrf_fprintf_buffer_flush
                0x00026dbc       0x18 _build/nrf52840_xxaa/nrf_fprintf.c.o
                0x00026dbc                nrf_fprintf_buffer_flush
 .text.nrf_fprintf
                0x00026dd4       0x20 _build/nrf52840_xxaa/nrf_fprintf.c.o
                0x00026dd4                nrf_fprintf
 .text.unsigned_print
                0x00026df4      0x148 _build/nrf52840_xxaa/nrf_fprintf_format.c.o
 .text.nrf_fprintf_fmt
                0x00026f3c      0x6e4 _build/nrf52840_xxaa/nrf_fprintf_format.c.o
                0x00026f3c                nrf_fprintf_fmt
 .text.nrf_memobj_alloc
                0x00027620       0x84 _build/nrf52840_xxaa/nrf_memobj.c.o
                0x00027620                nrf_memobj_alloc
 .text.nrf_memobj_get
                0x000276a4        0x8 _build/nrf52840_xxaa/nrf_memobj.c.o
                0x000276a4                nrf_memobj_get
 .text.nrf_memobj_put
                0x000276ac       0x44 _build/nrf52840_xxaa/nrf_memobj.c.o
                0x000276ac                nrf_memobj_put
 .text.nrf_memobj_write
                0x000276f0       0x68 _build/nrf52840_xxaa/nrf_memobj.c.o
                0x000276f0                nrf_memobj_write
 .text.nrf_memobj_read
                0x00027758       0x68 _build/nrf52840_xxaa/nrf_memobj.c.o
                0x00027758                nrf_memobj_read
 .text.twim_evt_handler
                0x000277c0       0x48 _build/nrf52840_xxaa/nrf_drv_twi.c.o
 .text.nrf_drv_twi_init
                0x00027808      0x188 _build/nrf52840_xxaa/nrf_drv_twi.c.o
                0x00027808                nrf_drv_twi_init
 .text.uarte_evt_handler
                0x00027990       0x34 _build/nrf52840_xxaa/nrf_drv_uart.c.o
 .text.uart_evt_handler
                0x000279c4       0x34 _build/nrf52840_xxaa/nrf_drv_uart.c.o
 .text.nrf_drv_uart_init
                0x000279f8       0x88 _build/nrf52840_xxaa/nrf_drv_uart.c.o
                0x000279f8                nrf_drv_uart_init
 .text.UARTE0_UART0_IRQHandler
                0x00027a80        0xc _build/nrf52840_xxaa/nrfx_prs.c.o
                0x00027a80                UARTE0_UART0_IRQHandler
 .text.nrfx_prs_acquire
                0x00027a8c       0x3c _build/nrf52840_xxaa/nrfx_prs.c.o
                0x00027a8c                nrfx_prs_acquire
 .text.nrfx_prs_release
                0x00027ac8       0x18 _build/nrf52840_xxaa/nrfx_prs.c.o
                0x00027ac8                nrfx_prs_release
 .text.SPIM1_SPIS1_TWIM1_TWIS1_SPI1_TWI1_IRQHandler
                0x00027ae0      0x184 _build/nrf52840_xxaa/nrfx_twim.c.o
                0x00027ae0                SPIM1_SPIS1_TWIM1_TWIS1_SPI1_TWI1_IRQHandler
 .text.SPIM0_SPIS0_TWIM0_TWIS0_SPI0_TWI0_IRQHandler
                0x00027c64      0x178 _build/nrf52840_xxaa/nrfx_twim.c.o
                0x00027c64                SPIM0_SPIS0_TWIM0_TWIS0_SPI0_TWI0_IRQHandler
 .text.nrfx_twim_init
                0x00027ddc      0x114 _build/nrf52840_xxaa/nrfx_twim.c.o
                0x00027ddc                nrfx_twim_init
 .text.nrfx_twim_enable
                0x00027ef0       0x20 _build/nrf52840_xxaa/nrfx_twim.c.o
                0x00027ef0                nrfx_twim_enable
 .text.nrfx_twim_rx
                0x00027f10      0x154 _build/nrf52840_xxaa/nrfx_twim.c.o
                0x00027f10                nrfx_twim_rx
 .text.nrfx_uart_0_irq_handler
                0x00028064      0x1bc _build/nrf52840_xxaa/nrfx_uart.c.o
                0x00028064                nrfx_uart_0_irq_handler
 .text.nrfx_uart_init
                0x00028220      0x1e4 _build/nrf52840_xxaa/nrfx_uart.c.o
                0x00028220                nrfx_uart_init
 .text.nrfx_uart_uninit
                0x00028404       0xfc _build/nrf52840_xxaa/nrfx_uart.c.o
                0x00028404                nrfx_uart_uninit
 .text.nrfx_uart_tx
                0x00028500       0xcc _build/nrf52840_xxaa/nrfx_uart.c.o
                0x00028500                nrfx_uart_tx
 .text.nrfx_uarte_0_irq_handler
                0x000285cc      0x11c _build/nrf52840_xxaa/nrfx_uarte.c.o
                0x000285cc                nrfx_uarte_0_irq_handler
 .text.nrfx_uarte_init
                0x000286e8      0x208 _build/nrf52840_xxaa/nrfx_uarte.c.o
                0x000286e8                nrfx_uarte_init
 .text.nrfx_uarte_uninit
                0x000288f0      0x100 _build/nrf52840_xxaa/nrfx_uarte.c.o
                0x000288f0                nrfx_uarte_uninit
 .text.nrfx_uarte_tx
                0x000289f0       0xa4 _build/nrf52840_xxaa/nrfx_uarte.c.o
                0x000289f0                nrfx_uarte_tx
 .text.twi_init
                0x00028a94       0x40 _build/nrf52840_xxaa/main.c.o
                0x00028a94                twi_init
 .text.startup.main
                0x00028ad4       0x28 _build/nrf52840_xxaa/main.c.o
                0x00028ad4                main
 .text.SystemInit
                0x00028afc      0x1c4 _build/nrf52840_xxaa/system_nrf52840.c.o
                0x00028afc                SystemInit
 .text.exit     0x00028cc0       0x28 c:/program files (x86)/gnu tools arm embedded/7 2018-q2-update/bin/../lib/gcc/arm-none-eabi/7.3.1/../../../../arm-none-eabi/lib/thumb/v7e-m/fpv4-sp/hard\libc_nano.a(lib_a-exit.o)
                0x00028cc0                exit
 .text.__libc_init_array
                0x00028ce8       0x48 c:/program files (x86)/gnu tools arm embedded/7 2018-q2-update/bin/../lib/gcc/arm-none-eabi/7.3.1/../../../../arm-none-eabi/lib/thumb/v7e-m/fpv4-sp/hard\libc_nano.a(lib_a-init.o)
                0x00028ce8                __libc_init_array
 .text.__locale_ctype_ptr
                0x00028d30       0x1c c:/program files (x86)/gnu tools arm embedded/7 2018-q2-update/bin/../lib/gcc/arm-none-eabi/7.3.1/../../../../arm-none-eabi/lib/thumb/v7e-m/fpv4-sp/hard\libc_nano.a(lib_a-locale.o)
                0x00028d30                __locale_ctype_ptr
 .text.__ascii_mbtowc
                0x00028d4c       0x24 c:/program files (x86)/gnu tools arm embedded/7 2018-q2-update/bin/../lib/gcc/arm-none-eabi/7.3.1/../../../../arm-none-eabi/lib/thumb/v7e-m/fpv4-sp/hard\libc_nano.a(lib_a-mbtowc_r.o)
                0x00028d4c                __ascii_mbtowc
 .text.memcpy   0x00028d70       0x16 c:/program files (x86)/gnu tools arm embedded/7 2018-q2-update/bin/../lib/gcc/arm-none-eabi/7.3.1/../../../../arm-none-eabi/lib/thumb/v7e-m/fpv4-sp/hard\libc_nano.a(lib_a-memcpy-stub.o)
                0x00028d70                memcpy
 .text.memset   0x00028d86       0x10 c:/program files (x86)/gnu tools arm embedded/7 2018-q2-update/bin/../lib/gcc/arm-none-eabi/7.3.1/../../../../arm-none-eabi/lib/thumb/v7e-m/fpv4-sp/hard\libc_nano.a(lib_a-memset.o)
                0x00028d86                memset
 .text          0x00028d96       0x10 c:/program files (x86)/gnu tools arm embedded/7 2018-q2-update/bin/../lib/gcc/arm-none-eabi/7.3.1/../../../../arm-none-eabi/lib/thumb/v7e-m/fpv4-sp/hard\libc_nano.a(lib_a-strlen.o)
                0x00028d96                strlen
 .text.__ascii_wctomb
                0x00028da6       0x1a c:/program files (x86)/gnu tools arm embedded/7 2018-q2-update/bin/../lib/gcc/arm-none-eabi/7.3.1/../../../../arm-none-eabi/lib/thumb/v7e-m/fpv4-sp/hard\libc_nano.a(lib_a-wctomb_r.o)
                0x00028da6                __ascii_wctomb
 .text._exit    0x00028dc0        0x4 c:/program files (x86)/gnu tools arm embedded/7 2018-q2-update/bin/../lib/gcc/arm-none-eabi/7.3.1/../../../../arm-none-eabi/lib/thumb/v7e-m/fpv4-sp/hard\libnosys.a(_exit.o)
                0x00028dc0                _exit
 *(.init)
 .init          0x00028dc4        0x4 c:/program files (x86)/gnu tools arm embedded/7 2018-q2-update/bin/../lib/gcc/arm-none-eabi/7.3.1/thumb/v7e-m/fpv4-sp/hard/crti.o
                0x00028dc4                _init
 .init          0x00028dc8        0x8 c:/program files (x86)/gnu tools arm embedded/7 2018-q2-update/bin/../lib/gcc/arm-none-eabi/7.3.1/thumb/v7e-m/fpv4-sp/hard/crtn.o
 *(.fini)
 .fini          0x00028dd0        0x4 c:/program files (x86)/gnu tools arm embedded/7 2018-q2-update/bin/../lib/gcc/arm-none-eabi/7.3.1/thumb/v7e-m/fpv4-sp/hard/crti.o
                0x00028dd0                _fini
 .fini          0x00028dd4        0x8 c:/program files (x86)/gnu tools arm embedded/7 2018-q2-update/bin/../lib/gcc/arm-none-eabi/7.3.1/thumb/v7e-m/fpv4-sp/hard/crtn.o
 *crtbegin.o(.ctors)
 *crtbegin?.o(.ctors)
 *(EXCLUDE_FILE(*crtend.o *crtend?.o) .ctors)
 *(SORT_BY_NAME(.ctors.*))
 *(.ctors)
 *crtbegin.o(.dtors)
 *crtbegin?.o(.dtors)
 *(EXCLUDE_FILE(*crtend.o *crtend?.o) .dtors)
 *(SORT_BY_NAME(.dtors.*))
 *(.dtors)
 *(.rodata*)
 .rodata        0x00028ddc       0x20 _build/nrf52840_xxaa/nrf_log_backend_uart.c.o
 .rodata.nrf_log_backend_uart_api
                0x00028dfc        0xc _build/nrf52840_xxaa/nrf_log_backend_uart.c.o
                0x00028dfc                nrf_log_backend_uart_api
 .rodata.str1.4
                0x00028e08       0x11 _build/nrf52840_xxaa/nrf_log_default_backends.c.o
 *fill*         0x00028e19        0x3 
 .rodata.nrf_log_frontend_dequeue.part.6.str1.4
                0x00028e1c       0x11 _build/nrf52840_xxaa/nrf_log_frontend.c.o
 *fill*         0x00028e2d        0x3 
 .rodata.str1.4
                0x00028e30        0x4 _build/nrf52840_xxaa/nrf_log_frontend.c.o
 .rodata.m_colors
                0x00028e34       0x24 _build/nrf52840_xxaa/nrf_log_str_formatter.c.o
 .rodata.nrf_log_hexdump_entry_process.str1.4
                0x00028e58       0x13 _build/nrf52840_xxaa/nrf_log_str_formatter.c.o
                                 0x16 (size before relaxing)
 *fill*         0x00028e6b        0x1 
 .rodata.nrf_log_std_entry_process.str1.4
                0x00028e6c       0x3b _build/nrf52840_xxaa/nrf_log_str_formatter.c.o
 *fill*         0x00028ea7        0x1 
 .rodata.severity_names
                0x00028ea8       0x14 _build/nrf52840_xxaa/nrf_log_str_formatter.c.o
 .rodata.str1.4
                0x00028ebc       0x56 _build/nrf52840_xxaa/nrf_log_str_formatter.c.o
 *fill*         0x00028f12        0x2 
 .rodata.app_error_fault_handler.str1.4
                0x00028f14       0x19 _build/nrf52840_xxaa/app_error_weak.c.o
 *fill*         0x00028f2d        0x3 
 .rodata._aV2C.7651
                0x00028f30       0x10 _build/nrf52840_xxaa/nrf_fprintf_format.c.o
 .rodata.delay_machine_code.8164
                0x00028f40        0x6 _build/nrf52840_xxaa/nrf_drv_twi.c.o
 *fill*         0x00028f46        0x2 
 .rodata.str1.4
                0x00028f48        0x4 _build/nrf52840_xxaa/nrfx_prs.c.o
 .rodata.irq_handlers.9052
                0x00028f4c        0x8 _build/nrf52840_xxaa/nrfx_twim.c.o
 .rodata.str1.4
                0x00028f54        0x5 _build/nrf52840_xxaa/nrfx_twim.c.o
 *fill*         0x00028f59        0x3 
 .rodata.str1.4
                0x00028f5c        0x5 _build/nrf52840_xxaa/nrfx_uart.c.o
 *fill*         0x00028f61        0x3 
 .rodata.str1.4
                0x00028f64        0x8 _build/nrf52840_xxaa/nrfx_uarte.c.o
                                  0x6 (size before relaxing)
 .rodata.m_twi  0x00028f6c       0x10 _build/nrf52840_xxaa/main.c.o
 .rodata._global_impure_ptr
                0x00028f7c        0x4 c:/program files (x86)/gnu tools arm embedded/7 2018-q2-update/bin/../lib/gcc/arm-none-eabi/7.3.1/../../../../arm-none-eabi/lib/thumb/v7e-m/fpv4-sp/hard\libc_nano.a(lib_a-impure.o)
                0x00028f7c                _global_impure_ptr
 .rodata._setlocale_r.str1.1
                0x00028f80        0x8 c:/program files (x86)/gnu tools arm embedded/7 2018-q2-update/bin/../lib/gcc/arm-none-eabi/7.3.1/../../../../arm-none-eabi/lib/thumb/v7e-m/fpv4-sp/hard\libc_nano.a(lib_a-locale.o)
                                  0x9 (size before relaxing)
 .rodata.str1.1
                0x00028f88        0x2 c:/program files (x86)/gnu tools arm embedded/7 2018-q2-update/bin/../lib/gcc/arm-none-eabi/7.3.1/../../../../arm-none-eabi/lib/thumb/v7e-m/fpv4-sp/hard\libc_nano.a(lib_a-locale.o)
 .rodata._ctype_
                0x00028f8a      0x101 c:/program files (x86)/gnu tools arm embedded/7 2018-q2-update/bin/../lib/gcc/arm-none-eabi/7.3.1/../../../../arm-none-eabi/lib/thumb/v7e-m/fpv4-sp/hard\libc_nano.a(lib_a-ctype_.o)
                0x00028f8a                _ctype_
 *(.eh_frame*)
 *fill*         0x0002908b        0x1 
 .eh_frame      0x0002908c        0x0 c:/program files (x86)/gnu tools arm embedded/7 2018-q2-update/bin/../lib/gcc/arm-none-eabi/7.3.1/thumb/v7e-m/fpv4-sp/hard/crtbegin.o
 .eh_frame      0x0002908c        0x4 c:/program files (x86)/gnu tools arm embedded/7 2018-q2-update/bin/../lib/gcc/arm-none-eabi/7.3.1/thumb/v7e-m/fpv4-sp/hard/crtend.o

.glue_7         0x00029090        0x0
 .glue_7        0x00029090        0x0 linker stubs

.glue_7t        0x00029090        0x0
 .glue_7t       0x00029090        0x0 linker stubs

.vfp11_veneer   0x00029090        0x0
 .vfp11_veneer  0x00029090        0x0 linker stubs

.v4_bx          0x00029090        0x0
 .v4_bx         0x00029090        0x0 linker stubs

.iplt           0x00029090        0x0
 .iplt          0x00029090        0x0 c:/program files (x86)/gnu tools arm embedded/7 2018-q2-update/bin/../lib/gcc/arm-none-eabi/7.3.1/thumb/v7e-m/fpv4-sp/hard/crtbegin.o

.mem_section_dummy_rom

.nrf_queue      0x00029090        0x0
                [!provide]                PROVIDE (__start_nrf_queue = .)
 *(.nrf_queue)
                [!provide]                PROVIDE (__stop_nrf_queue = .)

.log_const_data
                0x00029090       0x28
                0x00029090                PROVIDE (__start_log_const_data = .)
 *(SORT_BY_NAME(.log_const_data*))
 .log_const_data_PRS
                0x00029090        0x8 _build/nrf52840_xxaa/nrfx_prs.c.o
                0x00029090                m_nrf_log_PRS_logs_data_const
 .log_const_data_TWIM
                0x00029098        0x8 _build/nrf52840_xxaa/nrfx_twim.c.o
                0x00029098                m_nrf_log_TWIM_logs_data_const
 .log_const_data_UART
                0x000290a0        0x8 _build/nrf52840_xxaa/nrfx_uart.c.o
                0x000290a0                m_nrf_log_UART_logs_data_const
 .log_const_data_UARTE
                0x000290a8        0x8 _build/nrf52840_xxaa/nrfx_uarte.c.o
                0x000290a8                m_nrf_log_UARTE_logs_data_const
 .log_const_data_app
                0x000290b0        0x8 _build/nrf52840_xxaa/nrf_log_frontend.c.o
                0x000290b0                m_nrf_log_app_logs_data_const
                0x000290b8                PROVIDE (__stop_log_const_data = .)

.log_backends   0x000290b8       0x10
                [!provide]                PROVIDE (__start_log_backends = .)
 *(SORT_BY_NAME(.log_backends*))
 .log_backends  0x000290b8       0x10 _build/nrf52840_xxaa/nrf_log_default_backends.c.o
                [!provide]                PROVIDE (__stop_log_backends = .)

.cli_command    0x000290c8        0x0
                [!provide]                PROVIDE (__start_cli_command = .)
 *(.cli_command)
                [!provide]                PROVIDE (__stop_cli_command = .)

.pwr_mgmt_data  0x000290c8        0x0
                [!provide]                PROVIDE (__start_pwr_mgmt_data = .)
 *(SORT_BY_NAME(.pwr_mgmt_data*))
                [!provide]                PROVIDE (__stop_pwr_mgmt_data = .)

.nrf_balloc     0x000290c8       0x14
                [!provide]                PROVIDE (__start_nrf_balloc = .)
 *(.nrf_balloc)
 .nrf_balloc    0x000290c8       0x14 _build/nrf52840_xxaa/nrf_log_frontend.c.o
                0x000290c8                log_mempool
                [!provide]                PROVIDE (__stop_nrf_balloc = .)

.ARM.extab
 *(.ARM.extab* .gnu.linkonce.armextab.*)
                0x000290dc                __exidx_start = .

.ARM.exidx      0x000290dc        0x8
 *(.ARM.exidx* .gnu.linkonce.armexidx.*)
 .ARM.exidx     0x000290dc        0x8 c:/program files (x86)/gnu tools arm embedded/7 2018-q2-update/bin/../lib/gcc/arm-none-eabi/7.3.1/../../../../arm-none-eabi/lib/thumb/v7e-m/fpv4-sp/hard/crt0.o
                0x000290e4                __exidx_end = .
                0x000290e4                __etext = .

.rel.dyn        0x000290e4        0x0
 .rel.iplt      0x000290e4        0x0 c:/program files (x86)/gnu tools arm embedded/7 2018-q2-update/bin/../lib/gcc/arm-none-eabi/7.3.1/thumb/v7e-m/fpv4-sp/hard/crtbegin.o

.data           0x200022e0      0x1f8 load address 0x000290e4
                0x200022e0                __data_start__ = .
 *(vtable)
 *(.data*)
 .data.m_uart   0x200022e0       0x14 _build/nrf52840_xxaa/nrf_log_backend_uart.c.o
                0x200022e0                m_uart
 .data.log_backend_cb_uart_log_backend
                0x200022f4        0x8 _build/nrf52840_xxaa/nrf_log_default_backends.c.o
 .data.SystemCoreClock
                0x200022fc        0x4 _build/nrf52840_xxaa/system_nrf52840.c.o
                0x200022fc                SystemCoreClock
 .data._impure_ptr
                0x20002300        0x4 c:/program files (x86)/gnu tools arm embedded/7 2018-q2-update/bin/../lib/gcc/arm-none-eabi/7.3.1/../../../../arm-none-eabi/lib/thumb/v7e-m/fpv4-sp/hard\libc_nano.a(lib_a-impure.o)
                0x20002300                _impure_ptr
 .data.impure_data
                0x20002304       0x60 c:/program files (x86)/gnu tools arm embedded/7 2018-q2-update/bin/../lib/gcc/arm-none-eabi/7.3.1/../../../../arm-none-eabi/lib/thumb/v7e-m/fpv4-sp/hard\libc_nano.a(lib_a-impure.o)
 .data.__global_locale
                0x20002364      0x16c c:/program files (x86)/gnu tools arm embedded/7 2018-q2-update/bin/../lib/gcc/arm-none-eabi/7.3.1/../../../../arm-none-eabi/lib/thumb/v7e-m/fpv4-sp/hard\libc_nano.a(lib_a-locale.o)
                0x20002364                __global_locale
                0x200024d0                . = ALIGN (0x4)
                0x200024d0                PROVIDE (__preinit_array_start = .)
 *(.preinit_array)
                0x200024d0                PROVIDE (__preinit_array_end = .)
                0x200024d0                . = ALIGN (0x4)
                0x200024d0                PROVIDE (__init_array_start = .)
 *(SORT_BY_NAME(.init_array.*))
 *(.init_array)
 .init_array    0x200024d0        0x4 c:/program files (x86)/gnu tools arm embedded/7 2018-q2-update/bin/../lib/gcc/arm-none-eabi/7.3.1/thumb/v7e-m/fpv4-sp/hard/crtbegin.o
                0x200024d4                PROVIDE (__init_array_end = .)
                0x200024d4                . = ALIGN (0x4)
                [!provide]                PROVIDE (__fini_array_start = .)
 *(SORT_BY_NAME(.fini_array.*))
 *(.fini_array)
 .fini_array    0x200024d4        0x4 c:/program files (x86)/gnu tools arm embedded/7 2018-q2-update/bin/../lib/gcc/arm-none-eabi/7.3.1/thumb/v7e-m/fpv4-sp/hard/crtbegin.o
                [!provide]                PROVIDE (__fini_array_end = .)
 *(.jcr*)
                0x200024d8                . = ALIGN (0x4)
                0x200024d8                __data_end__ = .
LOAD c:/program files (x86)/gnu tools arm embedded/7 2018-q2-update/bin/../lib/gcc/arm-none-eabi/7.3.1/thumb/v7e-m/fpv4-sp/hard/crti.o
LOAD c:/program files (x86)/gnu tools arm embedded/7 2018-q2-update/bin/../lib/gcc/arm-none-eabi/7.3.1/thumb/v7e-m/fpv4-sp/hard/crtbegin.o
LOAD c:/program files (x86)/gnu tools arm embedded/7 2018-q2-update/bin/../lib/gcc/arm-none-eabi/7.3.1/../../../../arm-none-eabi/lib/thumb/v7e-m/fpv4-sp/hard/crt0.o
LOAD _build/nrf52840_xxaa/gcc_startup_nrf52840.S.o
LOAD _build/nrf52840_xxaa/nrf_log_backend_rtt.c.o
LOAD _build/nrf52840_xxaa/nrf_log_backend_serial.c.o
LOAD _build/nrf52840_xxaa/nrf_log_backend_uart.c.o
LOAD _build/nrf52840_xxaa/nrf_log_default_backends.c.o
LOAD _build/nrf52840_xxaa/nrf_log_frontend.c.o
LOAD _build/nrf52840_xxaa/nrf_log_str_formatter.c.o
LOAD _build/nrf52840_xxaa/boards.c.o
LOAD _build/nrf52840_xxaa/app_error.c.o
LOAD _build/nrf52840_xxaa/app_error_handler_gcc.c.o
LOAD _build/nrf52840_xxaa/app_error_weak.c.o
LOAD _build/nrf52840_xxaa/app_util_platform.c.o
LOAD _build/nrf52840_xxaa/nrf_assert.c.o
LOAD _build/nrf52840_xxaa/nrf_atomic.c.o
LOAD _build/nrf52840_xxaa/nrf_balloc.c.o
LOAD _build/nrf52840_xxaa/nrf_fprintf.c.o
LOAD _build/nrf52840_xxaa/nrf_fprintf_format.c.o
LOAD _build/nrf52840_xxaa/nrf_memobj.c.o
LOAD _build/nrf52840_xxaa/nrf_ringbuf.c.o
LOAD _build/nrf52840_xxaa/nrf_strerror.c.o
LOAD _build/nrf52840_xxaa/nrf_drv_twi.c.o
LOAD _build/nrf52840_xxaa/nrf_drv_uart.c.o
LOAD _build/nrf52840_xxaa/nrfx_atomic.c.o
LOAD _build/nrf52840_xxaa/nrfx_prs.c.o
LOAD _build/nrf52840_xxaa/nrfx_twi.c.o
LOAD _build/nrf52840_xxaa/nrfx_twim.c.o
LOAD _build/nrf52840_xxaa/nrfx_uart.c.o
LOAD _build/nrf52840_xxaa/nrfx_uarte.c.o
LOAD _build/nrf52840_xxaa/main.c.o
LOAD _build/nrf52840_xxaa/SEGGER_RTT.c.o
LOAD _build/nrf52840_xxaa/SEGGER_RTT_Syscalls_GCC.c.o
LOAD _build/nrf52840_xxaa/SEGGER_RTT_printf.c.o
LOAD _build/nrf52840_xxaa/system_nrf52840.c.o
LOAD c:/program files (x86)/gnu tools arm embedded/7 2018-q2-update/bin/../lib/gcc/arm-none-eabi/7.3.1/../../../../arm-none-eabi/lib/thumb/v7e-m/fpv4-sp/hard\libc_nano.a
LOAD c:/program files (x86)/gnu tools arm embedded/7 2018-q2-update/bin/../lib/gcc/arm-none-eabi/7.3.1/../../../../arm-none-eabi/lib/thumb/v7e-m/fpv4-sp/hard\libnosys.a
LOAD c:/program files (x86)/gnu tools arm embedded/7 2018-q2-update/bin/../lib/gcc/arm-none-eabi/7.3.1/../../../../arm-none-eabi/lib/thumb/v7e-m/fpv4-sp/hard\libm.a
START GROUP
LOAD c:/program files (x86)/gnu tools arm embedded/7 2018-q2-update/bin/../lib/gcc/arm-none-eabi/7.3.1/thumb/v7e-m/fpv4-sp/hard\libgcc.a
LOAD c:/program files (x86)/gnu tools arm embedded/7 2018-q2-update/bin/../lib/gcc/arm-none-eabi/7.3.1/../../../../arm-none-eabi/lib/thumb/v7e-m/fpv4-sp/hard\libg_nano.a
LOAD c:/program files (x86)/gnu tools arm embedded/7 2018-q2-update/bin/../lib/gcc/arm-none-eabi/7.3.1/../../../../arm-none-eabi/lib/thumb/v7e-m/fpv4-sp/hard\libc_nano.a
END GROUP
START GROUP
LOAD c:/program files (x86)/gnu tools arm embedded/7 2018-q2-update/bin/../lib/gcc/arm-none-eabi/7.3.1/thumb/v7e-m/fpv4-sp/hard\libgcc.a
LOAD c:/program files (x86)/gnu tools arm embedded/7 2018-q2-update/bin/../lib/gcc/arm-none-eabi/7.3.1/../../../../arm-none-eabi/lib/thumb/v7e-m/fpv4-sp/hard\libc_nano.a
END GROUP
LOAD c:/program files (x86)/gnu tools arm embedded/7 2018-q2-update/bin/../lib/gcc/arm-none-eabi/7.3.1/thumb/v7e-m/fpv4-sp/hard/crtend.o
LOAD c:/program files (x86)/gnu tools arm embedded/7 2018-q2-update/bin/../lib/gcc/arm-none-eabi/7.3.1/thumb/v7e-m/fpv4-sp/hard/crtn.o
START GROUP
LOAD c:/program files (x86)/gnu tools arm embedded/7 2018-q2-update/bin/../lib/gcc/arm-none-eabi/7.3.1/thumb/v7e-m/fpv4-sp/hard\libgcc.a
LOAD c:/program files (x86)/gnu tools arm embedded/7 2018-q2-update/bin/../lib/gcc/arm-none-eabi/7.3.1/../../../../arm-none-eabi/lib/thumb/v7e-m/fpv4-sp/hard\libc.a
LOAD c:/program files (x86)/gnu tools arm embedded/7 2018-q2-update/bin/../lib/gcc/arm-none-eabi/7.3.1/../../../../arm-none-eabi/lib/thumb/v7e-m/fpv4-sp/hard\libnosys.a
END GROUP

.igot.plt       0x200024d8        0x0 load address 0x000292dc
 .igot.plt      0x200024d8        0x0 c:/program files (x86)/gnu tools arm embedded/7 2018-q2-update/bin/../lib/gcc/arm-none-eabi/7.3.1/thumb/v7e-m/fpv4-sp/hard/crtbegin.o
                0x200024d8                . = ALIGN (0x4)

.mem_section_dummy_ram

.log_dynamic_data
                0x200024d8        0x0
                0x200024d8                PROVIDE (__start_log_dynamic_data = .)
 *(SORT_BY_NAME(.log_dynamic_data*))
                [!provide]                PROVIDE (__stop_log_dynamic_data = .)

.log_filter_data
                0x200024d8        0x0
                [!provide]                PROVIDE (__start_log_filter_data = .)
 *(SORT_BY_NAME(.log_filter_data*))
                [!provide]                PROVIDE (__stop_log_filter_data = .)

.cli_sorted_cmd_ptrs
                0x200024d8        0x0
                [!provide]                PROVIDE (__start_cli_sorted_cmd_ptrs = .)
 *(.cli_sorted_cmd_ptrs)
                [!provide]                PROVIDE (__stop_cli_sorted_cmd_ptrs = .)

.bss            0x200024d8      0x640 load address 0x000292dc
                0x200024d8                . = ALIGN (0x4)
                0x200024d8                __bss_start__ = .
 *(.bss*)
 .bss           0x200024d8       0x1c c:/program files (x86)/gnu tools arm embedded/7 2018-q2-update/bin/../lib/gcc/arm-none-eabi/7.3.1/thumb/v7e-m/fpv4-sp/hard/crtbegin.o
 .bss.m_async_mode
                0x200024f4        0x1 _build/nrf52840_xxaa/nrf_log_backend_uart.c.o
 *fill*         0x200024f5        0x3 
 .bss.m_string_buff
                0x200024f8       0x40 _build/nrf52840_xxaa/nrf_log_backend_uart.c.o
 .bss.m_xfer_done
                0x20002538        0x1 _build/nrf52840_xxaa/nrf_log_backend_uart.c.o
 *fill*         0x20002539        0x3 
 .bss.log_mempool_nrf_balloc_cb
                0x2000253c        0x8 _build/nrf52840_xxaa/nrf_log_frontend.c.o
 .bss.log_mempool_nrf_balloc_pool_mem
                0x20002544       0xc0 _build/nrf52840_xxaa/nrf_log_frontend.c.o
 .bss.log_mempool_nrf_balloc_pool_stack
                0x20002604        0x8 _build/nrf52840_xxaa/nrf_log_frontend.c.o
 .bss.m_log_data
                0x2000260c      0x424 _build/nrf52840_xxaa/nrf_log_frontend.c.o
 .bss.m_in_critical_region
                0x20002a30        0x4 _build/nrf52840_xxaa/app_util_platform.c.o
 .bss.m_contexts
                0x20002a34        0x8 _build/nrf52840_xxaa/nrf_drv_twi.c.o
 .bss.m_handlers
                0x20002a3c        0x8 _build/nrf52840_xxaa/nrf_drv_twi.c.o
 .bss.m_contexts
                0x20002a44        0x8 _build/nrf52840_xxaa/nrf_drv_uart.c.o
 .bss.m_handlers
                0x20002a4c        0x8 _build/nrf52840_xxaa/nrf_drv_uart.c.o
 .bss.m_prs_box_4
                0x20002a54        0x8 _build/nrf52840_xxaa/nrfx_prs.c.o
 .bss.m_cb      0x20002a5c       0x68 _build/nrf52840_xxaa/nrfx_twim.c.o
 .bss.m_cb      0x20002ac4       0x2c _build/nrf52840_xxaa/nrfx_uart.c.o
 .bss.m_cb      0x20002af0       0x24 _build/nrf52840_xxaa/nrfx_uarte.c.o
 *(COMMON)
 COMMON         0x20002b14        0x2 _build/nrf52840_xxaa/nrf_drv_uart.c.o
                0x20002b14                nrf_drv_uart_use_easy_dma
                0x20002b18                . = ALIGN (0x4)
 *fill*         0x20002b16        0x2 
                0x20002b18                __bss_end__ = .

.heap           0x20002b18     0x2000
                0x20002b18                __HeapBase = .
                0x20002b18                __end__ = .
                [!provide]                PROVIDE (end = .)
 *(.heap*)
 .heap          0x20002b18     0x2000 _build/nrf52840_xxaa/gcc_startup_nrf52840.S.o
                0x20004b18                __HeapLimit = .

.stack_dummy    0x20002b18     0x2000
 *(.stack*)
 .stack         0x20002b18     0x2000 _build/nrf52840_xxaa/gcc_startup_nrf52840.S.o
                0x20040000                __StackTop = (ORIGIN (RAM) + LENGTH (RAM))
                0x2003e000                __StackLimit = (__StackTop - SIZEOF (.stack_dummy))
                0x20040000                PROVIDE (__stack = __StackTop)
                0x00000001                ASSERT ((__StackLimit >= __HeapLimit), region RAM overflowed with stack)
                0x000001f8                DataInitFlashUsed = (__bss_start__ - __data_start__)
                0x000030e4                CodeFlashUsed = (__etext - ORIGIN (FLASH))
                0x000032dc                TotalFlashUsed = (CodeFlashUsed + DataInitFlashUsed)
                0x00000001                ASSERT ((TotalFlashUsed <= LENGTH (FLASH)), region FLASH overflowed with .data and user data)
OUTPUT(_build/nrf52840_xxaa.out elf32-littlearm)

.ARM.attributes
                0x00000000       0x30
 .ARM.attributes
                0x00000000       0x22 c:/program files (x86)/gnu tools arm embedded/7 2018-q2-update/bin/../lib/gcc/arm-none-eabi/7.3.1/thumb/v7e-m/fpv4-sp/hard/crti.o
 .ARM.attributes
                0x00000022       0x34 c:/program files (x86)/gnu tools arm embedded/7 2018-q2-update/bin/../lib/gcc/arm-none-eabi/7.3.1/thumb/v7e-m/fpv4-sp/hard/crtbegin.o
 .ARM.attributes
                0x00000056       0x20 c:/program files (x86)/gnu tools arm embedded/7 2018-q2-update/bin/../lib/gcc/arm-none-eabi/7.3.1/../../../../arm-none-eabi/lib/thumb/v7e-m/fpv4-sp/hard/crt0.o
 .ARM.attributes
                0x00000076       0x20 _build/nrf52840_xxaa/gcc_startup_nrf52840.S.o
 .ARM.attributes
                0x00000096       0x39 _build/nrf52840_xxaa/nrf_log_backend_serial.c.o
 .ARM.attributes
                0x000000cf       0x39 _build/nrf52840_xxaa/nrf_log_backend_uart.c.o
 .ARM.attributes
                0x00000108       0x39 _build/nrf52840_xxaa/nrf_log_default_backends.c.o
 .ARM.attributes
                0x00000141       0x39 _build/nrf52840_xxaa/nrf_log_frontend.c.o
 .ARM.attributes
                0x0000017a       0x39 _build/nrf52840_xxaa/nrf_log_str_formatter.c.o
 .ARM.attributes
                0x000001b3       0x39 _build/nrf52840_xxaa/app_error.c.o
 .ARM.attributes
                0x000001ec       0x39 _build/nrf52840_xxaa/app_error_weak.c.o
 .ARM.attributes
                0x00000225       0x39 _build/nrf52840_xxaa/app_util_platform.c.o
 .ARM.attributes
                0x0000025e       0x39 _build/nrf52840_xxaa/nrf_atomic.c.o
 .ARM.attributes
                0x00000297       0x39 _build/nrf52840_xxaa/nrf_balloc.c.o
 .ARM.attributes
                0x000002d0       0x39 _build/nrf52840_xxaa/nrf_fprintf.c.o
 .ARM.attributes
                0x00000309       0x39 _build/nrf52840_xxaa/nrf_fprintf_format.c.o
 .ARM.attributes
                0x00000342       0x39 _build/nrf52840_xxaa/nrf_memobj.c.o
 .ARM.attributes
                0x0000037b       0x39 _build/nrf52840_xxaa/nrf_drv_twi.c.o
 .ARM.attributes
                0x000003b4       0x39 _build/nrf52840_xxaa/nrf_drv_uart.c.o
 .ARM.attributes
                0x000003ed       0x39 _build/nrf52840_xxaa/nrfx_prs.c.o
 .ARM.attributes
                0x00000426       0x39 _build/nrf52840_xxaa/nrfx_twim.c.o
 .ARM.attributes
                0x0000045f       0x39 _build/nrf52840_xxaa/nrfx_uart.c.o
 .ARM.attributes
                0x00000498       0x39 _build/nrf52840_xxaa/nrfx_uarte.c.o
 .ARM.attributes
                0x000004d1       0x39 _build/nrf52840_xxaa/main.c.o
 .ARM.attributes
                0x0000050a       0x39 _build/nrf52840_xxaa/system_nrf52840.c.o
 .ARM.attributes
                0x00000543       0x34 c:/program files (x86)/gnu tools arm embedded/7 2018-q2-update/bin/../lib/gcc/arm-none-eabi/7.3.1/../../../../arm-none-eabi/lib/thumb/v7e-m/fpv4-sp/hard\libc_nano.a(lib_a-exit.o)
 .ARM.attributes
                0x00000577       0x34 c:/program files (x86)/gnu tools arm embedded/7 2018-q2-update/bin/../lib/gcc/arm-none-eabi/7.3.1/../../../../arm-none-eabi/lib/thumb/v7e-m/fpv4-sp/hard\libc_nano.a(lib_a-impure.o)
 .ARM.attributes
                0x000005ab       0x34 c:/program files (x86)/gnu tools arm embedded/7 2018-q2-update/bin/../lib/gcc/arm-none-eabi/7.3.1/../../../../arm-none-eabi/lib/thumb/v7e-m/fpv4-sp/hard\libc_nano.a(lib_a-init.o)
 .ARM.attributes
                0x000005df       0x34 c:/program files (x86)/gnu tools arm embedded/7 2018-q2-update/bin/../lib/gcc/arm-none-eabi/7.3.1/../../../../arm-none-eabi/lib/thumb/v7e-m/fpv4-sp/hard\libc_nano.a(lib_a-locale.o)
 .ARM.attributes
                0x00000613       0x34 c:/program files (x86)/gnu tools arm embedded/7 2018-q2-update/bin/../lib/gcc/arm-none-eabi/7.3.1/../../../../arm-none-eabi/lib/thumb/v7e-m/fpv4-sp/hard\libc_nano.a(lib_a-mbtowc_r.o)
 .ARM.attributes
                0x00000647       0x34 c:/program files (x86)/gnu tools arm embedded/7 2018-q2-update/bin/../lib/gcc/arm-none-eabi/7.3.1/../../../../arm-none-eabi/lib/thumb/v7e-m/fpv4-sp/hard\libc_nano.a(lib_a-memcpy-stub.o)
 .ARM.attributes
                0x0000067b       0x34 c:/program files (x86)/gnu tools arm embedded/7 2018-q2-update/bin/../lib/gcc/arm-none-eabi/7.3.1/../../../../arm-none-eabi/lib/thumb/v7e-m/fpv4-sp/hard\libc_nano.a(lib_a-memset.o)
 .ARM.attributes
                0x000006af       0x1b c:/program files (x86)/gnu tools arm embedded/7 2018-q2-update/bin/../lib/gcc/arm-none-eabi/7.3.1/../../../../arm-none-eabi/lib/thumb/v7e-m/fpv4-sp/hard\libc_nano.a(lib_a-strlen.o)
 .ARM.attributes
                0x000006ca       0x34 c:/program files (x86)/gnu tools arm embedded/7 2018-q2-update/bin/../lib/gcc/arm-none-eabi/7.3.1/../../../../arm-none-eabi/lib/thumb/v7e-m/fpv4-sp/hard\libc_nano.a(lib_a-wctomb_r.o)
 .ARM.attributes
                0x000006fe       0x34 c:/program files (x86)/gnu tools arm embedded/7 2018-q2-update/bin/../lib/gcc/arm-none-eabi/7.3.1/../../../../arm-none-eabi/lib/thumb/v7e-m/fpv4-sp/hard\libc_nano.a(lib_a-ctype_.o)
 .ARM.attributes
                0x00000732       0x34 c:/program files (x86)/gnu tools arm embedded/7 2018-q2-update/bin/../lib/gcc/arm-none-eabi/7.3.1/../../../../arm-none-eabi/lib/thumb/v7e-m/fpv4-sp/hard\libnosys.a(_exit.o)
 .ARM.attributes
                0x00000766       0x34 c:/program files (x86)/gnu tools arm embedded/7 2018-q2-update/bin/../lib/gcc/arm-none-eabi/7.3.1/thumb/v7e-m/fpv4-sp/hard/crtend.o
 .ARM.attributes
                0x0000079a       0x22 c:/program files (x86)/gnu tools arm embedded/7 2018-q2-update/bin/../lib/gcc/arm-none-eabi/7.3.1/thumb/v7e-m/fpv4-sp/hard/crtn.o

.comment        0x00000000       0x7f
 .comment       0x00000000       0x7f _build/nrf52840_xxaa/nrf_log_backend_serial.c.o
                                 0x80 (size before relaxing)
 .comment       0x0000007f       0x80 _build/nrf52840_xxaa/nrf_log_backend_uart.c.o
 .comment       0x0000007f       0x80 _build/nrf52840_xxaa/nrf_log_default_backends.c.o
 .comment       0x0000007f       0x80 _build/nrf52840_xxaa/nrf_log_frontend.c.o
 .comment       0x0000007f       0x80 _build/nrf52840_xxaa/nrf_log_str_formatter.c.o
 .comment       0x0000007f       0x80 _build/nrf52840_xxaa/app_error.c.o
 .comment       0x0000007f       0x80 _build/nrf52840_xxaa/app_error_weak.c.o
 .comment       0x0000007f       0x80 _build/nrf52840_xxaa/app_util_platform.c.o
 .comment       0x0000007f       0x80 _build/nrf52840_xxaa/nrf_atomic.c.o
 .comment       0x0000007f       0x80 _build/nrf52840_xxaa/nrf_balloc.c.o
 .comment       0x0000007f       0x80 _build/nrf52840_xxaa/nrf_fprintf.c.o
 .comment       0x0000007f       0x80 _build/nrf52840_xxaa/nrf_fprintf_format.c.o
 .comment       0x0000007f       0x80 _build/nrf52840_xxaa/nrf_memobj.c.o
 .comment       0x0000007f       0x80 _build/nrf52840_xxaa/nrf_drv_twi.c.o
 .comment       0x0000007f       0x80 _build/nrf52840_xxaa/nrf_drv_uart.c.o
 .comment       0x0000007f       0x80 _build/nrf52840_xxaa/nrfx_prs.c.o
 .comment       0x0000007f       0x80 _build/nrf52840_xxaa/nrfx_twim.c.o
 .comment       0x0000007f       0x80 _build/nrf52840_xxaa/nrfx_uart.c.o
 .comment       0x0000007f       0x80 _build/nrf52840_xxaa/nrfx_uarte.c.o
 .comment       0x0000007f       0x80 _build/nrf52840_xxaa/main.c.o
 .comment       0x0000007f       0x80 _build/nrf52840_xxaa/system_nrf52840.c.o

.debug_line     0x00000000     0xc12e
 .debug_line    0x00000000       0x89 _build/nrf52840_xxaa/gcc_startup_nrf52840.S.o
 .debug_line    0x00000089      0x800 _build/nrf52840_xxaa/nrf_log_backend_serial.c.o
 .debug_line    0x00000889      0xa7b _build/nrf52840_xxaa/nrf_log_backend_uart.c.o
 .debug_line    0x00001304      0x77e _build/nrf52840_xxaa/nrf_log_default_backends.c.o
 .debug_line    0x00001a82      0xea3 _build/nrf52840_xxaa/nrf_log_frontend.c.o
 .debug_line    0x00002925      0x873 _build/nrf52840_xxaa/nrf_log_str_formatter.c.o
 .debug_line    0x00003198      0x50f _build/nrf52840_xxaa/app_error.c.o
 .debug_line    0x000036a7      0x7d3 _build/nrf52840_xxaa/app_error_weak.c.o
 .debug_line    0x00003e7a      0x5ae _build/nrf52840_xxaa/app_util_platform.c.o
 .debug_line    0x00004428      0x6c0 _build/nrf52840_xxaa/nrf_atomic.c.o
 .debug_line    0x00004ae8      0x749 _build/nrf52840_xxaa/nrf_balloc.c.o
 .debug_line    0x00005231      0x559 _build/nrf52840_xxaa/nrf_fprintf.c.o
 .debug_line    0x0000578a      0x769 _build/nrf52840_xxaa/nrf_fprintf_format.c.o
 .debug_line    0x00005ef3      0x82d _build/nrf52840_xxaa/nrf_memobj.c.o
 .debug_line    0x00006720      0x909 _build/nrf52840_xxaa/nrf_drv_twi.c.o
 .debug_line    0x00007029      0x7d2 _build/nrf52840_xxaa/nrf_drv_uart.c.o
 .debug_line    0x000077fb      0x8c9 _build/nrf52840_xxaa/nrfx_prs.c.o
 .debug_line    0x000080c4     0x12b0 _build/nrf52840_xxaa/nrfx_twim.c.o
 .debug_line    0x00009374      0xffd _build/nrf52840_xxaa/nrfx_uart.c.o
 .debug_line    0x0000a371      0xf25 _build/nrf52840_xxaa/nrfx_uarte.c.o
 .debug_line    0x0000b296      0xa83 _build/nrf52840_xxaa/main.c.o
 .debug_line    0x0000bd19      0x415 _build/nrf52840_xxaa/system_nrf52840.c.o

.debug_info     0x00000000    0x21d1c
 .debug_info    0x00000000       0x26 _build/nrf52840_xxaa/gcc_startup_nrf52840.S.o
 .debug_info    0x00000026     0x10d4 _build/nrf52840_xxaa/nrf_log_backend_serial.c.o
 .debug_info    0x000010fa     0x1a9f _build/nrf52840_xxaa/nrf_log_backend_uart.c.o
 .debug_info    0x00002b99      0xc7b _build/nrf52840_xxaa/nrf_log_default_backends.c.o
 .debug_info    0x00003814     0x3848 _build/nrf52840_xxaa/nrf_log_frontend.c.o
 .debug_info    0x0000705c     0x132f _build/nrf52840_xxaa/nrf_log_str_formatter.c.o
 .debug_info    0x0000838b      0xaeb _build/nrf52840_xxaa/app_error.c.o
 .debug_info    0x00008e76      0xecd _build/nrf52840_xxaa/app_error_weak.c.o
 .debug_info    0x00009d43      0xfca _build/nrf52840_xxaa/app_util_platform.c.o
 .debug_info    0x0000ad0d     0x122a _build/nrf52840_xxaa/nrf_atomic.c.o
 .debug_info    0x0000bf37      0xd20 _build/nrf52840_xxaa/nrf_balloc.c.o
 .debug_info    0x0000cc57      0xaa8 _build/nrf52840_xxaa/nrf_fprintf.c.o
 .debug_info    0x0000d6ff     0x132f _build/nrf52840_xxaa/nrf_fprintf_format.c.o
 .debug_info    0x0000ea2e     0x1320 _build/nrf52840_xxaa/nrf_memobj.c.o
 .debug_info    0x0000fd4e     0x1ce4 _build/nrf52840_xxaa/nrf_drv_twi.c.o
 .debug_info    0x00011a32     0x192e _build/nrf52840_xxaa/nrf_drv_uart.c.o
 .debug_info    0x00013360     0x1080 _build/nrf52840_xxaa/nrfx_prs.c.o
 .debug_info    0x000143e0     0x3fa6 _build/nrf52840_xxaa/nrfx_twim.c.o
 .debug_info    0x00018386     0x3948 _build/nrf52840_xxaa/nrfx_uart.c.o
 .debug_info    0x0001bcce     0x365a _build/nrf52840_xxaa/nrfx_uarte.c.o
 .debug_info    0x0001f328     0x168a _build/nrf52840_xxaa/main.c.o
 .debug_info    0x000209b2     0x136a _build/nrf52840_xxaa/system_nrf52840.c.o

.debug_abbrev   0x00000000     0x4519
 .debug_abbrev  0x00000000       0x14 _build/nrf52840_xxaa/gcc_startup_nrf52840.S.o
 .debug_abbrev  0x00000014      0x27f _build/nrf52840_xxaa/nrf_log_backend_serial.c.o
 .debug_abbrev  0x00000293      0x3ca _build/nrf52840_xxaa/nrf_log_backend_uart.c.o
 .debug_abbrev  0x0000065d      0x256 _build/nrf52840_xxaa/nrf_log_default_backends.c.o
 .debug_abbrev  0x000008b3      0x598 _build/nrf52840_xxaa/nrf_log_frontend.c.o
 .debug_abbrev  0x00000e4b      0x2ba _build/nrf52840_xxaa/nrf_log_str_formatter.c.o
 .debug_abbrev  0x00001105      0x235 _build/nrf52840_xxaa/app_error.c.o
 .debug_abbrev  0x0000133a      0x298 _build/nrf52840_xxaa/app_error_weak.c.o
 .debug_abbrev  0x000015d2      0x326 _build/nrf52840_xxaa/app_util_platform.c.o
 .debug_abbrev  0x000018f8      0x31f _build/nrf52840_xxaa/nrf_atomic.c.o
 .debug_abbrev  0x00001c17      0x2f1 _build/nrf52840_xxaa/nrf_balloc.c.o
 .debug_abbrev  0x00001f08      0x239 _build/nrf52840_xxaa/nrf_fprintf.c.o
 .debug_abbrev  0x00002141      0x347 _build/nrf52840_xxaa/nrf_fprintf_format.c.o
 .debug_abbrev  0x00002488      0x350 _build/nrf52840_xxaa/nrf_memobj.c.o
 .debug_abbrev  0x000027d8      0x3f4 _build/nrf52840_xxaa/nrf_drv_twi.c.o
 .debug_abbrev  0x00002bcc      0x298 _build/nrf52840_xxaa/nrf_drv_uart.c.o
 .debug_abbrev  0x00002e64      0x305 _build/nrf52840_xxaa/nrfx_prs.c.o
 .debug_abbrev  0x00003169      0x4ef _build/nrf52840_xxaa/nrfx_twim.c.o
 .debug_abbrev  0x00003658      0x4fe _build/nrf52840_xxaa/nrfx_uart.c.o
 .debug_abbrev  0x00003b56      0x4c8 _build/nrf52840_xxaa/nrfx_uarte.c.o
 .debug_abbrev  0x0000401e      0x310 _build/nrf52840_xxaa/main.c.o
 .debug_abbrev  0x0000432e      0x1eb _build/nrf52840_xxaa/system_nrf52840.c.o

.debug_aranges  0x00000000      0x5e0
 .debug_aranges
                0x00000000       0x20 _build/nrf52840_xxaa/gcc_startup_nrf52840.S.o
 .debug_aranges
                0x00000020       0x20 _build/nrf52840_xxaa/nrf_log_backend_serial.c.o
 .debug_aranges
                0x00000040       0x48 _build/nrf52840_xxaa/nrf_log_backend_uart.c.o
 .debug_aranges
                0x00000088       0x20 _build/nrf52840_xxaa/nrf_log_default_backends.c.o
 .debug_aranges
                0x000000a8       0xc8 _build/nrf52840_xxaa/nrf_log_frontend.c.o
 .debug_aranges
                0x00000170       0x30 _build/nrf52840_xxaa/nrf_log_str_formatter.c.o
 .debug_aranges
                0x000001a0       0x28 _build/nrf52840_xxaa/app_error.c.o
 .debug_aranges
                0x000001c8       0x20 _build/nrf52840_xxaa/app_error_weak.c.o
 .debug_aranges
                0x000001e8       0x48 _build/nrf52840_xxaa/app_util_platform.c.o
 .debug_aranges
                0x00000230       0xb0 _build/nrf52840_xxaa/nrf_atomic.c.o
 .debug_aranges
                0x000002e0       0x30 _build/nrf52840_xxaa/nrf_balloc.c.o
 .debug_aranges
                0x00000310       0x28 _build/nrf52840_xxaa/nrf_fprintf.c.o
 .debug_aranges
                0x00000338       0x28 _build/nrf52840_xxaa/nrf_fprintf_format.c.o
 .debug_aranges
                0x00000360       0x50 _build/nrf52840_xxaa/nrf_memobj.c.o
 .debug_aranges
                0x000003b0       0x28 _build/nrf52840_xxaa/nrf_drv_twi.c.o
 .debug_aranges
                0x000003d8       0x30 _build/nrf52840_xxaa/nrf_drv_uart.c.o
 .debug_aranges
                0x00000408       0x30 _build/nrf52840_xxaa/nrfx_prs.c.o
 .debug_aranges
                0x00000438       0x78 _build/nrf52840_xxaa/nrfx_twim.c.o
 .debug_aranges
                0x000004b0       0x78 _build/nrf52840_xxaa/nrfx_uart.c.o
 .debug_aranges
                0x00000528       0x68 _build/nrf52840_xxaa/nrfx_uarte.c.o
 .debug_aranges
                0x00000590       0x28 _build/nrf52840_xxaa/main.c.o
 .debug_aranges
                0x000005b8       0x28 _build/nrf52840_xxaa/system_nrf52840.c.o

.debug_str      0x00000000    0x91521
 .debug_str     0x00000000       0xb3 _build/nrf52840_xxaa/gcc_startup_nrf52840.S.o
 .debug_str     0x000000b3    0x84a4b _build/nrf52840_xxaa/nrf_log_backend_serial.c.o
                              0x85f2a (size before relaxing)
 .debug_str     0x00084afe     0x44cd _build/nrf52840_xxaa/nrf_log_backend_uart.c.o
                              0x89f3c (size before relaxing)
 .debug_str     0x00088fcb      0x11c _build/nrf52840_xxaa/nrf_log_default_backends.c.o
                              0x85ce1 (size before relaxing)
 .debug_str     0x000890e7     0x1371 _build/nrf52840_xxaa/nrf_log_frontend.c.o
                              0x8718c (size before relaxing)
 .debug_str     0x0008a458      0x6a4 _build/nrf52840_xxaa/nrf_log_str_formatter.c.o
                              0x86442 (size before relaxing)
 .debug_str     0x0008aafc       0xf4 _build/nrf52840_xxaa/app_error.c.o
                              0x77e74 (size before relaxing)
 .debug_str     0x0008abf0       0xd9 _build/nrf52840_xxaa/app_error_weak.c.o
                              0x863aa (size before relaxing)
 .debug_str     0x0008acc9      0x3ec _build/nrf52840_xxaa/app_util_platform.c.o
                              0x786ab (size before relaxing)
 .debug_str     0x0008b0b5      0x6b9 _build/nrf52840_xxaa/nrf_atomic.c.o
                              0x81deb (size before relaxing)
 .debug_str     0x0008b76e      0x164 _build/nrf52840_xxaa/nrf_balloc.c.o
                              0x85d3a (size before relaxing)
 .debug_str     0x0008b8d2      0x144 _build/nrf52840_xxaa/nrf_fprintf.c.o
                              0x81a44 (size before relaxing)
 .debug_str     0x0008ba16      0x11d _build/nrf52840_xxaa/nrf_fprintf_format.c.o
                              0x81b39 (size before relaxing)
 .debug_str     0x0008bb33      0x1ac _build/nrf52840_xxaa/nrf_memobj.c.o
                              0x840fe (size before relaxing)
 .debug_str     0x0008bcdf     0x1b5e _build/nrf52840_xxaa/nrf_drv_twi.c.o
                              0x87015 (size before relaxing)
 .debug_str     0x0008d83d      0x451 _build/nrf52840_xxaa/nrf_drv_uart.c.o
                              0x86763 (size before relaxing)
 .debug_str     0x0008dc8e      0x63d _build/nrf52840_xxaa/nrfx_prs.c.o
                              0x88983 (size before relaxing)
 .debug_str     0x0008e2cb     0x111b _build/nrf52840_xxaa/nrfx_twim.c.o
                              0x8a450 (size before relaxing)
 .debug_str     0x0008f3e6      0x6cd _build/nrf52840_xxaa/nrfx_uart.c.o
                              0x89b6b (size before relaxing)
 .debug_str     0x0008fab3      0x952 _build/nrf52840_xxaa/nrfx_uarte.c.o
                              0x8a00b (size before relaxing)
 .debug_str     0x00090405      0xb6d _build/nrf52840_xxaa/main.c.o
                              0x8b674 (size before relaxing)
 .debug_str     0x00090f72      0x5af _build/nrf52840_xxaa/system_nrf52840.c.o
                              0x73b5a (size before relaxing)

.debug_loc      0x00000000     0xb152
 .debug_loc     0x00000000      0x160 _build/nrf52840_xxaa/nrf_log_backend_serial.c.o
 .debug_loc     0x00000160      0x227 _build/nrf52840_xxaa/nrf_log_backend_uart.c.o
 .debug_loc     0x00000387       0x15 _build/nrf52840_xxaa/nrf_log_default_backends.c.o
 .debug_loc     0x0000039c     0x27e7 _build/nrf52840_xxaa/nrf_log_frontend.c.o
 .debug_loc     0x00002b83      0x42f _build/nrf52840_xxaa/nrf_log_str_formatter.c.o
 .debug_loc     0x00002fb2       0xca _build/nrf52840_xxaa/app_error.c.o
 .debug_loc     0x0000307c       0x63 _build/nrf52840_xxaa/app_error_weak.c.o
 .debug_loc     0x000030df       0xc3 _build/nrf52840_xxaa/app_util_platform.c.o
 .debug_loc     0x000031a2      0x35c _build/nrf52840_xxaa/nrf_atomic.c.o
 .debug_loc     0x000034fe      0x21b _build/nrf52840_xxaa/nrf_balloc.c.o
 .debug_loc     0x00003719       0x4a _build/nrf52840_xxaa/nrf_fprintf.c.o
 .debug_loc     0x00003763     0x1169 _build/nrf52840_xxaa/nrf_fprintf_format.c.o
 .debug_loc     0x000048cc      0xb27 _build/nrf52840_xxaa/nrf_memobj.c.o
 .debug_loc     0x000053f3      0x50f _build/nrf52840_xxaa/nrf_drv_twi.c.o
 .debug_loc     0x00005902      0x1ae _build/nrf52840_xxaa/nrf_drv_uart.c.o
 .debug_loc     0x00005ab0       0xc6 _build/nrf52840_xxaa/nrfx_prs.c.o
 .debug_loc     0x00005b76     0x2540 _build/nrf52840_xxaa/nrfx_twim.c.o
 .debug_loc     0x000080b6     0x1a55 _build/nrf52840_xxaa/nrfx_uart.c.o
 .debug_loc     0x00009b0b     0x1572 _build/nrf52840_xxaa/nrfx_uarte.c.o
 .debug_loc     0x0000b07d       0xd5 _build/nrf52840_xxaa/main.c.o

.debug_ranges   0x00000000     0x2258
 .debug_ranges  0x00000000       0x28 _build/nrf52840_xxaa/nrf_log_backend_serial.c.o
 .debug_ranges  0x00000028       0xb0 _build/nrf52840_xxaa/nrf_log_backend_uart.c.o
 .debug_ranges  0x000000d8       0x10 _build/nrf52840_xxaa/nrf_log_default_backends.c.o
 .debug_ranges  0x000000e8      0x860 _build/nrf52840_xxaa/nrf_log_frontend.c.o
 .debug_ranges  0x00000948       0xb8 _build/nrf52840_xxaa/nrf_log_str_formatter.c.o
 .debug_ranges  0x00000a00       0x18 _build/nrf52840_xxaa/app_error.c.o
 .debug_ranges  0x00000a18       0x10 _build/nrf52840_xxaa/app_error_weak.c.o
 .debug_ranges  0x00000a28       0x50 _build/nrf52840_xxaa/app_util_platform.c.o
 .debug_ranges  0x00000a78       0xb8 _build/nrf52840_xxaa/nrf_atomic.c.o
 .debug_ranges  0x00000b30       0x38 _build/nrf52840_xxaa/nrf_balloc.c.o
 .debug_ranges  0x00000b68       0x18 _build/nrf52840_xxaa/nrf_fprintf.c.o
 .debug_ranges  0x00000b80      0x310 _build/nrf52840_xxaa/nrf_fprintf_format.c.o
 .debug_ranges  0x00000e90       0xb0 _build/nrf52840_xxaa/nrf_memobj.c.o
 .debug_ranges  0x00000f40      0x170 _build/nrf52840_xxaa/nrf_drv_twi.c.o
 .debug_ranges  0x000010b0       0x20 _build/nrf52840_xxaa/nrf_drv_uart.c.o
 .debug_ranges  0x000010d0       0x38 _build/nrf52840_xxaa/nrfx_prs.c.o
 .debug_ranges  0x00001108      0x790 _build/nrf52840_xxaa/nrfx_twim.c.o
 .debug_ranges  0x00001898      0x4e8 _build/nrf52840_xxaa/nrfx_uart.c.o
 .debug_ranges  0x00001d80      0x458 _build/nrf52840_xxaa/nrfx_uarte.c.o
 .debug_ranges  0x000021d8       0x40 _build/nrf52840_xxaa/main.c.o
 .debug_ranges  0x00002218       0x40 _build/nrf52840_xxaa/system_nrf52840.c.o

.debug_macro    0x00000000     0x5fac
 .debug_macro   0x00000000      0x371 _build/nrf52840_xxaa/nrf_log_backend_serial.c.o
 .debug_macro   0x00000371       0x16 _build/nrf52840_xxaa/nrf_log_backend_serial.c.o
 .debug_macro   0x00000387       0x22 _build/nrf52840_xxaa/nrf_log_backend_serial.c.o
 .debug_macro   0x000003a9       0x1c _build/nrf52840_xxaa/nrf_log_backend_serial.c.o
 .debug_macro   0x000003c5       0x10 _build/nrf52840_xxaa/nrf_log_backend_serial.c.o
 .debug_macro   0x000003d5       0x10 _build/nrf52840_xxaa/nrf_log_backend_serial.c.o
 .debug_macro   0x000003e5       0xb6 _build/nrf52840_xxaa/nrf_log_backend_serial.c.o
 .debug_macro   0x0000049b       0x16 _build/nrf52840_xxaa/nrf_log_backend_serial.c.o
 .debug_macro   0x000004b1      0x129 _build/nrf52840_xxaa/nrf_log_backend_serial.c.o
 .debug_macro   0x000005da       0x49 _build/nrf52840_xxaa/nrf_log_backend_serial.c.o
 .debug_macro   0x00000623       0x8c _build/nrf52840_xxaa/nrf_log_backend_serial.c.o
 .debug_macro   0x000006af       0x31 _build/nrf52840_xxaa/nrf_log_backend_serial.c.o
 .debug_macro   0x000006e0       0x55 _build/nrf52840_xxaa/nrf_log_backend_serial.c.o
 .debug_macro   0x00000735       0x98 _build/nrf52840_xxaa/nrf_log_backend_serial.c.o
 .debug_macro   0x000007cd       0x10 _build/nrf52840_xxaa/nrf_log_backend_serial.c.o
 .debug_macro   0x000007dd       0x1d _build/nrf52840_xxaa/nrf_log_backend_serial.c.o
 .debug_macro   0x000007fa       0x2e _build/nrf52840_xxaa/nrf_log_backend_serial.c.o
 .debug_macro   0x00000828       0x1c _build/nrf52840_xxaa/nrf_log_backend_serial.c.o
 .debug_macro   0x00000844      0x185 _build/nrf52840_xxaa/nrf_log_backend_serial.c.o
 .debug_macro   0x000009c9      0x454 _build/nrf52840_xxaa/nrf_log_backend_uart.c.o
 .debug_macro   0x00000e1d      0x429 _build/nrf52840_xxaa/nrf_log_backend_uart.c.o
 .debug_macro   0x00001246       0x52 _build/nrf52840_xxaa/nrf_log_backend_uart.c.o
 .debug_macro   0x00001298      0x25d _build/nrf52840_xxaa/nrf_log_backend_uart.c.o
 .debug_macro   0x000014f5      0x148 _build/nrf52840_xxaa/nrf_log_backend_uart.c.o
 .debug_macro   0x0000163d       0x5a _build/nrf52840_xxaa/nrf_log_backend_uart.c.o
 .debug_macro   0x00001697       0x1d _build/nrf52840_xxaa/nrf_log_backend_uart.c.o
 .debug_macro   0x000016b4       0xac _build/nrf52840_xxaa/nrf_log_backend_uart.c.o
 .debug_macro   0x00001760       0x64 _build/nrf52840_xxaa/nrf_log_backend_uart.c.o
 .debug_macro   0x000017c4       0x20 _build/nrf52840_xxaa/nrf_log_backend_uart.c.o
 .debug_macro   0x000017e4       0x10 _build/nrf52840_xxaa/nrf_log_backend_uart.c.o
 .debug_macro   0x000017f4       0x10 _build/nrf52840_xxaa/nrf_log_backend_uart.c.o
 .debug_macro   0x00001804       0x10 _build/nrf52840_xxaa/nrf_log_backend_uart.c.o
 .debug_macro   0x00001814       0x10 _build/nrf52840_xxaa/nrf_log_backend_uart.c.o
 .debug_macro   0x00001824       0x10 _build/nrf52840_xxaa/nrf_log_backend_uart.c.o
 .debug_macro   0x00001834       0x3f _build/nrf52840_xxaa/nrf_log_backend_uart.c.o
 .debug_macro   0x00001873      0x362 _build/nrf52840_xxaa/nrf_log_default_backends.c.o
 .debug_macro   0x00001bd5       0x10 _build/nrf52840_xxaa/nrf_log_default_backends.c.o
 .debug_macro   0x00001be5      0x3e3 _build/nrf52840_xxaa/nrf_log_frontend.c.o
 .debug_macro   0x00001fc8       0x16 _build/nrf52840_xxaa/nrf_log_frontend.c.o
 .debug_macro   0x00001fde       0x9a _build/nrf52840_xxaa/nrf_log_frontend.c.o
 .debug_macro   0x00002078       0x9e _build/nrf52840_xxaa/nrf_log_frontend.c.o
 .debug_macro   0x00002116      0x3b3 _build/nrf52840_xxaa/nrf_log_str_formatter.c.o
 .debug_macro   0x000024c9       0x9c _build/nrf52840_xxaa/nrf_log_str_formatter.c.o
 .debug_macro   0x00002565      0x21f _build/nrf52840_xxaa/app_error.c.o
 .debug_macro   0x00002784       0x35 _build/nrf52840_xxaa/app_error.c.o
 .debug_macro   0x000027b9       0x97 _build/nrf52840_xxaa/app_error.c.o
 .debug_macro   0x00002850       0xf6 _build/nrf52840_xxaa/app_error.c.o
 .debug_macro   0x00002946      0x361 _build/nrf52840_xxaa/app_error_weak.c.o
 .debug_macro   0x00002ca7       0x16 _build/nrf52840_xxaa/app_error_weak.c.o
 .debug_macro   0x00002cbd       0x92 _build/nrf52840_xxaa/app_error_weak.c.o
 .debug_macro   0x00002d4f      0x235 _build/nrf52840_xxaa/app_util_platform.c.o
 .debug_macro   0x00002f84      0x223 _build/nrf52840_xxaa/nrf_atomic.c.o
 .debug_macro   0x000031a7       0x42 _build/nrf52840_xxaa/nrf_atomic.c.o
 .debug_macro   0x000031e9      0x326 _build/nrf52840_xxaa/nrf_balloc.c.o
 .debug_macro   0x0000350f       0x10 _build/nrf52840_xxaa/nrf_balloc.c.o
 .debug_macro   0x0000351f      0x22f _build/nrf52840_xxaa/nrf_fprintf.c.o
 .debug_macro   0x0000374e       0x58 _build/nrf52840_xxaa/nrf_fprintf.c.o
 .debug_macro   0x000037a6      0x241 _build/nrf52840_xxaa/nrf_fprintf_format.c.o
 .debug_macro   0x000039e7      0x309 _build/nrf52840_xxaa/nrf_memobj.c.o
 .debug_macro   0x00003cf0      0x10e _build/nrf52840_xxaa/nrf_memobj.c.o
 .debug_macro   0x00003dfe       0x86 _build/nrf52840_xxaa/nrf_memobj.c.o
 .debug_macro   0x00003e84       0x54 _build/nrf52840_xxaa/nrf_memobj.c.o
 .debug_macro   0x00003ed8      0x390 _build/nrf52840_xxaa/nrf_drv_twi.c.o
 .debug_macro   0x00004268       0x50 _build/nrf52840_xxaa/nrf_drv_twi.c.o
 .debug_macro   0x000042b8       0x38 _build/nrf52840_xxaa/nrf_drv_twi.c.o
 .debug_macro   0x000042f0       0x7f _build/nrf52840_xxaa/nrf_drv_twi.c.o
 .debug_macro   0x0000436f       0x10 _build/nrf52840_xxaa/nrf_drv_twi.c.o
 .debug_macro   0x0000437f       0x1c _build/nrf52840_xxaa/nrf_drv_twi.c.o
 .debug_macro   0x0000439b      0x363 _build/nrf52840_xxaa/nrf_drv_uart.c.o
 .debug_macro   0x000046fe      0x3d0 _build/nrf52840_xxaa/nrfx_prs.c.o
 .debug_macro   0x00004ace       0x28 _build/nrf52840_xxaa/nrfx_prs.c.o
 .debug_macro   0x00004af6       0x1c _build/nrf52840_xxaa/nrfx_prs.c.o
 .debug_macro   0x00004b12       0x37 _build/nrf52840_xxaa/nrfx_prs.c.o
 .debug_macro   0x00004b49      0x17f _build/nrf52840_xxaa/nrfx_prs.c.o
 .debug_macro   0x00004cc8       0x42 _build/nrf52840_xxaa/nrfx_prs.c.o
 .debug_macro   0x00004d0a      0x41c _build/nrf52840_xxaa/nrfx_twim.c.o
 .debug_macro   0x00005126      0x3eb _build/nrf52840_xxaa/nrfx_uart.c.o
 .debug_macro   0x00005511      0x409 _build/nrf52840_xxaa/nrfx_uarte.c.o
 .debug_macro   0x0000591a      0x486 _build/nrf52840_xxaa/main.c.o
 .debug_macro   0x00005da0       0x58 _build/nrf52840_xxaa/main.c.o
 .debug_macro   0x00005df8       0x5c _build/nrf52840_xxaa/main.c.o
 .debug_macro   0x00005e54       0x57 _build/nrf52840_xxaa/main.c.o
 .debug_macro   0x00005eab       0x10 _build/nrf52840_xxaa/main.c.o
 .debug_macro   0x00005ebb       0xf1 _build/nrf52840_xxaa/system_nrf52840.c.o

.debug_frame    0x00000000     0x11a0
 .debug_frame   0x00000000       0x40 _build/nrf52840_xxaa/nrf_log_backend_serial.c.o
 .debug_frame   0x00000040       0xb0 _build/nrf52840_xxaa/nrf_log_backend_uart.c.o
 .debug_frame   0x000000f0       0x28 _build/nrf52840_xxaa/nrf_log_default_backends.c.o
 .debug_frame   0x00000118      0x300 _build/nrf52840_xxaa/nrf_log_frontend.c.o
 .debug_frame   0x00000418       0x7c _build/nrf52840_xxaa/nrf_log_str_formatter.c.o
 .debug_frame   0x00000494       0x54 _build/nrf52840_xxaa/app_error.c.o
 .debug_frame   0x000004e8       0x28 _build/nrf52840_xxaa/app_error_weak.c.o
 .debug_frame   0x00000510       0x70 _build/nrf52840_xxaa/app_util_platform.c.o
 .debug_frame   0x00000580      0x150 _build/nrf52840_xxaa/nrf_atomic.c.o
 .debug_frame   0x000006d0       0x6c _build/nrf52840_xxaa/nrf_balloc.c.o
 .debug_frame   0x0000073c       0x5c _build/nrf52840_xxaa/nrf_fprintf.c.o
 .debug_frame   0x00000798       0xa8 _build/nrf52840_xxaa/nrf_fprintf_format.c.o
 .debug_frame   0x00000840       0xd8 _build/nrf52840_xxaa/nrf_memobj.c.o
 .debug_frame   0x00000918       0x6c _build/nrf52840_xxaa/nrf_drv_twi.c.o
 .debug_frame   0x00000984       0x80 _build/nrf52840_xxaa/nrf_drv_uart.c.o
 .debug_frame   0x00000a04       0x4c _build/nrf52840_xxaa/nrfx_prs.c.o
 .debug_frame   0x00000a50      0x1ec _build/nrf52840_xxaa/nrfx_twim.c.o
 .debug_frame   0x00000c3c      0x198 _build/nrf52840_xxaa/nrfx_uart.c.o
 .debug_frame   0x00000dd4      0x194 _build/nrf52840_xxaa/nrfx_uarte.c.o
 .debug_frame   0x00000f68       0x50 _build/nrf52840_xxaa/main.c.o
 .debug_frame   0x00000fb8       0x40 _build/nrf52840_xxaa/system_nrf52840.c.o
 .debug_frame   0x00000ff8       0x28 c:/program files (x86)/gnu tools arm embedded/7 2018-q2-update/bin/../lib/gcc/arm-none-eabi/7.3.1/../../../../arm-none-eabi/lib/thumb/v7e-m/fpv4-sp/hard\libc_nano.a(lib_a-exit.o)
 .debug_frame   0x00001020       0x2c c:/program files (x86)/gnu tools arm embedded/7 2018-q2-update/bin/../lib/gcc/arm-none-eabi/7.3.1/../../../../arm-none-eabi/lib/thumb/v7e-m/fpv4-sp/hard\libc_nano.a(lib_a-init.o)
 .debug_frame   0x0000104c       0x68 c:/program files (x86)/gnu tools arm embedded/7 2018-q2-update/bin/../lib/gcc/arm-none-eabi/7.3.1/../../../../arm-none-eabi/lib/thumb/v7e-m/fpv4-sp/hard\libc_nano.a(lib_a-locale.o)
 .debug_frame   0x000010b4       0x48 c:/program files (x86)/gnu tools arm embedded/7 2018-q2-update/bin/../lib/gcc/arm-none-eabi/7.3.1/../../../../arm-none-eabi/lib/thumb/v7e-m/fpv4-sp/hard\libc_nano.a(lib_a-mbtowc_r.o)
 .debug_frame   0x000010fc       0x28 c:/program files (x86)/gnu tools arm embedded/7 2018-q2-update/bin/../lib/gcc/arm-none-eabi/7.3.1/../../../../arm-none-eabi/lib/thumb/v7e-m/fpv4-sp/hard\libc_nano.a(lib_a-memcpy-stub.o)
 .debug_frame   0x00001124       0x20 c:/program files (x86)/gnu tools arm embedded/7 2018-q2-update/bin/../lib/gcc/arm-none-eabi/7.3.1/../../../../arm-none-eabi/lib/thumb/v7e-m/fpv4-sp/hard\libc_nano.a(lib_a-memset.o)
 .debug_frame   0x00001144       0x3c c:/program files (x86)/gnu tools arm embedded/7 2018-q2-update/bin/../lib/gcc/arm-none-eabi/7.3.1/../../../../arm-none-eabi/lib/thumb/v7e-m/fpv4-sp/hard\libc_nano.a(lib_a-wctomb_r.o)
 .debug_frame   0x00001180       0x20 c:/program files (x86)/gnu tools arm embedded/7 2018-q2-update/bin/../lib/gcc/arm-none-eabi/7.3.1/../../../../arm-none-eabi/lib/thumb/v7e-m/fpv4-sp/hard\libnosys.a(_exit.o)
