Archive member included to satisfy reference by file (symbol)

c:/program files (x86)/gnu tools arm embedded/7 2018-q2-update/bin/../lib/gcc/arm-none-eabi/7.3.1/../../../../arm-none-eabi/lib/thumb/v7e-m/fpv4-sp/hard\libc_nano.a(lib_a-exit.o)
                              c:/program files (x86)/gnu tools arm embedded/7 2018-q2-update/bin/../lib/gcc/arm-none-eabi/7.3.1/../../../../arm-none-eabi/lib/thumb/v7e-m/fpv4-sp/hard/crt0.o (exit)
c:/program files (x86)/gnu tools arm embedded/7 2018-q2-update/bin/../lib/gcc/arm-none-eabi/7.3.1/../../../../arm-none-eabi/lib/thumb/v7e-m/fpv4-sp/hard\libc_nano.a(lib_a-impure.o)
                              c:/program files (x86)/gnu tools arm embedded/7 2018-q2-update/bin/../lib/gcc/arm-none-eabi/7.3.1/../../../../arm-none-eabi/lib/thumb/v7e-m/fpv4-sp/hard\libc_nano.a(lib_a-exit.o) (_global_impure_ptr)
c:/program files (x86)/gnu tools arm embedded/7 2018-q2-update/bin/../lib/gcc/arm-none-eabi/7.3.1/../../../../arm-none-eabi/lib/thumb/v7e-m/fpv4-sp/hard\libc_nano.a(lib_a-init.o)
                              c:/program files (x86)/gnu tools arm embedded/7 2018-q2-update/bin/../lib/gcc/arm-none-eabi/7.3.1/../../../../arm-none-eabi/lib/thumb/v7e-m/fpv4-sp/hard/crt0.o (__libc_init_array)
c:/program files (x86)/gnu tools arm embedded/7 2018-q2-update/bin/../lib/gcc/arm-none-eabi/7.3.1/../../../../arm-none-eabi/lib/thumb/v7e-m/fpv4-sp/hard\libc_nano.a(lib_a-locale.o)
                              _build/nrf52840_xxaa/nrf_log_str_formatter.c.o (__locale_ctype_ptr)
c:/program files (x86)/gnu tools arm embedded/7 2018-q2-update/bin/../lib/gcc/arm-none-eabi/7.3.1/../../../../arm-none-eabi/lib/thumb/v7e-m/fpv4-sp/hard\libc_nano.a(lib_a-mbtowc_r.o)
                              c:/program files (x86)/gnu tools arm embedded/7 2018-q2-update/bin/../lib/gcc/arm-none-eabi/7.3.1/../../../../arm-none-eabi/lib/thumb/v7e-m/fpv4-sp/hard\libc_nano.a(lib_a-locale.o) (__ascii_mbtowc)
c:/program files (x86)/gnu tools arm embedded/7 2018-q2-update/bin/../lib/gcc/arm-none-eabi/7.3.1/../../../../arm-none-eabi/lib/thumb/v7e-m/fpv4-sp/hard\libc_nano.a(lib_a-memcpy-stub.o)
                              _build/nrf52840_xxaa/nrf_log_frontend.c.o (memcpy)
c:/program files (x86)/gnu tools arm embedded/7 2018-q2-update/bin/../lib/gcc/arm-none-eabi/7.3.1/../../../../arm-none-eabi/lib/thumb/v7e-m/fpv4-sp/hard\libc_nano.a(lib_a-memset.o)
                              c:/program files (x86)/gnu tools arm embedded/7 2018-q2-update/bin/../lib/gcc/arm-none-eabi/7.3.1/../../../../arm-none-eabi/lib/thumb/v7e-m/fpv4-sp/hard/crt0.o (memset)
c:/program files (x86)/gnu tools arm embedded/7 2018-q2-update/bin/../lib/gcc/arm-none-eabi/7.3.1/../../../../arm-none-eabi/lib/thumb/v7e-m/fpv4-sp/hard\libc_nano.a(lib_a-strcmp.o)
                              c:/program files (x86)/gnu tools arm embedded/7 2018-q2-update/bin/../lib/gcc/arm-none-eabi/7.3.1/../../../../arm-none-eabi/lib/thumb/v7e-m/fpv4-sp/hard\libc_nano.a(lib_a-locale.o) (strcmp)
c:/program files (x86)/gnu tools arm embedded/7 2018-q2-update/bin/../lib/gcc/arm-none-eabi/7.3.1/../../../../arm-none-eabi/lib/thumb/v7e-m/fpv4-sp/hard\libc_nano.a(lib_a-strcpy.o)
                              _build/nrf52840_xxaa/SEGGER_RTT.c.o (strcpy)
c:/program files (x86)/gnu tools arm embedded/7 2018-q2-update/bin/../lib/gcc/arm-none-eabi/7.3.1/../../../../arm-none-eabi/lib/thumb/v7e-m/fpv4-sp/hard\libc_nano.a(lib_a-strlen.o)
                              _build/nrf52840_xxaa/nrf_log_frontend.c.o (strlen)
c:/program files (x86)/gnu tools arm embedded/7 2018-q2-update/bin/../lib/gcc/arm-none-eabi/7.3.1/../../../../arm-none-eabi/lib/thumb/v7e-m/fpv4-sp/hard\libc_nano.a(lib_a-wctomb_r.o)
                              c:/program files (x86)/gnu tools arm embedded/7 2018-q2-update/bin/../lib/gcc/arm-none-eabi/7.3.1/../../../../arm-none-eabi/lib/thumb/v7e-m/fpv4-sp/hard\libc_nano.a(lib_a-locale.o) (__ascii_wctomb)
c:/program files (x86)/gnu tools arm embedded/7 2018-q2-update/bin/../lib/gcc/arm-none-eabi/7.3.1/../../../../arm-none-eabi/lib/thumb/v7e-m/fpv4-sp/hard\libc_nano.a(lib_a-ctype_.o)
                              c:/program files (x86)/gnu tools arm embedded/7 2018-q2-update/bin/../lib/gcc/arm-none-eabi/7.3.1/../../../../arm-none-eabi/lib/thumb/v7e-m/fpv4-sp/hard\libc_nano.a(lib_a-locale.o) (_ctype_)
c:/program files (x86)/gnu tools arm embedded/7 2018-q2-update/bin/../lib/gcc/arm-none-eabi/7.3.1/../../../../arm-none-eabi/lib/thumb/v7e-m/fpv4-sp/hard\libnosys.a(_exit.o)
                              c:/program files (x86)/gnu tools arm embedded/7 2018-q2-update/bin/../lib/gcc/arm-none-eabi/7.3.1/../../../../arm-none-eabi/lib/thumb/v7e-m/fpv4-sp/hard\libc_nano.a(lib_a-exit.o) (_exit)

Allocating common symbols
Common symbol       size              file

nrf_drv_uart_use_easy_dma
                    0x2               _build/nrf52840_xxaa/nrf_drv_uart.c.o
_SEGGER_RTT         0x78              _build/nrf52840_xxaa/SEGGER_RTT.c.o

[...]
Memory Configuration

Name             Origin             Length             Attributes
FLASH            0x00026000         0x000da000         xr
RAM              0x200022e0         0x0003dd20         xrw
*default*        0x00000000         0xffffffff

Linker script and memory map


.text           0x00026000     0x3470
 *(.isr_vector)
 .isr_vector    0x00026000      0x200 _build/nrf52840_xxaa/gcc_startup_nrf52840.S.o
                0x00026000                __isr_vector
 *(.text*)
 .text          0x00026200       0x40 c:/program files (x86)/gnu tools arm embedded/7 2018-q2-update/bin/../lib/gcc/arm-none-eabi/7.3.1/thumb/v7e-m/fpv4-sp/hard/crtbegin.o
 .text          0x00026240       0x74 c:/program files (x86)/gnu tools arm embedded/7 2018-q2-update/bin/../lib/gcc/arm-none-eabi/7.3.1/../../../../arm-none-eabi/lib/thumb/v7e-m/fpv4-sp/hard/crt0.o
                0x00026240                _start
                0x00026240                _mainCRTStartup
 .text          0x000262b4       0x3c _build/nrf52840_xxaa/gcc_startup_nrf52840.S.o
                0x000262b4                Reset_Handler
                0x000262dc                NMI_Handler
                0x000262de                HardFault_Handler
                0x000262e0                MemoryManagement_Handler
                0x000262e2                BusFault_Handler
                0x000262e4                UsageFault_Handler
                0x000262e6                SVC_Handler
                0x000262e8                DebugMon_Handler
                0x000262ea                PendSV_Handler
                0x000262ec                SysTick_Handler
                0x000262ee                RTC0_IRQHandler
                0x000262ee                POWER_CLOCK_IRQHandler
                0x000262ee                RADIO_IRQHandler
                0x000262ee                PDM_IRQHandler
                0x000262ee                PWM1_IRQHandler
                0x000262ee                QDEC_IRQHandler
                0x000262ee                TIMER3_IRQHandler
                0x000262ee                PWM3_IRQHandler
                0x000262ee                FPU_IRQHandler
                0x000262ee                USBD_IRQHandler
                0x000262ee                TEMP_IRQHandler
                0x000262ee                SWI2_EGU2_IRQHandler
                0x000262ee                CRYPTOCELL_IRQHandler
                0x000262ee                I2S_IRQHandler
                0x000262ee                SWI4_EGU4_IRQHandler
                0x000262ee                GPIOTE_IRQHandler
                0x000262ee                TIMER2_IRQHandler
                0x000262ee                UARTE1_IRQHandler
                0x000262ee                TIMER1_IRQHandler
                0x000262ee                SPIM3_IRQHandler
                0x000262ee                PWM2_IRQHandler
                0x000262ee                ECB_IRQHandler
                0x000262ee                SPIM1_SPIS1_TWIM1_TWIS1_SPI1_TWI1_IRQHandler
                0x000262ee                Default_Handler
                0x000262ee                SAADC_IRQHandler
                0x000262ee                CCM_AAR_IRQHandler
                0x000262ee                WDT_IRQHandler
                0x000262ee                TIMER4_IRQHandler
                0x000262ee                SWI5_EGU5_IRQHandler
                0x000262ee                RNG_IRQHandler
                0x000262ee                RTC2_IRQHandler
                0x000262ee                PWM0_IRQHandler
                0x000262ee                SWI3_EGU3_IRQHandler
                0x000262ee                RTC1_IRQHandler
                0x000262ee                SWI1_EGU1_IRQHandler
                0x000262ee                SPIM2_SPIS2_SPI2_IRQHandler
                0x000262ee                NFCT_IRQHandler
                0x000262ee                SWI0_EGU0_IRQHandler
                0x000262ee                MWU_IRQHandler
                0x000262ee                TIMER0_IRQHandler
                0x000262ee                QSPI_IRQHandler
                0x000262ee                COMP_LPCOMP_IRQHandler
 .text.nrf_log_backend_serial_put
                0x000262f0       0xd4 _build/nrf52840_xxaa/nrf_log_backend_serial.c.o
                0x000262f0                nrf_log_backend_serial_put
 .text.uart_evt_handler
                0x000263c4        0xc _build/nrf52840_xxaa/nrf_log_backend_uart.c.o
 .text.nrf_log_backend_uart_flush
                0x000263d0        0x4 _build/nrf52840_xxaa/nrf_log_backend_uart.c.o
 .text.nrf_log_backend_uart_put
                0x000263d4       0x20 _build/nrf52840_xxaa/nrf_log_backend_uart.c.o
 .text.serial_tx
                0x000263f4       0x4c _build/nrf52840_xxaa/nrf_log_backend_uart.c.o
 .text.nrf_log_backend_uart_panic_set
                0x00026440       0x60 _build/nrf52840_xxaa/nrf_log_backend_uart.c.o
 .text.nrf_log_backend_uart_init
                0x000264a0       0x48 _build/nrf52840_xxaa/nrf_log_backend_uart.c.o
                0x000264a0                nrf_log_backend_uart_init
 .text.nrf_log_default_backends_init
                0x000264e8       0x20 _build/nrf52840_xxaa/nrf_log_default_backends.c.o
                0x000264e8                nrf_log_default_backends_init
 .text.log_skip
                0x00026508       0xd4 _build/nrf52840_xxaa/nrf_log_frontend.c.o
 .text.nrf_log_init
                0x000265dc       0x3c _build/nrf52840_xxaa/nrf_log_frontend.c.o
                0x000265dc                nrf_log_init
 .text.nrf_log_module_name_get
                0x00026618       0x58 _build/nrf52840_xxaa/nrf_log_frontend.c.o
                0x00026618                nrf_log_module_name_get
 .text.nrf_log_color_id_get
                0x00026670       0x2c _build/nrf52840_xxaa/nrf_log_frontend.c.o
                0x00026670                nrf_log_color_id_get
 .text.nrf_log_frontend_std_0
                0x0002669c       0xe4 _build/nrf52840_xxaa/nrf_log_frontend.c.o
                0x0002669c                nrf_log_frontend_std_0
 .text.nrf_log_frontend_dequeue.part.6
                0x00026780      0x264 _build/nrf52840_xxaa/nrf_log_frontend.c.o
 .text.nrf_log_frontend_std_1
                0x000269e4       0xf0 _build/nrf52840_xxaa/nrf_log_frontend.c.o
                0x000269e4                nrf_log_frontend_std_1
 .text.nrf_log_frontend_dequeue
                0x00026ad4       0x18 _build/nrf52840_xxaa/nrf_log_frontend.c.o
                0x00026ad4                nrf_log_frontend_dequeue
 .text.nrf_log_backend_add
                0x00026aec       0x68 _build/nrf52840_xxaa/nrf_log_frontend.c.o
                0x00026aec                nrf_log_backend_add
 .text.nrf_log_panic
                0x00026b54       0x2c _build/nrf52840_xxaa/nrf_log_frontend.c.o
                0x00026b54                nrf_log_panic
 .text.nrf_log_std_entry_process
                0x00026b80      0x14c _build/nrf52840_xxaa/nrf_log_str_formatter.c.o
                0x00026b80                nrf_log_std_entry_process
 .text.nrf_log_hexdump_entry_process
                0x00026ccc      0x160 _build/nrf52840_xxaa/nrf_log_str_formatter.c.o
                0x00026ccc                nrf_log_hexdump_entry_process
 .text.app_error_handler_bare
                0x00026e2c       0x20 _build/nrf52840_xxaa/app_error.c.o
                0x00026e2c                app_error_handler_bare
 .text.app_error_fault_handler
                0x00026e4c       0x70 _build/nrf52840_xxaa/app_error_weak.c.o
                0x00026e4c                app_error_fault_handler
 .text.app_util_critical_region_enter
                0x00026ebc       0x10 _build/nrf52840_xxaa/app_util_platform.c.o
                0x00026ebc                app_util_critical_region_enter
 .text.app_util_critical_region_exit
                0x00026ecc       0x14 _build/nrf52840_xxaa/app_util_platform.c.o
                0x00026ecc                app_util_critical_region_exit
 .text.nrf_atomic_u32_fetch_store
                0x00026ee0       0x14 _build/nrf52840_xxaa/nrf_atomic.c.o
                0x00026ee0                nrf_atomic_u32_fetch_store
 .text.nrf_atomic_u32_add
                0x00026ef4       0x18 _build/nrf52840_xxaa/nrf_atomic.c.o
                0x00026ef4                nrf_atomic_u32_add
 .text.nrf_atomic_u32_sub
                0x00026f0c       0x18 _build/nrf52840_xxaa/nrf_atomic.c.o
                0x00026f0c                nrf_atomic_u32_sub
 .text.nrf_atomic_flag_set
                0x00026f24       0x18 _build/nrf52840_xxaa/nrf_atomic.c.o
                0x00026f24                nrf_atomic_flag_set
 .text.nrf_atomic_flag_clear_fetch
                0x00026f3c       0x18 _build/nrf52840_xxaa/nrf_atomic.c.o
                0x00026f3c                nrf_atomic_flag_clear_fetch
 .text.nrf_balloc_init
                0x00026f54       0x38 _build/nrf52840_xxaa/nrf_balloc.c.o
                0x00026f54                nrf_balloc_init
 .text.nrf_balloc_alloc
                0x00026f8c       0x44 _build/nrf52840_xxaa/nrf_balloc.c.o
                0x00026f8c                nrf_balloc_alloc
 .text.nrf_balloc_free
                0x00026fd0       0x2c _build/nrf52840_xxaa/nrf_balloc.c.o
                0x00026fd0                nrf_balloc_free
 .text.nrf_fprintf_buffer_flush
                0x00026ffc       0x18 _build/nrf52840_xxaa/nrf_fprintf.c.o
                0x00026ffc                nrf_fprintf_buffer_flush
 .text.nrf_fprintf
                0x00027014       0x20 _build/nrf52840_xxaa/nrf_fprintf.c.o
                0x00027014                nrf_fprintf
 .text.unsigned_print
                0x00027034      0x148 _build/nrf52840_xxaa/nrf_fprintf_format.c.o
 .text.nrf_fprintf_fmt
                0x0002717c      0x6e4 _build/nrf52840_xxaa/nrf_fprintf_format.c.o
                0x0002717c                nrf_fprintf_fmt
 .text.nrf_memobj_pool_init
                0x00027860        0x4 _build/nrf52840_xxaa/nrf_memobj.c.o
                0x00027860                nrf_memobj_pool_init
 .text.nrf_memobj_alloc
                0x00027864       0x84 _build/nrf52840_xxaa/nrf_memobj.c.o
                0x00027864                nrf_memobj_alloc
 .text.nrf_memobj_get
                0x000278e8        0x8 _build/nrf52840_xxaa/nrf_memobj.c.o
                0x000278e8                nrf_memobj_get
 .text.nrf_memobj_put
                0x000278f0       0x44 _build/nrf52840_xxaa/nrf_memobj.c.o
                0x000278f0                nrf_memobj_put
 .text.nrf_memobj_write
                0x00027934       0x68 _build/nrf52840_xxaa/nrf_memobj.c.o
                0x00027934                nrf_memobj_write
 .text.nrf_memobj_read
                0x0002799c       0x68 _build/nrf52840_xxaa/nrf_memobj.c.o
                0x0002799c                nrf_memobj_read
 .text.nrf_ringbuf_init
                0x00027a04       0x1c _build/nrf52840_xxaa/nrf_ringbuf.c.o
                0x00027a04                nrf_ringbuf_init
 .text.twim_evt_handler
                0x00027a20       0x48 _build/nrf52840_xxaa/nrf_drv_twi.c.o
 .text.nrf_drv_twi_init
                0x00027a68      0x188 _build/nrf52840_xxaa/nrf_drv_twi.c.o
                0x00027a68                nrf_drv_twi_init
 .text.uarte_evt_handler
                0x00027bf0       0x34 _build/nrf52840_xxaa/nrf_drv_uart.c.o
 .text.uart_evt_handler
                0x00027c24       0x34 _build/nrf52840_xxaa/nrf_drv_uart.c.o
 .text.nrf_drv_uart_init
                0x00027c58       0x88 _build/nrf52840_xxaa/nrf_drv_uart.c.o
                0x00027c58                nrf_drv_uart_init
 .text.UARTE0_UART0_IRQHandler
                0x00027ce0        0xc _build/nrf52840_xxaa/nrfx_prs.c.o
                0x00027ce0                UARTE0_UART0_IRQHandler
 .text.nrfx_prs_acquire
                0x00027cec       0x3c _build/nrf52840_xxaa/nrfx_prs.c.o
                0x00027cec                nrfx_prs_acquire
 .text.nrfx_prs_release
                0x00027d28       0x18 _build/nrf52840_xxaa/nrfx_prs.c.o
                0x00027d28                nrfx_prs_release
 .text.SPIM0_SPIS0_TWIM0_TWIS0_SPI0_TWI0_IRQHandler
                0x00027d40      0x178 _build/nrf52840_xxaa/nrfx_twim.c.o
                0x00027d40                SPIM0_SPIS0_TWIM0_TWIS0_SPI0_TWI0_IRQHandler
 .text.nrfx_twim_init
                0x00027eb8      0x110 _build/nrf52840_xxaa/nrfx_twim.c.o
                0x00027eb8                nrfx_twim_init
 .text.nrfx_twim_enable
                0x00027fc8       0x20 _build/nrf52840_xxaa/nrfx_twim.c.o
                0x00027fc8                nrfx_twim_enable
 .text.nrfx_twim_tx
                0x00027fe8      0x184 _build/nrf52840_xxaa/nrfx_twim.c.o
                0x00027fe8                nrfx_twim_tx
 .text.nrfx_twim_rx
                0x0002816c      0x154 _build/nrf52840_xxaa/nrfx_twim.c.o
                0x0002816c                nrfx_twim_rx
 .text.nrfx_uart_0_irq_handler
                0x000282c0      0x1bc _build/nrf52840_xxaa/nrfx_uart.c.o
                0x000282c0                nrfx_uart_0_irq_handler
 .text.nrfx_uart_init
                0x0002847c      0x1e4 _build/nrf52840_xxaa/nrfx_uart.c.o
                0x0002847c                nrfx_uart_init
 .text.nrfx_uart_uninit
                0x00028660       0xfc _build/nrf52840_xxaa/nrfx_uart.c.o
                0x00028660                nrfx_uart_uninit
 .text.nrfx_uart_tx
                0x0002875c       0xcc _build/nrf52840_xxaa/nrfx_uart.c.o
                0x0002875c                nrfx_uart_tx
 .text.nrfx_uarte_0_irq_handler
                0x00028828      0x11c _build/nrf52840_xxaa/nrfx_uarte.c.o
                0x00028828                nrfx_uarte_0_irq_handler
 .text.nrfx_uarte_init
                0x00028944      0x208 _build/nrf52840_xxaa/nrfx_uarte.c.o
                0x00028944                nrfx_uarte_init
 .text.nrfx_uarte_uninit
                0x00028b4c      0x100 _build/nrf52840_xxaa/nrfx_uarte.c.o
                0x00028b4c                nrfx_uarte_uninit
 .text.nrfx_uarte_tx
                0x00028c4c       0xa4 _build/nrf52840_xxaa/nrfx_uarte.c.o
                0x00028c4c                nrfx_uarte_tx
 .text.twi_handler
                0x00028cf0       0x48 _build/nrf52840_xxaa/main.c.o
                0x00028cf0                twi_handler
 .text.LM75B_set_mode
                0x00028d38       0x5c _build/nrf52840_xxaa/main.c.o
                0x00028d38                LM75B_set_mode
 .text.twi_init
                0x00028d94       0x44 _build/nrf52840_xxaa/main.c.o
                0x00028d94                twi_init
 .text.startup.main
                0x00028dd8       0x9c _build/nrf52840_xxaa/main.c.o
                0x00028dd8                main
 .text.SystemInit
                0x00028e74      0x1c4 _build/nrf52840_xxaa/system_nrf52840.c.o
                0x00028e74                SystemInit
 .text.exit     0x00029038       0x28 c:/program files (x86)/gnu tools arm embedded/7 2018-q2-update/bin/../lib/gcc/arm-none-eabi/7.3.1/../../../../arm-none-eabi/lib/thumb/v7e-m/fpv4-sp/hard\libc_nano.a(lib_a-exit.o)
                0x00029038                exit
 .text.__libc_init_array
                0x00029060       0x48 c:/program files (x86)/gnu tools arm embedded/7 2018-q2-update/bin/../lib/gcc/arm-none-eabi/7.3.1/../../../../arm-none-eabi/lib/thumb/v7e-m/fpv4-sp/hard\libc_nano.a(lib_a-init.o)
                0x00029060                __libc_init_array
 .text.__locale_ctype_ptr
                0x000290a8       0x1c c:/program files (x86)/gnu tools arm embedded/7 2018-q2-update/bin/../lib/gcc/arm-none-eabi/7.3.1/../../../../arm-none-eabi/lib/thumb/v7e-m/fpv4-sp/hard\libc_nano.a(lib_a-locale.o)
                0x000290a8                __locale_ctype_ptr
 .text.__ascii_mbtowc
                0x000290c4       0x24 c:/program files (x86)/gnu tools arm embedded/7 2018-q2-update/bin/../lib/gcc/arm-none-eabi/7.3.1/../../../../arm-none-eabi/lib/thumb/v7e-m/fpv4-sp/hard\libc_nano.a(lib_a-mbtowc_r.o)
                0x000290c4                __ascii_mbtowc
 .text.memcpy   0x000290e8       0x16 c:/program files (x86)/gnu tools arm embedded/7 2018-q2-update/bin/../lib/gcc/arm-none-eabi/7.3.1/../../../../arm-none-eabi/lib/thumb/v7e-m/fpv4-sp/hard\libc_nano.a(lib_a-memcpy-stub.o)
                0x000290e8                memcpy
 .text.memset   0x000290fe       0x10 c:/program files (x86)/gnu tools arm embedded/7 2018-q2-update/bin/../lib/gcc/arm-none-eabi/7.3.1/../../../../arm-none-eabi/lib/thumb/v7e-m/fpv4-sp/hard\libc_nano.a(lib_a-memset.o)
                0x000290fe                memset
 .text          0x0002910e       0x10 c:/program files (x86)/gnu tools arm embedded/7 2018-q2-update/bin/../lib/gcc/arm-none-eabi/7.3.1/../../../../arm-none-eabi/lib/thumb/v7e-m/fpv4-sp/hard\libc_nano.a(lib_a-strlen.o)
                0x0002910e                strlen
 .text.__ascii_wctomb
                0x0002911e       0x1a c:/program files (x86)/gnu tools arm embedded/7 2018-q2-update/bin/../lib/gcc/arm-none-eabi/7.3.1/../../../../arm-none-eabi/lib/thumb/v7e-m/fpv4-sp/hard\libc_nano.a(lib_a-wctomb_r.o)
                0x0002911e                __ascii_wctomb
 .text._exit    0x00029138        0x4 c:/program files (x86)/gnu tools arm embedded/7 2018-q2-update/bin/../lib/gcc/arm-none-eabi/7.3.1/../../../../arm-none-eabi/lib/thumb/v7e-m/fpv4-sp/hard\libnosys.a(_exit.o)
                0x00029138                _exit
 *(.init)
 .init          0x0002913c        0x4 c:/program files (x86)/gnu tools arm embedded/7 2018-q2-update/bin/../lib/gcc/arm-none-eabi/7.3.1/thumb/v7e-m/fpv4-sp/hard/crti.o
                0x0002913c                _init
 .init          0x00029140        0x8 c:/program files (x86)/gnu tools arm embedded/7 2018-q2-update/bin/../lib/gcc/arm-none-eabi/7.3.1/thumb/v7e-m/fpv4-sp/hard/crtn.o
 *(.fini)
 .fini          0x00029148        0x4 c:/program files (x86)/gnu tools arm embedded/7 2018-q2-update/bin/../lib/gcc/arm-none-eabi/7.3.1/thumb/v7e-m/fpv4-sp/hard/crti.o
                0x00029148                _fini
 .fini          0x0002914c        0x8 c:/program files (x86)/gnu tools arm embedded/7 2018-q2-update/bin/../lib/gcc/arm-none-eabi/7.3.1/thumb/v7e-m/fpv4-sp/hard/crtn.o
 *crtbegin.o(.ctors)
 *crtbegin?.o(.ctors)
 *(EXCLUDE_FILE(*crtend.o *crtend?.o) .ctors)
 *(SORT_BY_NAME(.ctors.*))
 *(.ctors)
 *crtbegin.o(.dtors)
 *crtbegin?.o(.dtors)
 *(EXCLUDE_FILE(*crtend.o *crtend?.o) .dtors)
 *(SORT_BY_NAME(.dtors.*))
 *(.dtors)
 *(.rodata*)
 .rodata        0x00029154       0x20 _build/nrf52840_xxaa/nrf_log_backend_uart.c.o
 .rodata.nrf_log_backend_uart_api
                0x00029174        0xc _build/nrf52840_xxaa/nrf_log_backend_uart.c.o
                0x00029174                nrf_log_backend_uart_api
 .rodata.str1.4
                0x00029180       0x11 _build/nrf52840_xxaa/nrf_log_default_backends.c.o
 *fill*         0x00029191        0x3 
 .rodata.m_log_push_ringbuf
                0x00029194        0xc _build/nrf52840_xxaa/nrf_log_frontend.c.o
 .rodata.nrf_log_frontend_dequeue.part.6.str1.4
                0x000291a0       0x11 _build/nrf52840_xxaa/nrf_log_frontend.c.o
 *fill*         0x000291b1        0x3 
 .rodata.str1.4
                0x000291b4        0x4 _build/nrf52840_xxaa/nrf_log_frontend.c.o
 .rodata.m_colors
                0x000291b8       0x24 _build/nrf52840_xxaa/nrf_log_str_formatter.c.o
 .rodata.nrf_log_hexdump_entry_process.str1.4
                0x000291dc       0x13 _build/nrf52840_xxaa/nrf_log_str_formatter.c.o
                                 0x16 (size before relaxing)
 *fill*         0x000291ef        0x1 
 .rodata.nrf_log_std_entry_process.str1.4
                0x000291f0       0x3b _build/nrf52840_xxaa/nrf_log_str_formatter.c.o
 *fill*         0x0002922b        0x1 
 .rodata.severity_names
                0x0002922c       0x14 _build/nrf52840_xxaa/nrf_log_str_formatter.c.o
 .rodata.str1.4
                0x00029240       0x56 _build/nrf52840_xxaa/nrf_log_str_formatter.c.o
 *fill*         0x00029296        0x2 
 .rodata.app_error_fault_handler.str1.4
                0x00029298       0x19 _build/nrf52840_xxaa/app_error_weak.c.o
 *fill*         0x000292b1        0x3 
 .rodata._aV2C.7651
                0x000292b4       0x10 _build/nrf52840_xxaa/nrf_fprintf_format.c.o
 *fill*         0x000292c4        0xc 
 .rodata.delay_machine_code.8164
                0x000292d0        0x6 _build/nrf52840_xxaa/nrf_drv_twi.c.o
 *fill*         0x000292d6        0x2 
 .rodata.str1.4
                0x000292d8        0x4 _build/nrf52840_xxaa/nrfx_prs.c.o
 .rodata.str1.4
                0x000292dc        0x5 _build/nrf52840_xxaa/nrfx_twim.c.o
 *fill*         0x000292e1        0x3 
 .rodata.str1.4
                0x000292e4        0x5 _build/nrf52840_xxaa/nrfx_uart.c.o
 *fill*         0x000292e9        0x3 
 .rodata.str1.4
                0x000292ec        0x6 _build/nrf52840_xxaa/nrfx_uarte.c.o
 *fill*         0x000292f2        0xe 
 .rodata.delay_machine_code.8164
                0x00029300        0x6 _build/nrf52840_xxaa/main.c.o
 *fill*         0x00029306        0x2 
 .rodata.m_twi  0x00029308       0x10 _build/nrf52840_xxaa/main.c.o
 .rodata.main.str1.4
                0x00029318       0x1e _build/nrf52840_xxaa/main.c.o
 *fill*         0x00029336        0x2 
 .rodata.twi_handler.str1.4
                0x00029338       0x24 _build/nrf52840_xxaa/main.c.o
                                 0x21 (size before relaxing)
 .rodata._global_impure_ptr
                0x0002935c        0x4 c:/program files (x86)/gnu tools arm embedded/7 2018-q2-update/bin/../lib/gcc/arm-none-eabi/7.3.1/../../../../arm-none-eabi/lib/thumb/v7e-m/fpv4-sp/hard\libc_nano.a(lib_a-impure.o)
                0x0002935c                _global_impure_ptr
 .rodata._setlocale_r.str1.1
                0x00029360        0x8 c:/program files (x86)/gnu tools arm embedded/7 2018-q2-update/bin/../lib/gcc/arm-none-eabi/7.3.1/../../../../arm-none-eabi/lib/thumb/v7e-m/fpv4-sp/hard\libc_nano.a(lib_a-locale.o)
                                  0x9 (size before relaxing)
 .rodata.str1.1
                0x00029368        0x2 c:/program files (x86)/gnu tools arm embedded/7 2018-q2-update/bin/../lib/gcc/arm-none-eabi/7.3.1/../../../../arm-none-eabi/lib/thumb/v7e-m/fpv4-sp/hard\libc_nano.a(lib_a-locale.o)
 .rodata._ctype_
                0x0002936a      0x101 c:/program files (x86)/gnu tools arm embedded/7 2018-q2-update/bin/../lib/gcc/arm-none-eabi/7.3.1/../../../../arm-none-eabi/lib/thumb/v7e-m/fpv4-sp/hard\libc_nano.a(lib_a-ctype_.o)
                0x0002936a                _ctype_
 *(.eh_frame*)
 *fill*         0x0002946b        0x1 
 .eh_frame      0x0002946c        0x0 c:/program files (x86)/gnu tools arm embedded/7 2018-q2-update/bin/../lib/gcc/arm-none-eabi/7.3.1/thumb/v7e-m/fpv4-sp/hard/crtbegin.o
 .eh_frame      0x0002946c        0x4 c:/program files (x86)/gnu tools arm embedded/7 2018-q2-update/bin/../lib/gcc/arm-none-eabi/7.3.1/thumb/v7e-m/fpv4-sp/hard/crtend.o

.glue_7         0x00029470        0x0
 .glue_7        0x00029470        0x0 linker stubs

.glue_7t        0x00029470        0x0
 .glue_7t       0x00029470        0x0 linker stubs

.vfp11_veneer   0x00029470        0x0
 .vfp11_veneer  0x00029470        0x0 linker stubs

.v4_bx          0x00029470        0x0
 .v4_bx         0x00029470        0x0 linker stubs

.iplt           0x00029470        0x0
 .iplt          0x00029470        0x0 c:/program files (x86)/gnu tools arm embedded/7 2018-q2-update/bin/../lib/gcc/arm-none-eabi/7.3.1/thumb/v7e-m/fpv4-sp/hard/crtbegin.o

.mem_section_dummy_rom

.nrf_queue      0x00029470        0x0
                [!provide]                PROVIDE (__start_nrf_queue = .)
 *(.nrf_queue)
                [!provide]                PROVIDE (__stop_nrf_queue = .)

.log_const_data
                0x00029470       0x28
                0x00029470                PROVIDE (__start_log_const_data = .)
 *(SORT_BY_NAME(.log_const_data*))
 .log_const_data_PRS
                0x00029470        0x8 _build/nrf52840_xxaa/nrfx_prs.c.o
                0x00029470                m_nrf_log_PRS_logs_data_const
 .log_const_data_TWIM
                0x00029478        0x8 _build/nrf52840_xxaa/nrfx_twim.c.o
                0x00029478                m_nrf_log_TWIM_logs_data_const
 .log_const_data_UART
                0x00029480        0x8 _build/nrf52840_xxaa/nrfx_uart.c.o
                0x00029480                m_nrf_log_UART_logs_data_const
 .log_const_data_UARTE
                0x00029488        0x8 _build/nrf52840_xxaa/nrfx_uarte.c.o
                0x00029488                m_nrf_log_UARTE_logs_data_const
 .log_const_data_app
                0x00029490        0x8 _build/nrf52840_xxaa/nrf_log_frontend.c.o
                0x00029490                m_nrf_log_app_logs_data_const
                0x00029498                PROVIDE (__stop_log_const_data = .)

.log_backends   0x00029498       0x10
                [!provide]                PROVIDE (__start_log_backends = .)
 *(SORT_BY_NAME(.log_backends*))
 .log_backends  0x00029498       0x10 _build/nrf52840_xxaa/nrf_log_default_backends.c.o
                [!provide]                PROVIDE (__stop_log_backends = .)

.cli_command    0x000294a8        0x0
                [!provide]                PROVIDE (__start_cli_command = .)
 *(.cli_command)
                [!provide]                PROVIDE (__stop_cli_command = .)

.pwr_mgmt_data  0x000294a8        0x0
                [!provide]                PROVIDE (__start_pwr_mgmt_data = .)
 *(SORT_BY_NAME(.pwr_mgmt_data*))
                [!provide]                PROVIDE (__stop_pwr_mgmt_data = .)

.nrf_balloc     0x000294a8       0x14
                [!provide]                PROVIDE (__start_nrf_balloc = .)
 *(.nrf_balloc)
 .nrf_balloc    0x000294a8       0x14 _build/nrf52840_xxaa/nrf_log_frontend.c.o
                0x000294a8                log_mempool
                [!provide]                PROVIDE (__stop_nrf_balloc = .)

.ARM.extab
 *(.ARM.extab* .gnu.linkonce.armextab.*)
                0x000294bc                __exidx_start = .

.ARM.exidx      0x000294bc        0x8
 *(.ARM.exidx* .gnu.linkonce.armexidx.*)
 .ARM.exidx     0x000294bc        0x8 c:/program files (x86)/gnu tools arm embedded/7 2018-q2-update/bin/../lib/gcc/arm-none-eabi/7.3.1/../../../../arm-none-eabi/lib/thumb/v7e-m/fpv4-sp/hard/crt0.o
                0x000294c4                __exidx_end = .
                0x000294c4                __etext = .

.rel.dyn        0x000294c4        0x0
 .rel.iplt      0x000294c4        0x0 c:/program files (x86)/gnu tools arm embedded/7 2018-q2-update/bin/../lib/gcc/arm-none-eabi/7.3.1/thumb/v7e-m/fpv4-sp/hard/crtbegin.o

.data           0x200022e0      0x1f8 load address 0x000294c4
                0x200022e0                __data_start__ = .
 *(vtable)
 *(.data*)
 .data.m_uart   0x200022e0       0x14 _build/nrf52840_xxaa/nrf_log_backend_uart.c.o
                0x200022e0                m_uart
 .data.log_backend_cb_uart_log_backend
                0x200022f4        0x8 _build/nrf52840_xxaa/nrf_log_default_backends.c.o
 .data.SystemCoreClock
                0x200022fc        0x4 _build/nrf52840_xxaa/system_nrf52840.c.o
                0x200022fc                SystemCoreClock
 .data._impure_ptr
                0x20002300        0x4 c:/program files (x86)/gnu tools arm embedded/7 2018-q2-update/bin/../lib/gcc/arm-none-eabi/7.3.1/../../../../arm-none-eabi/lib/thumb/v7e-m/fpv4-sp/hard\libc_nano.a(lib_a-impure.o)
                0x20002300                _impure_ptr
 .data.impure_data
                0x20002304       0x60 c:/program files (x86)/gnu tools arm embedded/7 2018-q2-update/bin/../lib/gcc/arm-none-eabi/7.3.1/../../../../arm-none-eabi/lib/thumb/v7e-m/fpv4-sp/hard\libc_nano.a(lib_a-impure.o)
 .data.__global_locale
                0x20002364      0x16c c:/program files (x86)/gnu tools arm embedded/7 2018-q2-update/bin/../lib/gcc/arm-none-eabi/7.3.1/../../../../arm-none-eabi/lib/thumb/v7e-m/fpv4-sp/hard\libc_nano.a(lib_a-locale.o)
                0x20002364                __global_locale
                0x200024d0                . = ALIGN (0x4)
                0x200024d0                PROVIDE (__preinit_array_start = .)
 *(.preinit_array)
                0x200024d0                PROVIDE (__preinit_array_end = .)
                0x200024d0                . = ALIGN (0x4)
                0x200024d0                PROVIDE (__init_array_start = .)
 *(SORT_BY_NAME(.init_array.*))
 *(.init_array)
 .init_array    0x200024d0        0x4 c:/program files (x86)/gnu tools arm embedded/7 2018-q2-update/bin/../lib/gcc/arm-none-eabi/7.3.1/thumb/v7e-m/fpv4-sp/hard/crtbegin.o
                0x200024d4                PROVIDE (__init_array_end = .)
                0x200024d4                . = ALIGN (0x4)
                [!provide]                PROVIDE (__fini_array_start = .)
 *(SORT_BY_NAME(.fini_array.*))
 *(.fini_array)
 .fini_array    0x200024d4        0x4 c:/program files (x86)/gnu tools arm embedded/7 2018-q2-update/bin/../lib/gcc/arm-none-eabi/7.3.1/thumb/v7e-m/fpv4-sp/hard/crtbegin.o
                [!provide]                PROVIDE (__fini_array_end = .)
 *(.jcr*)
                0x200024d8                . = ALIGN (0x4)
                0x200024d8                __data_end__ = .
LOAD c:/program files (x86)/gnu tools arm embedded/7 2018-q2-update/bin/../lib/gcc/arm-none-eabi/7.3.1/thumb/v7e-m/fpv4-sp/hard/crti.o
LOAD c:/program files (x86)/gnu tools arm embedded/7 2018-q2-update/bin/../lib/gcc/arm-none-eabi/7.3.1/thumb/v7e-m/fpv4-sp/hard/crtbegin.o
LOAD c:/program files (x86)/gnu tools arm embedded/7 2018-q2-update/bin/../lib/gcc/arm-none-eabi/7.3.1/../../../../arm-none-eabi/lib/thumb/v7e-m/fpv4-sp/hard/crt0.o
LOAD _build/nrf52840_xxaa/gcc_startup_nrf52840.S.o
LOAD _build/nrf52840_xxaa/nrf_log_backend_rtt.c.o
LOAD _build/nrf52840_xxaa/nrf_log_backend_serial.c.o
LOAD _build/nrf52840_xxaa/nrf_log_backend_uart.c.o
LOAD _build/nrf52840_xxaa/nrf_log_default_backends.c.o
LOAD _build/nrf52840_xxaa/nrf_log_frontend.c.o
LOAD _build/nrf52840_xxaa/nrf_log_str_formatter.c.o
LOAD _build/nrf52840_xxaa/boards.c.o
LOAD _build/nrf52840_xxaa/app_error.c.o
LOAD _build/nrf52840_xxaa/app_error_handler_gcc.c.o
LOAD _build/nrf52840_xxaa/app_error_weak.c.o
LOAD _build/nrf52840_xxaa/app_util_platform.c.o
LOAD _build/nrf52840_xxaa/nrf_assert.c.o
LOAD _build/nrf52840_xxaa/nrf_atomic.c.o
LOAD _build/nrf52840_xxaa/nrf_balloc.c.o
LOAD _build/nrf52840_xxaa/nrf_fprintf.c.o
LOAD _build/nrf52840_xxaa/nrf_fprintf_format.c.o
LOAD _build/nrf52840_xxaa/nrf_memobj.c.o
LOAD _build/nrf52840_xxaa/nrf_ringbuf.c.o
LOAD _build/nrf52840_xxaa/nrf_strerror.c.o
LOAD _build/nrf52840_xxaa/nrf_drv_twi.c.o
LOAD _build/nrf52840_xxaa/nrf_drv_uart.c.o
LOAD _build/nrf52840_xxaa/nrfx_atomic.c.o
LOAD _build/nrf52840_xxaa/nrfx_prs.c.o
LOAD _build/nrf52840_xxaa/nrfx_twi.c.o
LOAD _build/nrf52840_xxaa/nrfx_twim.c.o
LOAD _build/nrf52840_xxaa/nrfx_uart.c.o
LOAD _build/nrf52840_xxaa/nrfx_uarte.c.o
LOAD _build/nrf52840_xxaa/main.c.o
LOAD _build/nrf52840_xxaa/SEGGER_RTT.c.o
LOAD _build/nrf52840_xxaa/SEGGER_RTT_Syscalls_GCC.c.o
LOAD _build/nrf52840_xxaa/SEGGER_RTT_printf.c.o
LOAD _build/nrf52840_xxaa/system_nrf52840.c.o
LOAD c:/program files (x86)/gnu tools arm embedded/7 2018-q2-update/bin/../lib/gcc/arm-none-eabi/7.3.1/../../../../arm-none-eabi/lib/thumb/v7e-m/fpv4-sp/hard\libc_nano.a
LOAD c:/program files (x86)/gnu tools arm embedded/7 2018-q2-update/bin/../lib/gcc/arm-none-eabi/7.3.1/../../../../arm-none-eabi/lib/thumb/v7e-m/fpv4-sp/hard\libnosys.a
LOAD c:/program files (x86)/gnu tools arm embedded/7 2018-q2-update/bin/../lib/gcc/arm-none-eabi/7.3.1/../../../../arm-none-eabi/lib/thumb/v7e-m/fpv4-sp/hard\libm.a
START GROUP
LOAD c:/program files (x86)/gnu tools arm embedded/7 2018-q2-update/bin/../lib/gcc/arm-none-eabi/7.3.1/thumb/v7e-m/fpv4-sp/hard\libgcc.a
LOAD c:/program files (x86)/gnu tools arm embedded/7 2018-q2-update/bin/../lib/gcc/arm-none-eabi/7.3.1/../../../../arm-none-eabi/lib/thumb/v7e-m/fpv4-sp/hard\libg_nano.a
LOAD c:/program files (x86)/gnu tools arm embedded/7 2018-q2-update/bin/../lib/gcc/arm-none-eabi/7.3.1/../../../../arm-none-eabi/lib/thumb/v7e-m/fpv4-sp/hard\libc_nano.a
END GROUP
START GROUP
LOAD c:/program files (x86)/gnu tools arm embedded/7 2018-q2-update/bin/../lib/gcc/arm-none-eabi/7.3.1/thumb/v7e-m/fpv4-sp/hard\libgcc.a
LOAD c:/program files (x86)/gnu tools arm embedded/7 2018-q2-update/bin/../lib/gcc/arm-none-eabi/7.3.1/../../../../arm-none-eabi/lib/thumb/v7e-m/fpv4-sp/hard\libc_nano.a
END GROUP
LOAD c:/program files (x86)/gnu tools arm embedded/7 2018-q2-update/bin/../lib/gcc/arm-none-eabi/7.3.1/thumb/v7e-m/fpv4-sp/hard/crtend.o
LOAD c:/program files (x86)/gnu tools arm embedded/7 2018-q2-update/bin/../lib/gcc/arm-none-eabi/7.3.1/thumb/v7e-m/fpv4-sp/hard/crtn.o
START GROUP
LOAD c:/program files (x86)/gnu tools arm embedded/7 2018-q2-update/bin/../lib/gcc/arm-none-eabi/7.3.1/thumb/v7e-m/fpv4-sp/hard\libgcc.a
LOAD c:/program files (x86)/gnu tools arm embedded/7 2018-q2-update/bin/../lib/gcc/arm-none-eabi/7.3.1/../../../../arm-none-eabi/lib/thumb/v7e-m/fpv4-sp/hard\libc.a
LOAD c:/program files (x86)/gnu tools arm embedded/7 2018-q2-update/bin/../lib/gcc/arm-none-eabi/7.3.1/../../../../arm-none-eabi/lib/thumb/v7e-m/fpv4-sp/hard\libnosys.a
END GROUP

.igot.plt       0x200024d8        0x0 load address 0x000296bc
 .igot.plt      0x200024d8        0x0 c:/program files (x86)/gnu tools arm embedded/7 2018-q2-update/bin/../lib/gcc/arm-none-eabi/7.3.1/thumb/v7e-m/fpv4-sp/hard/crtbegin.o
                0x200024d8                . = ALIGN (0x4)

.mem_section_dummy_ram

.log_dynamic_data
                0x200024d8        0x0
                0x200024d8                PROVIDE (__start_log_dynamic_data = .)
 *(SORT_BY_NAME(.log_dynamic_data*))
                [!provide]                PROVIDE (__stop_log_dynamic_data = .)

.log_filter_data
                0x200024d8        0x0
                [!provide]                PROVIDE (__start_log_filter_data = .)
 *(SORT_BY_NAME(.log_filter_data*))
                [!provide]                PROVIDE (__stop_log_filter_data = .)

.cli_sorted_cmd_ptrs
                0x200024d8        0x0
                [!provide]                PROVIDE (__start_cli_sorted_cmd_ptrs = .)
 *(.cli_sorted_cmd_ptrs)
                [!provide]                PROVIDE (__stop_cli_sorted_cmd_ptrs = .)

.bss            0x200024d8      0x6a8 load address 0x000296bc
                0x200024d8                . = ALIGN (0x4)
                0x200024d8                __bss_start__ = .
 *(.bss*)
 .bss           0x200024d8       0x1c c:/program files (x86)/gnu tools arm embedded/7 2018-q2-update/bin/../lib/gcc/arm-none-eabi/7.3.1/thumb/v7e-m/fpv4-sp/hard/crtbegin.o
 .bss.m_async_mode
                0x200024f4        0x1 _build/nrf52840_xxaa/nrf_log_backend_uart.c.o
 *fill*         0x200024f5        0x3 
 .bss.m_string_buff
                0x200024f8       0x40 _build/nrf52840_xxaa/nrf_log_backend_uart.c.o
 .bss.m_xfer_done
                0x20002538        0x1 _build/nrf52840_xxaa/nrf_log_backend_uart.c.o
 *fill*         0x20002539        0x3 
 .bss.log_mempool_nrf_balloc_cb
                0x2000253c        0x8 _build/nrf52840_xxaa/nrf_log_frontend.c.o
 .bss.log_mempool_nrf_balloc_pool_mem
                0x20002544       0xc0 _build/nrf52840_xxaa/nrf_log_frontend.c.o
 .bss.log_mempool_nrf_balloc_pool_stack
                0x20002604        0x8 _build/nrf52840_xxaa/nrf_log_frontend.c.o
 .bss.m_log_data
                0x2000260c      0x424 _build/nrf52840_xxaa/nrf_log_frontend.c.o
 .bss.m_log_push_ringbuf_buf
                0x20002a30       0x80 _build/nrf52840_xxaa/nrf_log_frontend.c.o
 .bss.m_log_push_ringbuf_cb
                0x20002ab0       0x18 _build/nrf52840_xxaa/nrf_log_frontend.c.o
 .bss.m_in_critical_region
                0x20002ac8        0x4 _build/nrf52840_xxaa/app_util_platform.c.o
 .bss.m_contexts
                0x20002acc        0x8 _build/nrf52840_xxaa/nrf_drv_twi.c.o
 .bss.m_handlers
                0x20002ad4        0x8 _build/nrf52840_xxaa/nrf_drv_twi.c.o
 .bss.m_contexts
                0x20002adc        0x8 _build/nrf52840_xxaa/nrf_drv_uart.c.o
 .bss.m_handlers
                0x20002ae4        0x8 _build/nrf52840_xxaa/nrf_drv_uart.c.o
 .bss.m_prs_box_4
                0x20002aec        0x8 _build/nrf52840_xxaa/nrfx_prs.c.o
 .bss.m_cb      0x20002af4       0x34 _build/nrf52840_xxaa/nrfx_twim.c.o
 .bss.m_cb      0x20002b28       0x2c _build/nrf52840_xxaa/nrfx_uart.c.o
 .bss.m_cb      0x20002b54       0x24 _build/nrf52840_xxaa/nrfx_uarte.c.o
 .bss.m_sample  0x20002b78        0x1 _build/nrf52840_xxaa/main.c.o
 .bss.m_xfer_done
                0x20002b79        0x1 _build/nrf52840_xxaa/main.c.o
 *(COMMON)
 *fill*         0x20002b7a        0x2 
 COMMON         0x20002b7c        0x2 _build/nrf52840_xxaa/nrf_drv_uart.c.o
                0x20002b7c                nrf_drv_uart_use_easy_dma
                0x20002b80                . = ALIGN (0x4)
 *fill*         0x20002b7e        0x2 
                0x20002b80                __bss_end__ = .

.heap           0x20002b80     0x2000
                0x20002b80                __HeapBase = .
                0x20002b80                __end__ = .
                [!provide]                PROVIDE (end = .)
 *(.heap*)
 .heap          0x20002b80     0x2000 _build/nrf52840_xxaa/gcc_startup_nrf52840.S.o
                0x20004b80                __HeapLimit = .

.stack_dummy    0x20002b80     0x2000
 *(.stack*)
 .stack         0x20002b80     0x2000 _build/nrf52840_xxaa/gcc_startup_nrf52840.S.o
                0x20040000                __StackTop = (ORIGIN (RAM) + LENGTH (RAM))
                0x2003e000                __StackLimit = (__StackTop - SIZEOF (.stack_dummy))
                0x20040000                PROVIDE (__stack = __StackTop)
                0x00000001                ASSERT ((__StackLimit >= __HeapLimit), region RAM overflowed with stack)
                0x000001f8                DataInitFlashUsed = (__bss_start__ - __data_start__)
                0x000034c4                CodeFlashUsed = (__etext - ORIGIN (FLASH))
                0x000036bc                TotalFlashUsed = (CodeFlashUsed + DataInitFlashUsed)
                0x00000001                ASSERT ((TotalFlashUsed <= LENGTH (FLASH)), region FLASH overflowed with .data and user data)
OUTPUT(_build/nrf52840_xxaa.out elf32-littlearm)

.ARM.attributes
                0x00000000       0x30
 .ARM.attributes
                0x00000000       0x22 c:/program files (x86)/gnu tools arm embedded/7 2018-q2-update/bin/../lib/gcc/arm-none-eabi/7.3.1/thumb/v7e-m/fpv4-sp/hard/crti.o
 .ARM.attributes
                0x00000022       0x34 c:/program files (x86)/gnu tools arm embedded/7 2018-q2-update/bin/../lib/gcc/arm-none-eabi/7.3.1/thumb/v7e-m/fpv4-sp/hard/crtbegin.o
 .ARM.attributes
                0x00000056       0x20 c:/program files (x86)/gnu tools arm embedded/7 2018-q2-update/bin/../lib/gcc/arm-none-eabi/7.3.1/../../../../arm-none-eabi/lib/thumb/v7e-m/fpv4-sp/hard/crt0.o
 .ARM.attributes
                0x00000076       0x20 _build/nrf52840_xxaa/gcc_startup_nrf52840.S.o
 .ARM.attributes
                0x00000096       0x39 _build/nrf52840_xxaa/nrf_log_backend_serial.c.o
 .ARM.attributes
                0x000000cf       0x39 _build/nrf52840_xxaa/nrf_log_backend_uart.c.o
 .ARM.attributes
                0x00000108       0x39 _build/nrf52840_xxaa/nrf_log_default_backends.c.o
 .ARM.attributes
                0x00000141       0x39 _build/nrf52840_xxaa/nrf_log_frontend.c.o
 .ARM.attributes
                0x0000017a       0x39 _build/nrf52840_xxaa/nrf_log_str_formatter.c.o
 .ARM.attributes
                0x000001b3       0x39 _build/nrf52840_xxaa/app_error.c.o
 .ARM.attributes
                0x000001ec       0x39 _build/nrf52840_xxaa/app_error_weak.c.o
 .ARM.attributes
                0x00000225       0x39 _build/nrf52840_xxaa/app_util_platform.c.o
 .ARM.attributes
                0x0000025e       0x39 _build/nrf52840_xxaa/nrf_atomic.c.o
 .ARM.attributes
                0x00000297       0x39 _build/nrf52840_xxaa/nrf_balloc.c.o
 .ARM.attributes
                0x000002d0       0x39 _build/nrf52840_xxaa/nrf_fprintf.c.o
 .ARM.attributes
                0x00000309       0x39 _build/nrf52840_xxaa/nrf_fprintf_format.c.o
 .ARM.attributes
                0x00000342       0x39 _build/nrf52840_xxaa/nrf_memobj.c.o
 .ARM.attributes
                0x0000037b       0x39 _build/nrf52840_xxaa/nrf_ringbuf.c.o
 .ARM.attributes
                0x000003b4       0x39 _build/nrf52840_xxaa/nrf_drv_twi.c.o
 .ARM.attributes
                0x000003ed       0x39 _build/nrf52840_xxaa/nrf_drv_uart.c.o
 .ARM.attributes
                0x00000426       0x39 _build/nrf52840_xxaa/nrfx_prs.c.o
 .ARM.attributes
                0x0000045f       0x39 _build/nrf52840_xxaa/nrfx_twim.c.o
 .ARM.attributes
                0x00000498       0x39 _build/nrf52840_xxaa/nrfx_uart.c.o
 .ARM.attributes
                0x000004d1       0x39 _build/nrf52840_xxaa/nrfx_uarte.c.o
 .ARM.attributes
                0x0000050a       0x39 _build/nrf52840_xxaa/main.c.o
 .ARM.attributes
                0x00000543       0x39 _build/nrf52840_xxaa/system_nrf52840.c.o
 .ARM.attributes
                0x0000057c       0x34 c:/program files (x86)/gnu tools arm embedded/7 2018-q2-update/bin/../lib/gcc/arm-none-eabi/7.3.1/../../../../arm-none-eabi/lib/thumb/v7e-m/fpv4-sp/hard\libc_nano.a(lib_a-exit.o)
 .ARM.attributes
                0x000005b0       0x34 c:/program files (x86)/gnu tools arm embedded/7 2018-q2-update/bin/../lib/gcc/arm-none-eabi/7.3.1/../../../../arm-none-eabi/lib/thumb/v7e-m/fpv4-sp/hard\libc_nano.a(lib_a-impure.o)
 .ARM.attributes
                0x000005e4       0x34 c:/program files (x86)/gnu tools arm embedded/7 2018-q2-update/bin/../lib/gcc/arm-none-eabi/7.3.1/../../../../arm-none-eabi/lib/thumb/v7e-m/fpv4-sp/hard\libc_nano.a(lib_a-init.o)
 .ARM.attributes
                0x00000618       0x34 c:/program files (x86)/gnu tools arm embedded/7 2018-q2-update/bin/../lib/gcc/arm-none-eabi/7.3.1/../../../../arm-none-eabi/lib/thumb/v7e-m/fpv4-sp/hard\libc_nano.a(lib_a-locale.o)
 .ARM.attributes
                0x0000064c       0x34 c:/program files (x86)/gnu tools arm embedded/7 2018-q2-update/bin/../lib/gcc/arm-none-eabi/7.3.1/../../../../arm-none-eabi/lib/thumb/v7e-m/fpv4-sp/hard\libc_nano.a(lib_a-mbtowc_r.o)
 .ARM.attributes
                0x00000680       0x34 c:/program files (x86)/gnu tools arm embedded/7 2018-q2-update/bin/../lib/gcc/arm-none-eabi/7.3.1/../../../../arm-none-eabi/lib/thumb/v7e-m/fpv4-sp/hard\libc_nano.a(lib_a-memcpy-stub.o)
 .ARM.attributes
                0x000006b4       0x34 c:/program files (x86)/gnu tools arm embedded/7 2018-q2-update/bin/../lib/gcc/arm-none-eabi/7.3.1/../../../../arm-none-eabi/lib/thumb/v7e-m/fpv4-sp/hard\libc_nano.a(lib_a-memset.o)
 .ARM.attributes
                0x000006e8       0x1b c:/program files (x86)/gnu tools arm embedded/7 2018-q2-update/bin/../lib/gcc/arm-none-eabi/7.3.1/../../../../arm-none-eabi/lib/thumb/v7e-m/fpv4-sp/hard\libc_nano.a(lib_a-strlen.o)
 .ARM.attributes
                0x00000703       0x34 c:/program files (x86)/gnu tools arm embedded/7 2018-q2-update/bin/../lib/gcc/arm-none-eabi/7.3.1/../../../../arm-none-eabi/lib/thumb/v7e-m/fpv4-sp/hard\libc_nano.a(lib_a-wctomb_r.o)
 .ARM.attributes
                0x00000737       0x34 c:/program files (x86)/gnu tools arm embedded/7 2018-q2-update/bin/../lib/gcc/arm-none-eabi/7.3.1/../../../../arm-none-eabi/lib/thumb/v7e-m/fpv4-sp/hard\libc_nano.a(lib_a-ctype_.o)
 .ARM.attributes
                0x0000076b       0x34 c:/program files (x86)/gnu tools arm embedded/7 2018-q2-update/bin/../lib/gcc/arm-none-eabi/7.3.1/../../../../arm-none-eabi/lib/thumb/v7e-m/fpv4-sp/hard\libnosys.a(_exit.o)
 .ARM.attributes
                0x0000079f       0x34 c:/program files (x86)/gnu tools arm embedded/7 2018-q2-update/bin/../lib/gcc/arm-none-eabi/7.3.1/thumb/v7e-m/fpv4-sp/hard/crtend.o
 .ARM.attributes
                0x000007d3       0x22 c:/program files (x86)/gnu tools arm embedded/7 2018-q2-update/bin/../lib/gcc/arm-none-eabi/7.3.1/thumb/v7e-m/fpv4-sp/hard/crtn.o

.comment        0x00000000       0x7f
 .comment       0x00000000       0x7f _build/nrf52840_xxaa/nrf_log_backend_serial.c.o
                                 0x80 (size before relaxing)
 .comment       0x0000007f       0x80 _build/nrf52840_xxaa/nrf_log_backend_uart.c.o
 .comment       0x0000007f       0x80 _build/nrf52840_xxaa/nrf_log_default_backends.c.o
 .comment       0x0000007f       0x80 _build/nrf52840_xxaa/nrf_log_frontend.c.o
 .comment       0x0000007f       0x80 _build/nrf52840_xxaa/nrf_log_str_formatter.c.o
 .comment       0x0000007f       0x80 _build/nrf52840_xxaa/app_error.c.o
 .comment       0x0000007f       0x80 _build/nrf52840_xxaa/app_error_weak.c.o
 .comment       0x0000007f       0x80 _build/nrf52840_xxaa/app_util_platform.c.o
 .comment       0x0000007f       0x80 _build/nrf52840_xxaa/nrf_atomic.c.o
 .comment       0x0000007f       0x80 _build/nrf52840_xxaa/nrf_balloc.c.o
 .comment       0x0000007f       0x80 _build/nrf52840_xxaa/nrf_fprintf.c.o
 .comment       0x0000007f       0x80 _build/nrf52840_xxaa/nrf_fprintf_format.c.o
 .comment       0x0000007f       0x80 _build/nrf52840_xxaa/nrf_memobj.c.o
 .comment       0x0000007f       0x80 _build/nrf52840_xxaa/nrf_ringbuf.c.o
 .comment       0x0000007f       0x80 _build/nrf52840_xxaa/nrf_drv_twi.c.o
 .comment       0x0000007f       0x80 _build/nrf52840_xxaa/nrf_drv_uart.c.o
 .comment       0x0000007f       0x80 _build/nrf52840_xxaa/nrfx_prs.c.o
 .comment       0x0000007f       0x80 _build/nrf52840_xxaa/nrfx_twim.c.o
 .comment       0x0000007f       0x80 _build/nrf52840_xxaa/nrfx_uart.c.o
 .comment       0x0000007f       0x80 _build/nrf52840_xxaa/nrfx_uarte.c.o
 .comment       0x0000007f       0x80 _build/nrf52840_xxaa/main.c.o
 .comment       0x0000007f       0x80 _build/nrf52840_xxaa/system_nrf52840.c.o

.debug_line     0x00000000     0xc780
 .debug_line    0x00000000       0x89 _build/nrf52840_xxaa/gcc_startup_nrf52840.S.o
 .debug_line    0x00000089      0x800 _build/nrf52840_xxaa/nrf_log_backend_serial.c.o
 .debug_line    0x00000889      0xa7b _build/nrf52840_xxaa/nrf_log_backend_uart.c.o
 .debug_line    0x00001304      0x77e _build/nrf52840_xxaa/nrf_log_default_backends.c.o
 .debug_line    0x00001a82      0xea3 _build/nrf52840_xxaa/nrf_log_frontend.c.o
 .debug_line    0x00002925      0x873 _build/nrf52840_xxaa/nrf_log_str_formatter.c.o
 .debug_line    0x00003198      0x50f _build/nrf52840_xxaa/app_error.c.o
 .debug_line    0x000036a7      0x7d3 _build/nrf52840_xxaa/app_error_weak.c.o
 .debug_line    0x00003e7a      0x5ae _build/nrf52840_xxaa/app_util_platform.c.o
 .debug_line    0x00004428      0x6c0 _build/nrf52840_xxaa/nrf_atomic.c.o
 .debug_line    0x00004ae8      0x749 _build/nrf52840_xxaa/nrf_balloc.c.o
 .debug_line    0x00005231      0x559 _build/nrf52840_xxaa/nrf_fprintf.c.o
 .debug_line    0x0000578a      0x769 _build/nrf52840_xxaa/nrf_fprintf_format.c.o
 .debug_line    0x00005ef3      0x82d _build/nrf52840_xxaa/nrf_memobj.c.o
 .debug_line    0x00006720      0x6ec _build/nrf52840_xxaa/nrf_ringbuf.c.o
 .debug_line    0x00006e0c      0x909 _build/nrf52840_xxaa/nrf_drv_twi.c.o
 .debug_line    0x00007715      0x7d2 _build/nrf52840_xxaa/nrf_drv_uart.c.o
 .debug_line    0x00007ee7      0x8c9 _build/nrf52840_xxaa/nrfx_prs.c.o
 .debug_line    0x000087b0     0x1139 _build/nrf52840_xxaa/nrfx_twim.c.o
 .debug_line    0x000098e9      0xffd _build/nrf52840_xxaa/nrfx_uart.c.o
 .debug_line    0x0000a8e6      0xf25 _build/nrf52840_xxaa/nrfx_uarte.c.o
 .debug_line    0x0000b80b      0xb60 _build/nrf52840_xxaa/main.c.o
 .debug_line    0x0000c36b      0x415 _build/nrf52840_xxaa/system_nrf52840.c.o

.debug_info     0x00000000    0x22c25
 .debug_info    0x00000000       0x26 _build/nrf52840_xxaa/gcc_startup_nrf52840.S.o
 .debug_info    0x00000026     0x10d4 _build/nrf52840_xxaa/nrf_log_backend_serial.c.o
 .debug_info    0x000010fa     0x1a9f _build/nrf52840_xxaa/nrf_log_backend_uart.c.o
 .debug_info    0x00002b99      0xc7b _build/nrf52840_xxaa/nrf_log_default_backends.c.o
 .debug_info    0x00003814     0x3848 _build/nrf52840_xxaa/nrf_log_frontend.c.o
 .debug_info    0x0000705c     0x132f _build/nrf52840_xxaa/nrf_log_str_formatter.c.o
 .debug_info    0x0000838b      0xaeb _build/nrf52840_xxaa/app_error.c.o
 .debug_info    0x00008e76      0xecd _build/nrf52840_xxaa/app_error_weak.c.o
 .debug_info    0x00009d43      0xfca _build/nrf52840_xxaa/app_util_platform.c.o
 .debug_info    0x0000ad0d     0x122a _build/nrf52840_xxaa/nrf_atomic.c.o
 .debug_info    0x0000bf37      0xd20 _build/nrf52840_xxaa/nrf_balloc.c.o
 .debug_info    0x0000cc57      0xaa8 _build/nrf52840_xxaa/nrf_fprintf.c.o
 .debug_info    0x0000d6ff     0x132f _build/nrf52840_xxaa/nrf_fprintf_format.c.o
 .debug_info    0x0000ea2e     0x1320 _build/nrf52840_xxaa/nrf_memobj.c.o
 .debug_info    0x0000fd4e      0xdee _build/nrf52840_xxaa/nrf_ringbuf.c.o
 .debug_info    0x00010b3c     0x1ce4 _build/nrf52840_xxaa/nrf_drv_twi.c.o
 .debug_info    0x00012820     0x192e _build/nrf52840_xxaa/nrf_drv_uart.c.o
 .debug_info    0x0001414e     0x1080 _build/nrf52840_xxaa/nrfx_prs.c.o
 .debug_info    0x000151ce     0x3b11 _build/nrf52840_xxaa/nrfx_twim.c.o
 .debug_info    0x00018cdf     0x3948 _build/nrf52840_xxaa/nrfx_uart.c.o
 .debug_info    0x0001c627     0x365a _build/nrf52840_xxaa/nrfx_uarte.c.o
 .debug_info    0x0001fc81     0x1c3a _build/nrf52840_xxaa/main.c.o
 .debug_info    0x000218bb     0x136a _build/nrf52840_xxaa/system_nrf52840.c.o

.debug_abbrev   0x00000000     0x488f
 .debug_abbrev  0x00000000       0x14 _build/nrf52840_xxaa/gcc_startup_nrf52840.S.o
 .debug_abbrev  0x00000014      0x27f _build/nrf52840_xxaa/nrf_log_backend_serial.c.o
 .debug_abbrev  0x00000293      0x3ca _build/nrf52840_xxaa/nrf_log_backend_uart.c.o
 .debug_abbrev  0x0000065d      0x256 _build/nrf52840_xxaa/nrf_log_default_backends.c.o
 .debug_abbrev  0x000008b3      0x598 _build/nrf52840_xxaa/nrf_log_frontend.c.o
 .debug_abbrev  0x00000e4b      0x2ba _build/nrf52840_xxaa/nrf_log_str_formatter.c.o
 .debug_abbrev  0x00001105      0x235 _build/nrf52840_xxaa/app_error.c.o
 .debug_abbrev  0x0000133a      0x298 _build/nrf52840_xxaa/app_error_weak.c.o
 .debug_abbrev  0x000015d2      0x326 _build/nrf52840_xxaa/app_util_platform.c.o
 .debug_abbrev  0x000018f8      0x31f _build/nrf52840_xxaa/nrf_atomic.c.o
 .debug_abbrev  0x00001c17      0x2f1 _build/nrf52840_xxaa/nrf_balloc.c.o
 .debug_abbrev  0x00001f08      0x239 _build/nrf52840_xxaa/nrf_fprintf.c.o
 .debug_abbrev  0x00002141      0x347 _build/nrf52840_xxaa/nrf_fprintf_format.c.o
 .debug_abbrev  0x00002488      0x350 _build/nrf52840_xxaa/nrf_memobj.c.o
 .debug_abbrev  0x000027d8      0x265 _build/nrf52840_xxaa/nrf_ringbuf.c.o
 .debug_abbrev  0x00002a3d      0x3f4 _build/nrf52840_xxaa/nrf_drv_twi.c.o
 .debug_abbrev  0x00002e31      0x298 _build/nrf52840_xxaa/nrf_drv_uart.c.o
 .debug_abbrev  0x000030c9      0x305 _build/nrf52840_xxaa/nrfx_prs.c.o
 .debug_abbrev  0x000033ce      0x4fc _build/nrf52840_xxaa/nrfx_twim.c.o
 .debug_abbrev  0x000038ca      0x4fe _build/nrf52840_xxaa/nrfx_uart.c.o
 .debug_abbrev  0x00003dc8      0x4c8 _build/nrf52840_xxaa/nrfx_uarte.c.o
 .debug_abbrev  0x00004290      0x414 _build/nrf52840_xxaa/main.c.o
 .debug_abbrev  0x000046a4      0x1eb _build/nrf52840_xxaa/system_nrf52840.c.o

.debug_aranges  0x00000000      0x638
 .debug_aranges
                0x00000000       0x20 _build/nrf52840_xxaa/gcc_startup_nrf52840.S.o
 .debug_aranges
                0x00000020       0x20 _build/nrf52840_xxaa/nrf_log_backend_serial.c.o
 .debug_aranges
                0x00000040       0x48 _build/nrf52840_xxaa/nrf_log_backend_uart.c.o
 .debug_aranges
                0x00000088       0x20 _build/nrf52840_xxaa/nrf_log_default_backends.c.o
 .debug_aranges
                0x000000a8       0xc8 _build/nrf52840_xxaa/nrf_log_frontend.c.o
 .debug_aranges
                0x00000170       0x30 _build/nrf52840_xxaa/nrf_log_str_formatter.c.o
 .debug_aranges
                0x000001a0       0x28 _build/nrf52840_xxaa/app_error.c.o
 .debug_aranges
                0x000001c8       0x20 _build/nrf52840_xxaa/app_error_weak.c.o
 .debug_aranges
                0x000001e8       0x48 _build/nrf52840_xxaa/app_util_platform.c.o
 .debug_aranges
                0x00000230       0xb0 _build/nrf52840_xxaa/nrf_atomic.c.o
 .debug_aranges
                0x000002e0       0x30 _build/nrf52840_xxaa/nrf_balloc.c.o
 .debug_aranges
                0x00000310       0x28 _build/nrf52840_xxaa/nrf_fprintf.c.o
 .debug_aranges
                0x00000338       0x28 _build/nrf52840_xxaa/nrf_fprintf_format.c.o
 .debug_aranges
                0x00000360       0x50 _build/nrf52840_xxaa/nrf_memobj.c.o
 .debug_aranges
                0x000003b0       0x50 _build/nrf52840_xxaa/nrf_ringbuf.c.o
 .debug_aranges
                0x00000400       0x28 _build/nrf52840_xxaa/nrf_drv_twi.c.o
 .debug_aranges
                0x00000428       0x30 _build/nrf52840_xxaa/nrf_drv_uart.c.o
 .debug_aranges
                0x00000458       0x30 _build/nrf52840_xxaa/nrfx_prs.c.o
 .debug_aranges
                0x00000488       0x70 _build/nrf52840_xxaa/nrfx_twim.c.o
 .debug_aranges
                0x000004f8       0x78 _build/nrf52840_xxaa/nrfx_uart.c.o
 .debug_aranges
                0x00000570       0x68 _build/nrf52840_xxaa/nrfx_uarte.c.o
 .debug_aranges
                0x000005d8       0x38 _build/nrf52840_xxaa/main.c.o
 .debug_aranges
                0x00000610       0x28 _build/nrf52840_xxaa/system_nrf52840.c.o

.debug_str      0x00000000    0x91646
 .debug_str     0x00000000       0xb2 _build/nrf52840_xxaa/gcc_startup_nrf52840.S.o
 .debug_str     0x000000b2    0x84a4f _build/nrf52840_xxaa/nrf_log_backend_serial.c.o
                              0x85f3c (size before relaxing)
 .debug_str     0x00084b01     0x44c6 _build/nrf52840_xxaa/nrf_log_backend_uart.c.o
                              0x89f4e (size before relaxing)
 .debug_str     0x00088fc7      0x11c _build/nrf52840_xxaa/nrf_log_default_backends.c.o
                              0x85cf3 (size before relaxing)
 .debug_str     0x000890e3     0x1366 _build/nrf52840_xxaa/nrf_log_frontend.c.o
                              0x8719e (size before relaxing)
 .debug_str     0x0008a449      0x6a4 _build/nrf52840_xxaa/nrf_log_str_formatter.c.o
                              0x86454 (size before relaxing)
 .debug_str     0x0008aaed       0xf4 _build/nrf52840_xxaa/app_error.c.o
                              0x77e86 (size before relaxing)
 .debug_str     0x0008abe1       0xd9 _build/nrf52840_xxaa/app_error_weak.c.o
                              0x863bc (size before relaxing)
 .debug_str     0x0008acba      0x3ec _build/nrf52840_xxaa/app_util_platform.c.o
                              0x786bd (size before relaxing)
 .debug_str     0x0008b0a6      0x6b9 _build/nrf52840_xxaa/nrf_atomic.c.o
                              0x81dfd (size before relaxing)
 .debug_str     0x0008b75f      0x164 _build/nrf52840_xxaa/nrf_balloc.c.o
                              0x85d4c (size before relaxing)
 .debug_str     0x0008b8c3      0x144 _build/nrf52840_xxaa/nrf_fprintf.c.o
                              0x81a56 (size before relaxing)
 .debug_str     0x0008ba07      0x11d _build/nrf52840_xxaa/nrf_fprintf_format.c.o
                              0x81b4b (size before relaxing)
 .debug_str     0x0008bb24      0x1ac _build/nrf52840_xxaa/nrf_memobj.c.o
                              0x84110 (size before relaxing)
 .debug_str     0x0008bcd0       0xe2 _build/nrf52840_xxaa/nrf_ringbuf.c.o
                              0x82802 (size before relaxing)
 .debug_str     0x0008bdb2     0x1b18 _build/nrf52840_xxaa/nrf_drv_twi.c.o
                              0x86fe1 (size before relaxing)
 .debug_str     0x0008d8ca      0x451 _build/nrf52840_xxaa/nrf_drv_uart.c.o
                              0x86775 (size before relaxing)
 .debug_str     0x0008dd1b      0x63d _build/nrf52840_xxaa/nrfx_prs.c.o
                              0x88995 (size before relaxing)
 .debug_str     0x0008e358     0x10df _build/nrf52840_xxaa/nrfx_twim.c.o
                              0x8a3f9 (size before relaxing)
 .debug_str     0x0008f437      0x6cd _build/nrf52840_xxaa/nrfx_uart.c.o
                              0x89b7d (size before relaxing)
 .debug_str     0x0008fb04      0x952 _build/nrf52840_xxaa/nrfx_uarte.c.o
                              0x8a01d (size before relaxing)
 .debug_str     0x00090456      0xc41 _build/nrf52840_xxaa/main.c.o
                              0x8b978 (size before relaxing)
 .debug_str     0x00091097      0x5af _build/nrf52840_xxaa/system_nrf52840.c.o
                              0x73b6c (size before relaxing)

.debug_loc      0x00000000     0xb4df
 .debug_loc     0x00000000      0x160 _build/nrf52840_xxaa/nrf_log_backend_serial.c.o
 .debug_loc     0x00000160      0x227 _build/nrf52840_xxaa/nrf_log_backend_uart.c.o
 .debug_loc     0x00000387       0x15 _build/nrf52840_xxaa/nrf_log_default_backends.c.o
 .debug_loc     0x0000039c     0x27e7 _build/nrf52840_xxaa/nrf_log_frontend.c.o
 .debug_loc     0x00002b83      0x42f _build/nrf52840_xxaa/nrf_log_str_formatter.c.o
 .debug_loc     0x00002fb2       0xca _build/nrf52840_xxaa/app_error.c.o
 .debug_loc     0x0000307c       0x63 _build/nrf52840_xxaa/app_error_weak.c.o
 .debug_loc     0x000030df       0xc3 _build/nrf52840_xxaa/app_util_platform.c.o
 .debug_loc     0x000031a2      0x35c _build/nrf52840_xxaa/nrf_atomic.c.o
 .debug_loc     0x000034fe      0x21b _build/nrf52840_xxaa/nrf_balloc.c.o
 .debug_loc     0x00003719       0x4a _build/nrf52840_xxaa/nrf_fprintf.c.o
 .debug_loc     0x00003763     0x1169 _build/nrf52840_xxaa/nrf_fprintf_format.c.o
 .debug_loc     0x000048cc      0xb27 _build/nrf52840_xxaa/nrf_memobj.c.o
 .debug_loc     0x000053f3      0x5d5 _build/nrf52840_xxaa/nrf_ringbuf.c.o
 .debug_loc     0x000059c8      0x50f _build/nrf52840_xxaa/nrf_drv_twi.c.o
 .debug_loc     0x00005ed7      0x1ae _build/nrf52840_xxaa/nrf_drv_uart.c.o
 .debug_loc     0x00006085       0xc6 _build/nrf52840_xxaa/nrfx_prs.c.o
 .debug_loc     0x0000614b     0x20c0 _build/nrf52840_xxaa/nrfx_twim.c.o
 .debug_loc     0x0000820b     0x1a55 _build/nrf52840_xxaa/nrfx_uart.c.o
 .debug_loc     0x00009c60     0x1572 _build/nrf52840_xxaa/nrfx_uarte.c.o
 .debug_loc     0x0000b1d2      0x30d _build/nrf52840_xxaa/main.c.o

.debug_ranges   0x00000000     0x21f8
 .debug_ranges  0x00000000       0x28 _build/nrf52840_xxaa/nrf_log_backend_serial.c.o
 .debug_ranges  0x00000028       0xb0 _build/nrf52840_xxaa/nrf_log_backend_uart.c.o
 .debug_ranges  0x000000d8       0x10 _build/nrf52840_xxaa/nrf_log_default_backends.c.o
 .debug_ranges  0x000000e8      0x860 _build/nrf52840_xxaa/nrf_log_frontend.c.o
 .debug_ranges  0x00000948       0xb8 _build/nrf52840_xxaa/nrf_log_str_formatter.c.o
 .debug_ranges  0x00000a00       0x18 _build/nrf52840_xxaa/app_error.c.o
 .debug_ranges  0x00000a18       0x10 _build/nrf52840_xxaa/app_error_weak.c.o
 .debug_ranges  0x00000a28       0x50 _build/nrf52840_xxaa/app_util_platform.c.o
 .debug_ranges  0x00000a78       0xb8 _build/nrf52840_xxaa/nrf_atomic.c.o
 .debug_ranges  0x00000b30       0x38 _build/nrf52840_xxaa/nrf_balloc.c.o
 .debug_ranges  0x00000b68       0x18 _build/nrf52840_xxaa/nrf_fprintf.c.o
 .debug_ranges  0x00000b80      0x310 _build/nrf52840_xxaa/nrf_fprintf_format.c.o
 .debug_ranges  0x00000e90       0xb0 _build/nrf52840_xxaa/nrf_memobj.c.o
 .debug_ranges  0x00000f40       0x40 _build/nrf52840_xxaa/nrf_ringbuf.c.o
 .debug_ranges  0x00000f80      0x170 _build/nrf52840_xxaa/nrf_drv_twi.c.o
 .debug_ranges  0x000010f0       0x20 _build/nrf52840_xxaa/nrf_drv_uart.c.o
 .debug_ranges  0x00001110       0x38 _build/nrf52840_xxaa/nrfx_prs.c.o
 .debug_ranges  0x00001148      0x640 _build/nrf52840_xxaa/nrfx_twim.c.o
 .debug_ranges  0x00001788      0x4e8 _build/nrf52840_xxaa/nrfx_uart.c.o
 .debug_ranges  0x00001c70      0x458 _build/nrf52840_xxaa/nrfx_uarte.c.o
 .debug_ranges  0x000020c8       0xf0 _build/nrf52840_xxaa/main.c.o
 .debug_ranges  0x000021b8       0x40 _build/nrf52840_xxaa/system_nrf52840.c.o

.debug_macro    0x00000000     0x6284
 .debug_macro   0x00000000      0x371 _build/nrf52840_xxaa/nrf_log_backend_serial.c.o
 .debug_macro   0x00000371       0x16 _build/nrf52840_xxaa/nrf_log_backend_serial.c.o
 .debug_macro   0x00000387       0x22 _build/nrf52840_xxaa/nrf_log_backend_serial.c.o
 .debug_macro   0x000003a9       0x1c _build/nrf52840_xxaa/nrf_log_backend_serial.c.o
 .debug_macro   0x000003c5       0x10 _build/nrf52840_xxaa/nrf_log_backend_serial.c.o
 .debug_macro   0x000003d5       0x10 _build/nrf52840_xxaa/nrf_log_backend_serial.c.o
 .debug_macro   0x000003e5       0xb6 _build/nrf52840_xxaa/nrf_log_backend_serial.c.o
 .debug_macro   0x0000049b       0x16 _build/nrf52840_xxaa/nrf_log_backend_serial.c.o
 .debug_macro   0x000004b1      0x129 _build/nrf52840_xxaa/nrf_log_backend_serial.c.o
 .debug_macro   0x000005da       0x49 _build/nrf52840_xxaa/nrf_log_backend_serial.c.o
 .debug_macro   0x00000623       0x8c _build/nrf52840_xxaa/nrf_log_backend_serial.c.o
 .debug_macro   0x000006af       0x31 _build/nrf52840_xxaa/nrf_log_backend_serial.c.o
 .debug_macro   0x000006e0       0x55 _build/nrf52840_xxaa/nrf_log_backend_serial.c.o
 .debug_macro   0x00000735       0x98 _build/nrf52840_xxaa/nrf_log_backend_serial.c.o
 .debug_macro   0x000007cd       0x10 _build/nrf52840_xxaa/nrf_log_backend_serial.c.o
 .debug_macro   0x000007dd       0x1d _build/nrf52840_xxaa/nrf_log_backend_serial.c.o
 .debug_macro   0x000007fa       0x2e _build/nrf52840_xxaa/nrf_log_backend_serial.c.o
 .debug_macro   0x00000828       0x1c _build/nrf52840_xxaa/nrf_log_backend_serial.c.o
 .debug_macro   0x00000844      0x185 _build/nrf52840_xxaa/nrf_log_backend_serial.c.o
 .debug_macro   0x000009c9      0x454 _build/nrf52840_xxaa/nrf_log_backend_uart.c.o
 .debug_macro   0x00000e1d      0x429 _build/nrf52840_xxaa/nrf_log_backend_uart.c.o
 .debug_macro   0x00001246       0x52 _build/nrf52840_xxaa/nrf_log_backend_uart.c.o
 .debug_macro   0x00001298      0x25d _build/nrf52840_xxaa/nrf_log_backend_uart.c.o
 .debug_macro   0x000014f5      0x148 _build/nrf52840_xxaa/nrf_log_backend_uart.c.o
 .debug_macro   0x0000163d       0x5a _build/nrf52840_xxaa/nrf_log_backend_uart.c.o
 .debug_macro   0x00001697       0x1d _build/nrf52840_xxaa/nrf_log_backend_uart.c.o
 .debug_macro   0x000016b4       0xac _build/nrf52840_xxaa/nrf_log_backend_uart.c.o
 .debug_macro   0x00001760       0x64 _build/nrf52840_xxaa/nrf_log_backend_uart.c.o
 .debug_macro   0x000017c4       0x20 _build/nrf52840_xxaa/nrf_log_backend_uart.c.o
 .debug_macro   0x000017e4       0x10 _build/nrf52840_xxaa/nrf_log_backend_uart.c.o
 .debug_macro   0x000017f4       0x10 _build/nrf52840_xxaa/nrf_log_backend_uart.c.o
 .debug_macro   0x00001804       0x10 _build/nrf52840_xxaa/nrf_log_backend_uart.c.o
 .debug_macro   0x00001814       0x10 _build/nrf52840_xxaa/nrf_log_backend_uart.c.o
 .debug_macro   0x00001824       0x10 _build/nrf52840_xxaa/nrf_log_backend_uart.c.o
 .debug_macro   0x00001834       0x3f _build/nrf52840_xxaa/nrf_log_backend_uart.c.o
 .debug_macro   0x00001873      0x362 _build/nrf52840_xxaa/nrf_log_default_backends.c.o
 .debug_macro   0x00001bd5       0x10 _build/nrf52840_xxaa/nrf_log_default_backends.c.o
 .debug_macro   0x00001be5      0x3e3 _build/nrf52840_xxaa/nrf_log_frontend.c.o
 .debug_macro   0x00001fc8       0x16 _build/nrf52840_xxaa/nrf_log_frontend.c.o
 .debug_macro   0x00001fde       0x9a _build/nrf52840_xxaa/nrf_log_frontend.c.o
 .debug_macro   0x00002078       0x9e _build/nrf52840_xxaa/nrf_log_frontend.c.o
 .debug_macro   0x00002116      0x3b3 _build/nrf52840_xxaa/nrf_log_str_formatter.c.o
 .debug_macro   0x000024c9       0x9c _build/nrf52840_xxaa/nrf_log_str_formatter.c.o
 .debug_macro   0x00002565      0x21f _build/nrf52840_xxaa/app_error.c.o
 .debug_macro   0x00002784       0x35 _build/nrf52840_xxaa/app_error.c.o
 .debug_macro   0x000027b9       0x97 _build/nrf52840_xxaa/app_error.c.o
 .debug_macro   0x00002850       0xf6 _build/nrf52840_xxaa/app_error.c.o
 .debug_macro   0x00002946      0x361 _build/nrf52840_xxaa/app_error_weak.c.o
 .debug_macro   0x00002ca7       0x16 _build/nrf52840_xxaa/app_error_weak.c.o
 .debug_macro   0x00002cbd       0x92 _build/nrf52840_xxaa/app_error_weak.c.o
 .debug_macro   0x00002d4f      0x235 _build/nrf52840_xxaa/app_util_platform.c.o
 .debug_macro   0x00002f84      0x223 _build/nrf52840_xxaa/nrf_atomic.c.o
 .debug_macro   0x000031a7       0x42 _build/nrf52840_xxaa/nrf_atomic.c.o
 .debug_macro   0x000031e9      0x326 _build/nrf52840_xxaa/nrf_balloc.c.o
 .debug_macro   0x0000350f       0x10 _build/nrf52840_xxaa/nrf_balloc.c.o
 .debug_macro   0x0000351f      0x22f _build/nrf52840_xxaa/nrf_fprintf.c.o
 .debug_macro   0x0000374e       0x58 _build/nrf52840_xxaa/nrf_fprintf.c.o
 .debug_macro   0x000037a6      0x241 _build/nrf52840_xxaa/nrf_fprintf_format.c.o
 .debug_macro   0x000039e7      0x309 _build/nrf52840_xxaa/nrf_memobj.c.o
 .debug_macro   0x00003cf0      0x10e _build/nrf52840_xxaa/nrf_memobj.c.o
 .debug_macro   0x00003dfe       0x86 _build/nrf52840_xxaa/nrf_memobj.c.o
 .debug_macro   0x00003e84       0x54 _build/nrf52840_xxaa/nrf_memobj.c.o
 .debug_macro   0x00003ed8      0x2b8 _build/nrf52840_xxaa/nrf_ringbuf.c.o
 .debug_macro   0x00004190      0x390 _build/nrf52840_xxaa/nrf_drv_twi.c.o
 .debug_macro   0x00004520       0x50 _build/nrf52840_xxaa/nrf_drv_twi.c.o
 .debug_macro   0x00004570       0x38 _build/nrf52840_xxaa/nrf_drv_twi.c.o
 .debug_macro   0x000045a8       0x78 _build/nrf52840_xxaa/nrf_drv_twi.c.o
 .debug_macro   0x00004620       0x10 _build/nrf52840_xxaa/nrf_drv_twi.c.o
 .debug_macro   0x00004630       0x1c _build/nrf52840_xxaa/nrf_drv_twi.c.o
 .debug_macro   0x0000464c      0x363 _build/nrf52840_xxaa/nrf_drv_uart.c.o
 .debug_macro   0x000049af      0x3d0 _build/nrf52840_xxaa/nrfx_prs.c.o
 .debug_macro   0x00004d7f       0x28 _build/nrf52840_xxaa/nrfx_prs.c.o
 .debug_macro   0x00004da7       0x1c _build/nrf52840_xxaa/nrfx_prs.c.o
 .debug_macro   0x00004dc3       0x37 _build/nrf52840_xxaa/nrfx_prs.c.o
 .debug_macro   0x00004dfa      0x17f _build/nrf52840_xxaa/nrfx_prs.c.o
 .debug_macro   0x00004f79       0x42 _build/nrf52840_xxaa/nrfx_prs.c.o
 .debug_macro   0x00004fbb      0x41c _build/nrf52840_xxaa/nrfx_twim.c.o
 .debug_macro   0x000053d7      0x3eb _build/nrf52840_xxaa/nrfx_uart.c.o
 .debug_macro   0x000057c2      0x409 _build/nrf52840_xxaa/nrfx_uarte.c.o
 .debug_macro   0x00005bcb      0x4ad _build/nrf52840_xxaa/main.c.o
 .debug_macro   0x00006078       0x58 _build/nrf52840_xxaa/main.c.o
 .debug_macro   0x000060d0       0x5c _build/nrf52840_xxaa/main.c.o
 .debug_macro   0x0000612c       0x57 _build/nrf52840_xxaa/main.c.o
 .debug_macro   0x00006183       0x10 _build/nrf52840_xxaa/main.c.o
 .debug_macro   0x00006193       0xf1 _build/nrf52840_xxaa/system_nrf52840.c.o

.debug_frame    0x00000000     0x1280
 .debug_frame   0x00000000       0x40 _build/nrf52840_xxaa/nrf_log_backend_serial.c.o
 .debug_frame   0x00000040       0xb0 _build/nrf52840_xxaa/nrf_log_backend_uart.c.o
 .debug_frame   0x000000f0       0x28 _build/nrf52840_xxaa/nrf_log_default_backends.c.o
 .debug_frame   0x00000118      0x300 _build/nrf52840_xxaa/nrf_log_frontend.c.o
 .debug_frame   0x00000418       0x7c _build/nrf52840_xxaa/nrf_log_str_formatter.c.o
 .debug_frame   0x00000494       0x54 _build/nrf52840_xxaa/app_error.c.o
 .debug_frame   0x000004e8       0x28 _build/nrf52840_xxaa/app_error_weak.c.o
 .debug_frame   0x00000510       0x70 _build/nrf52840_xxaa/app_util_platform.c.o
 .debug_frame   0x00000580      0x150 _build/nrf52840_xxaa/nrf_atomic.c.o
 .debug_frame   0x000006d0       0x6c _build/nrf52840_xxaa/nrf_balloc.c.o
 .debug_frame   0x0000073c       0x5c _build/nrf52840_xxaa/nrf_fprintf.c.o
 .debug_frame   0x00000798       0xa8 _build/nrf52840_xxaa/nrf_fprintf_format.c.o
 .debug_frame   0x00000840       0xd8 _build/nrf52840_xxaa/nrf_memobj.c.o
 .debug_frame   0x00000918       0xd8 _build/nrf52840_xxaa/nrf_ringbuf.c.o
 .debug_frame   0x000009f0       0x6c _build/nrf52840_xxaa/nrf_drv_twi.c.o
 .debug_frame   0x00000a5c       0x80 _build/nrf52840_xxaa/nrf_drv_uart.c.o
 .debug_frame   0x00000adc       0x4c _build/nrf52840_xxaa/nrfx_prs.c.o
 .debug_frame   0x00000b28      0x1b8 _build/nrf52840_xxaa/nrfx_twim.c.o
 .debug_frame   0x00000ce0      0x198 _build/nrf52840_xxaa/nrfx_uart.c.o
 .debug_frame   0x00000e78      0x194 _build/nrf52840_xxaa/nrfx_uarte.c.o
 .debug_frame   0x0000100c       0x8c _build/nrf52840_xxaa/main.c.o
 .debug_frame   0x00001098       0x40 _build/nrf52840_xxaa/system_nrf52840.c.o
 .debug_frame   0x000010d8       0x28 c:/program files (x86)/gnu tools arm embedded/7 2018-q2-update/bin/../lib/gcc/arm-none-eabi/7.3.1/../../../../arm-none-eabi/lib/thumb/v7e-m/fpv4-sp/hard\libc_nano.a(lib_a-exit.o)
 .debug_frame   0x00001100       0x2c c:/program files (x86)/gnu tools arm embedded/7 2018-q2-update/bin/../lib/gcc/arm-none-eabi/7.3.1/../../../../arm-none-eabi/lib/thumb/v7e-m/fpv4-sp/hard\libc_nano.a(lib_a-init.o)
 .debug_frame   0x0000112c       0x68 c:/program files (x86)/gnu tools arm embedded/7 2018-q2-update/bin/../lib/gcc/arm-none-eabi/7.3.1/../../../../arm-none-eabi/lib/thumb/v7e-m/fpv4-sp/hard\libc_nano.a(lib_a-locale.o)
 .debug_frame   0x00001194       0x48 c:/program files (x86)/gnu tools arm embedded/7 2018-q2-update/bin/../lib/gcc/arm-none-eabi/7.3.1/../../../../arm-none-eabi/lib/thumb/v7e-m/fpv4-sp/hard\libc_nano.a(lib_a-mbtowc_r.o)
 .debug_frame   0x000011dc       0x28 c:/program files (x86)/gnu tools arm embedded/7 2018-q2-update/bin/../lib/gcc/arm-none-eabi/7.3.1/../../../../arm-none-eabi/lib/thumb/v7e-m/fpv4-sp/hard\libc_nano.a(lib_a-memcpy-stub.o)
 .debug_frame   0x00001204       0x20 c:/program files (x86)/gnu tools arm embedded/7 2018-q2-update/bin/../lib/gcc/arm-none-eabi/7.3.1/../../../../arm-none-eabi/lib/thumb/v7e-m/fpv4-sp/hard\libc_nano.a(lib_a-memset.o)
 .debug_frame   0x00001224       0x3c c:/program files (x86)/gnu tools arm embedded/7 2018-q2-update/bin/../lib/gcc/arm-none-eabi/7.3.1/../../../../arm-none-eabi/lib/thumb/v7e-m/fpv4-sp/hard\libc_nano.a(lib_a-wctomb_r.o)
 .debug_frame   0x00001260       0x20 c:/program files (x86)/gnu tools arm embedded/7 2018-q2-update/bin/../lib/gcc/arm-none-eabi/7.3.1/../../../../arm-none-eabi/lib/thumb/v7e-m/fpv4-sp/hard\libnosys.a(_exit.o)
