Archive member included to satisfy reference by file (symbol)

c:/program files (x86)/gnu tools arm embedded/7 2018-q2-update/bin/../lib/gcc/arm-none-eabi/7.3.1/../../../../arm-none-eabi/lib/thumb/v7e-m/fpv4-sp/hard\libc_nano.a(lib_a-exit.o)
                              c:/program files (x86)/gnu tools arm embedded/7 2018-q2-update/bin/../lib/gcc/arm-none-eabi/7.3.1/../../../../arm-none-eabi/lib/thumb/v7e-m/fpv4-sp/hard/crt0.o (exit)
c:/program files (x86)/gnu tools arm embedded/7 2018-q2-update/bin/../lib/gcc/arm-none-eabi/7.3.1/../../../../arm-none-eabi/lib/thumb/v7e-m/fpv4-sp/hard\libc_nano.a(lib_a-impure.o)
                              c:/program files (x86)/gnu tools arm embedded/7 2018-q2-update/bin/../lib/gcc/arm-none-eabi/7.3.1/../../../../arm-none-eabi/lib/thumb/v7e-m/fpv4-sp/hard\libc_nano.a(lib_a-exit.o) (_global_impure_ptr)
c:/program files (x86)/gnu tools arm embedded/7 2018-q2-update/bin/../lib/gcc/arm-none-eabi/7.3.1/../../../../arm-none-eabi/lib/thumb/v7e-m/fpv4-sp/hard\libc_nano.a(lib_a-init.o)
                              c:/program files (x86)/gnu tools arm embedded/7 2018-q2-update/bin/../lib/gcc/arm-none-eabi/7.3.1/../../../../arm-none-eabi/lib/thumb/v7e-m/fpv4-sp/hard/crt0.o (__libc_init_array)
c:/program files (x86)/gnu tools arm embedded/7 2018-q2-update/bin/../lib/gcc/arm-none-eabi/7.3.1/../../../../arm-none-eabi/lib/thumb/v7e-m/fpv4-sp/hard\libc_nano.a(lib_a-locale.o)
                              _build/nrf52840_xxaa/nrf_log_str_formatter.c.o (__locale_ctype_ptr)
c:/program files (x86)/gnu tools arm embedded/7 2018-q2-update/bin/../lib/gcc/arm-none-eabi/7.3.1/../../../../arm-none-eabi/lib/thumb/v7e-m/fpv4-sp/hard\libc_nano.a(lib_a-mbtowc_r.o)
                              c:/program files (x86)/gnu tools arm embedded/7 2018-q2-update/bin/../lib/gcc/arm-none-eabi/7.3.1/../../../../arm-none-eabi/lib/thumb/v7e-m/fpv4-sp/hard\libc_nano.a(lib_a-locale.o) (__ascii_mbtowc)
c:/program files (x86)/gnu tools arm embedded/7 2018-q2-update/bin/../lib/gcc/arm-none-eabi/7.3.1/../../../../arm-none-eabi/lib/thumb/v7e-m/fpv4-sp/hard\libc_nano.a(lib_a-memcmp.o)
                              _build/nrf52840_xxaa/app_usbd_hid_kbd.c.o (memcmp)
c:/program files (x86)/gnu tools arm embedded/7 2018-q2-update/bin/../lib/gcc/arm-none-eabi/7.3.1/../../../../arm-none-eabi/lib/thumb/v7e-m/fpv4-sp/hard\libc_nano.a(lib_a-memcpy-stub.o)
                              _build/nrf52840_xxaa/nrf_log_frontend.c.o (memcpy)
c:/program files (x86)/gnu tools arm embedded/7 2018-q2-update/bin/../lib/gcc/arm-none-eabi/7.3.1/../../../../arm-none-eabi/lib/thumb/v7e-m/fpv4-sp/hard\libc_nano.a(lib_a-memmove.o)
                              _build/nrf52840_xxaa/nrf_cli.c.o (memmove)
c:/program files (x86)/gnu tools arm embedded/7 2018-q2-update/bin/../lib/gcc/arm-none-eabi/7.3.1/../../../../arm-none-eabi/lib/thumb/v7e-m/fpv4-sp/hard\libc_nano.a(lib_a-memset.o)
                              c:/program files (x86)/gnu tools arm embedded/7 2018-q2-update/bin/../lib/gcc/arm-none-eabi/7.3.1/../../../../arm-none-eabi/lib/thumb/v7e-m/fpv4-sp/hard/crt0.o (memset)
c:/program files (x86)/gnu tools arm embedded/7 2018-q2-update/bin/../lib/gcc/arm-none-eabi/7.3.1/../../../../arm-none-eabi/lib/thumb/v7e-m/fpv4-sp/hard\libc_nano.a(lib_a-qsort.o)
                              _build/nrf52840_xxaa/nrf_cli.c.o (qsort)
c:/program files (x86)/gnu tools arm embedded/7 2018-q2-update/bin/../lib/gcc/arm-none-eabi/7.3.1/../../../../arm-none-eabi/lib/thumb/v7e-m/fpv4-sp/hard\libc_nano.a(lib_a-sscanf.o)
                              _build/nrf52840_xxaa/bsp_cli.c.o (sscanf)
c:/program files (x86)/gnu tools arm embedded/7 2018-q2-update/bin/../lib/gcc/arm-none-eabi/7.3.1/../../../../arm-none-eabi/lib/thumb/v7e-m/fpv4-sp/hard\libc_nano.a(lib_a-stdio.o)
                              c:/program files (x86)/gnu tools arm embedded/7 2018-q2-update/bin/../lib/gcc/arm-none-eabi/7.3.1/../../../../arm-none-eabi/lib/thumb/v7e-m/fpv4-sp/hard\libc_nano.a(lib_a-sscanf.o) (__seofread)
c:/program files (x86)/gnu tools arm embedded/7 2018-q2-update/bin/../lib/gcc/arm-none-eabi/7.3.1/../../../../arm-none-eabi/lib/thumb/v7e-m/fpv4-sp/hard\libc_nano.a(lib_a-strchr.o)
                              _build/nrf52840_xxaa/fnmatch.c.o (strchr)
c:/program files (x86)/gnu tools arm embedded/7 2018-q2-update/bin/../lib/gcc/arm-none-eabi/7.3.1/../../../../arm-none-eabi/lib/thumb/v7e-m/fpv4-sp/hard\libc_nano.a(lib_a-strcmp.o)
                              _build/nrf52840_xxaa/nrf_log_frontend.c.o (strcmp)
c:/program files (x86)/gnu tools arm embedded/7 2018-q2-update/bin/../lib/gcc/arm-none-eabi/7.3.1/../../../../arm-none-eabi/lib/thumb/v7e-m/fpv4-sp/hard\libc_nano.a(lib_a-strcpy.o)
                              _build/nrf52840_xxaa/nrf_cli.c.o (strcpy)
c:/program files (x86)/gnu tools arm embedded/7 2018-q2-update/bin/../lib/gcc/arm-none-eabi/7.3.1/../../../../arm-none-eabi/lib/thumb/v7e-m/fpv4-sp/hard\libc_nano.a(lib_a-strlen.o)
[...]
Memory Configuration

Name             Origin             Length             Attributes
FLASH            0x00026000         0x000da000         xr
RAM              0x200022e0         0x0003dd20         xrw
*default*        0x00000000         0xffffffff

Linker script and memory map


.text           0x00026000    0x11138
 *(.isr_vector)
 .isr_vector    0x00026000      0x200 _build/nrf52840_xxaa/gcc_startup_nrf52840.S.o
                0x00026000                __isr_vector
 *(.text*)
 .text          0x00026200       0x40 c:/program files (x86)/gnu tools arm embedded/7 2018-q2-update/bin/../lib/gcc/arm-none-eabi/7.3.1/thumb/v7e-m/fpv4-sp/hard/crtbegin.o
 .text          0x00026240       0x74 c:/program files (x86)/gnu tools arm embedded/7 2018-q2-update/bin/../lib/gcc/arm-none-eabi/7.3.1/../../../../arm-none-eabi/lib/thumb/v7e-m/fpv4-sp/hard/crt0.o
                0x00026240                _start
                0x00026240                _mainCRTStartup
 .text          0x000262b4       0x3c _build/nrf52840_xxaa/gcc_startup_nrf52840.S.o
                0x000262b4                Reset_Handler
                0x000262dc                NMI_Handler
                0x000262e0                MemoryManagement_Handler
                0x000262e2                BusFault_Handler
                0x000262e4                UsageFault_Handler
                0x000262e6                SVC_Handler
                0x000262e8                DebugMon_Handler
                0x000262ea                PendSV_Handler
                0x000262ec                SysTick_Handler
                0x000262ee                PDM_IRQHandler
                0x000262ee                TEMP_IRQHandler
                0x000262ee                QDEC_IRQHandler
                0x000262ee                TIMER3_IRQHandler
                0x000262ee                PWM3_IRQHandler
                0x000262ee                RTC0_IRQHandler
                0x000262ee                PWM1_IRQHandler
                0x000262ee                TIMER4_IRQHandler
                0x000262ee                RADIO_IRQHandler
                0x000262ee                I2S_IRQHandler
                0x000262ee                SWI4_EGU4_IRQHandler
                0x000262ee                TIMER0_IRQHandler
                0x000262ee                FPU_IRQHandler
                0x000262ee                UARTE1_IRQHandler
                0x000262ee                TIMER1_IRQHandler
                0x000262ee                SPIM3_IRQHandler
                0x000262ee                PWM2_IRQHandler
                0x000262ee                ECB_IRQHandler
                0x000262ee                Default_Handler
                0x000262ee                SAADC_IRQHandler
                0x000262ee                CCM_AAR_IRQHandler
                0x000262ee                WDT_IRQHandler
                0x000262ee                CRYPTOCELL_IRQHandler
                0x000262ee                SWI5_EGU5_IRQHandler
                0x000262ee                RNG_IRQHandler
                0x000262ee                RTC2_IRQHandler
                0x000262ee                PWM0_IRQHandler
                0x000262ee                SWI3_EGU3_IRQHandler
                0x000262ee                SWI1_EGU1_IRQHandler
                0x000262ee                SPIM2_SPIS2_SPI2_IRQHandler
                0x000262ee                NFCT_IRQHandler
                0x000262ee                SWI2_EGU2_IRQHandler
                0x000262ee                MWU_IRQHandler
                0x000262ee                TIMER2_IRQHandler
                0x000262ee                QSPI_IRQHandler
                0x000262ee                COMP_LPCOMP_IRQHandler
 .text.nrf_log_backend_serial_put
                0x000262f0       0xd4 _build/nrf52840_xxaa/nrf_log_backend_serial.c.o
                0x000262f0                nrf_log_backend_serial_put
 .text.nrf_log_backend_uart_flush
                0x000263c4        0x4 _build/nrf52840_xxaa/nrf_log_backend_uart.c.o
 .text.nrf_log_backend_uart_put
                0x000263c8       0x20 _build/nrf52840_xxaa/nrf_log_backend_uart.c.o
 .text.serial_tx
                0x000263e8       0x54 _build/nrf52840_xxaa/nrf_log_backend_uart.c.o
 .text.nrf_log_backend_uart_panic_set
                0x0002643c       0x68 _build/nrf52840_xxaa/nrf_log_backend_uart.c.o
 .text.severity_lvl_get
                0x000264a4       0x24 _build/nrf52840_xxaa/nrf_log_frontend.c.o
 .text.log_self_halt
                0x000264c8        0xc _build/nrf52840_xxaa/nrf_log_frontend.c.o
 .text.log_self_go
                0x000264d4        0xc _build/nrf52840_xxaa/nrf_log_frontend.c.o
 .text.backend_name_get
                0x000264e0       0x48 _build/nrf52840_xxaa/nrf_log_frontend.c.o
 .text.log_cmd  0x00026528       0x40 _build/nrf52840_xxaa/nrf_log_frontend.c.o
 .text.log_cmd_backends_list
                0x00026568       0x94 _build/nrf52840_xxaa/nrf_log_frontend.c.o
 .text.log_config_load_cmd
                0x000265fc       0x20 _build/nrf52840_xxaa/nrf_log_frontend.c.o
 .text.log_config_store_cmd
                0x0002661c       0x20 _build/nrf52840_xxaa/nrf_log_frontend.c.o
 .text.log_skip
                0x0002663c       0xe0 _build/nrf52840_xxaa/nrf_log_frontend.c.o
 .text.log_backend_halt
                0x0002671c       0x50 _build/nrf52840_xxaa/nrf_log_frontend.c.o
 .text.log_backend_go
                0x0002676c       0x54 _build/nrf52840_xxaa/nrf_log_frontend.c.o
 .text.module_name_get
                0x000267c0       0x54 _build/nrf52840_xxaa/nrf_log_frontend.c.o
 .text.log_status
                0x00026814      0x134 _build/nrf52840_xxaa/nrf_log_frontend.c.o
 .text.log_self_status
                0x00026948        0xc _build/nrf52840_xxaa/nrf_log_frontend.c.o
 .text.log_backend_status
                0x00026954       0x5c _build/nrf52840_xxaa/nrf_log_frontend.c.o
 .text.log_backend_ctrl
                0x000269b0      0x27c _build/nrf52840_xxaa/nrf_log_frontend.c.o
 .text.log_self_ctrl
                0x00026c2c      0x230 _build/nrf52840_xxaa/nrf_log_frontend.c.o
 .text.nrf_log_module_name_get
                0x00026e5c       0x58 _build/nrf52840_xxaa/nrf_log_frontend.c.o
                0x00026e5c                nrf_log_module_name_get
 .text.nrf_log_color_id_get
                0x00026eb4       0x2c _build/nrf52840_xxaa/nrf_log_frontend.c.o
                0x00026eb4                nrf_log_color_id_get
 .text.nrf_log_frontend_std_0
                0x00026ee0      0x108 _build/nrf52840_xxaa/nrf_log_frontend.c.o
                0x00026ee0                nrf_log_frontend_std_0
 .text.nrf_log_frontend_dequeue.part.12
                0x00026fe8      0x2a0 _build/nrf52840_xxaa/nrf_log_frontend.c.o
 .text.nrf_log_frontend_std_1
                0x00027288      0x114 _build/nrf52840_xxaa/nrf_log_frontend.c.o
                0x00027288                nrf_log_frontend_std_1
 .text.nrf_log_frontend_std_2
                0x0002739c      0x11c _build/nrf52840_xxaa/nrf_log_frontend.c.o
                0x0002739c                nrf_log_frontend_std_2
 .text.nrf_log_frontend_std_3
                0x000274b8      0x128 _build/nrf52840_xxaa/nrf_log_frontend.c.o
                0x000274b8                nrf_log_frontend_std_3
 .text.nrf_log_frontend_std_4
                0x000275e0      0x148 _build/nrf52840_xxaa/nrf_log_frontend.c.o
                0x000275e0                nrf_log_frontend_std_4
 .text.nrf_log_frontend_std_5
                0x00027728      0x15c _build/nrf52840_xxaa/nrf_log_frontend.c.o
                0x00027728                nrf_log_frontend_std_5
 .text.nrf_log_frontend_dequeue
                0x00027884       0x18 _build/nrf52840_xxaa/nrf_log_frontend.c.o
                0x00027884                nrf_log_frontend_dequeue
 .text.nrf_log_panic
                0x0002789c       0x2c _build/nrf52840_xxaa/nrf_log_frontend.c.o
                0x0002789c                nrf_log_panic
 .text.nrf_log_std_entry_process
                0x000278c8      0x14c _build/nrf52840_xxaa/nrf_log_str_formatter.c.o
                0x000278c8                nrf_log_std_entry_process
 .text.nrf_log_hexdump_entry_process
                0x00027a14      0x160 _build/nrf52840_xxaa/nrf_log_str_formatter.c.o
                0x00027a14                nrf_log_hexdump_entry_process
 .text.bsp_board_init
                0x00027b74       0xd4 _build/nrf52840_xxaa/boards.c.o
                0x00027b74                bsp_board_init
 .text.app_error_save_and_stop
                0x00027c48       0x64 _build/nrf52840_xxaa/app_error.c.o
                0x00027c48                app_error_save_and_stop
 .text.app_error_handler
                0x00027cac       0x1c _build/nrf52840_xxaa/app_error_handler_gcc.c.o
                0x00027cac                app_error_handler
 .text.app_error_fault_handler
                0x00027cc8       0xec _build/nrf52840_xxaa/app_error_weak.c.o
                0x00027cc8                app_error_fault_handler
 .text.RTC1_IRQHandler
                0x00027db4       0xa0 _build/nrf52840_xxaa/app_timer.c.o
                0x00027db4                RTC1_IRQHandler
 .text.SWI0_EGU0_IRQHandler
                0x00027e54      0x394 _build/nrf52840_xxaa/app_timer.c.o
                0x00027e54                SWI0_EGU0_IRQHandler
 .text.app_timer_init
                0x000281e8       0xa8 _build/nrf52840_xxaa/app_timer.c.o
                0x000281e8                app_timer_init
 .text.app_usbd_hfclk_ready
                0x00028290       0x74 _build/nrf52840_xxaa/app_usbd.c.o
 .text.app_usbd_event_handler
                0x00028304      0x118 _build/nrf52840_xxaa/app_usbd.c.o
 .text.app_usbd_power_event_handler
                0x0002841c       0xb0 _build/nrf52840_xxaa/app_usbd.c.o
 .text.app_usbd_class_descriptor_find
                0x000284cc       0xb8 _build/nrf52840_xxaa/app_usbd.c.o
                0x000284cc                app_usbd_class_descriptor_find
 .text.app_usbd_init
                0x00028584      0x1a0 _build/nrf52840_xxaa/app_usbd.c.o
                0x00028584                app_usbd_init
 .text.app_usbd_power_events_enable
                0x00028724       0x34 _build/nrf52840_xxaa/app_usbd.c.o
                0x00028724                app_usbd_power_events_enable
 .text.app_usbd_enable
                0x00028758        0x4 _build/nrf52840_xxaa/app_usbd.c.o
                0x00028758                app_usbd_enable
 .text.app_usbd_disable
                0x0002875c       0x20 _build/nrf52840_xxaa/app_usbd.c.o
                0x0002875c                app_usbd_disable
 .text.app_usbd_start
                0x0002877c       0x94 _build/nrf52840_xxaa/app_usbd.c.o
                0x0002877c                app_usbd_start
 .text.app_usbd_stop
                0x00028810       0x64 _build/nrf52840_xxaa/app_usbd.c.o
                0x00028810                app_usbd_stop
 .text.app_usbd_suspend_req
                0x00028874       0x64 _build/nrf52840_xxaa/app_usbd.c.o
                0x00028874                app_usbd_suspend_req
 .text.app_usbd_wakeup_req
                0x000288d8       0x94 _build/nrf52840_xxaa/app_usbd.c.o
                0x000288d8                app_usbd_wakeup_req
 .text.app_usbd_class_append
                0x0002896c      0x230 _build/nrf52840_xxaa/app_usbd.c.o
                0x0002896c                app_usbd_class_append
 .text.app_usbd_class_sof_register
                0x00028b9c       0xdc _build/nrf52840_xxaa/app_usbd.c.o
                0x00028b9c                app_usbd_class_sof_register
 .text.app_usbd_class_sof_unregister
                0x00028c78       0x60 _build/nrf52840_xxaa/app_usbd.c.o
                0x00028c78                app_usbd_class_sof_unregister
 .text.app_usbd_class_rwu_register
                0x00028cd8       0x34 _build/nrf52840_xxaa/app_usbd.c.o
                0x00028cd8                app_usbd_class_rwu_register
 .text.app_usbd_class_rwu_unregister
                0x00028d0c       0x34 _build/nrf52840_xxaa/app_usbd.c.o
                0x00028d0c                app_usbd_class_rwu_unregister
 .text.app_usbd_class_rwu_enabled_check
                0x00028d40       0x10 _build/nrf52840_xxaa/app_usbd.c.o
                0x00028d40                app_usbd_class_rwu_enabled_check
 .text.app_usbd_ep_enable
                0x00028d50       0x20 _build/nrf52840_xxaa/app_usbd.c.o
                0x00028d50                app_usbd_ep_enable
 .text.app_usbd_ep_disable
                0x00028d70        0x4 _build/nrf52840_xxaa/app_usbd.c.o
                0x00028d70                app_usbd_ep_disable
 .text.app_usbd_class_first_get
                0x00028d74        0xc _build/nrf52840_xxaa/app_usbd.c.o
                0x00028d74                app_usbd_class_first_get
 .text.app_usbd_iface_find
                0x00028d80       0x4c _build/nrf52840_xxaa/app_usbd.c.o
                0x00028d80                app_usbd_iface_find
 .text.app_usbd_iface_call
                0x00028dcc       0x54 _build/nrf52840_xxaa/app_usbd.c.o
                0x00028dcc                app_usbd_iface_call
 .text.app_usbd_ep_call
                0x00028e20       0x60 _build/nrf52840_xxaa/app_usbd.c.o
                0x00028e20                app_usbd_ep_call
 .text.app_usbd_all_until_served_call
                0x00028e80       0x5c _build/nrf52840_xxaa/app_usbd.c.o
                0x00028e80                app_usbd_all_until_served_call
 .text.app_usbd_ep_transfer
                0x00028edc       0x28 _build/nrf52840_xxaa/app_usbd.c.o
                0x00028edc                app_usbd_ep_transfer
 .text.app_usbd_ep_handled_transfer
                0x00028f04       0x28 _build/nrf52840_xxaa/app_usbd.c.o
                0x00028f04                app_usbd_ep_handled_transfer
 .text.app_usbd_iface_select
                0x00028f2c       0x98 _build/nrf52840_xxaa/app_usbd.c.o
                0x00028f2c                app_usbd_iface_select
 .text.app_usbd_iface_selection_get
                0x00028fc4        0xc _build/nrf52840_xxaa/app_usbd.c.o
                0x00028fc4                app_usbd_iface_selection_get
 .text.app_usbd_all_iface_select_0
                0x00028fd0       0xe8 _build/nrf52840_xxaa/app_usbd.c.o
                0x00028fd0                app_usbd_all_iface_select_0
 .text.app_usbd_all_iface_deselect
                0x000290b8       0x9c _build/nrf52840_xxaa/app_usbd.c.o
                0x000290b8                app_usbd_all_iface_deselect
 .text.app_usbd_event_execute
                0x00029154      0x930 _build/nrf52840_xxaa/app_usbd.c.o
                0x00029154                app_usbd_event_execute
 .text.app_usbd_event_queue_process
                0x00029a84       0xb8 _build/nrf52840_xxaa/app_usbd.c.o
                0x00029a84                app_usbd_event_queue_process
 .text.setup_data_handler_empty
                0x00029b3c        0x4 _build/nrf52840_xxaa/app_usbd_core.c.o
 .text.usbd_descriptor_conf_feeder
                0x00029b40      0x164 _build/nrf52840_xxaa/app_usbd_core.c.o
 .text.app_usbd_core_ep0_enable
                0x00029ca4       0x14 _build/nrf52840_xxaa/app_usbd_core.c.o
                0x00029ca4                app_usbd_core_ep0_enable
 .text.app_usbd_core_ep0_disable
                0x00029cb8       0x14 _build/nrf52840_xxaa/app_usbd_core.c.o
                0x00029cb8                app_usbd_core_ep0_disable
 .text.app_usbd_core_setup_rsp
                0x00029ccc       0x88 _build/nrf52840_xxaa/app_usbd_core.c.o
                0x00029ccc                app_usbd_core_setup_rsp
 .text.app_usbd_core_event_handler
                0x00029d54      0x68c _build/nrf52840_xxaa/app_usbd_core.c.o
 .text.app_usbd_core_setup_data_handler_set
                0x0002a3e0       0x28 _build/nrf52840_xxaa/app_usbd_core.c.o
                0x0002a3e0                app_usbd_core_setup_data_handler_set
 .text.app_usbd_core_setup_transfer_buff_get
                0x0002a408       0x10 _build/nrf52840_xxaa/app_usbd_core.c.o
                0x0002a408                app_usbd_core_setup_transfer_buff_get
 .text.app_usbd_core_feature_state_get
                0x0002a418       0x14 _build/nrf52840_xxaa/app_usbd_core.c.o
                0x0002a418                app_usbd_core_feature_state_get
 .text.app_usbd_hid_event_handler
                0x0002a42c      0x614 _build/nrf52840_xxaa/app_usbd_hid.c.o
                0x0002a42c                app_usbd_hid_event_handler
 .text.app_usbd_hid_rep_buff_in_get
                0x0002aa40       0x1c _build/nrf52840_xxaa/app_usbd_hid.c.o
                0x0002aa40                app_usbd_hid_rep_buff_in_get
 .text.hid_generic_on_set_report_data_cb
                0x0002aa5c       0x18 _build/nrf52840_xxaa/app_usbd_hid_generic.c.o
 .text.hid_generic_feed_descriptors
                0x0002aa74      0x808 _build/nrf52840_xxaa/app_usbd_hid_generic.c.o
 .text.hid_generic_get_class_descriptors_length
                0x0002b27c       0x28 _build/nrf52840_xxaa/app_usbd_hid_generic.c.o
 .text.hid_generic_get_class_descriptors_data
                0x0002b2a4       0x2c _build/nrf52840_xxaa/app_usbd_hid_generic.c.o
 .text.hid_generic_on_get_report
                0x0002b2d0       0x44 _build/nrf52840_xxaa/app_usbd_hid_generic.c.o
 .text.hid_generic_ep_transfer_out
                0x0002b314       0x64 _build/nrf52840_xxaa/app_usbd_hid_generic.c.o
 .text.hid_generic_on_set_report
                0x0002b378       0x78 _build/nrf52840_xxaa/app_usbd_hid_generic.c.o
 .text.hid_generic_idle_handler_set
                0x0002b3f0       0x4c _build/nrf52840_xxaa/app_usbd_hid_generic.c.o
                0x0002b3f0                hid_generic_idle_handler_set
 .text.hid_generic_on_idle
                0x0002b43c       0x40 _build/nrf52840_xxaa/app_usbd_hid_generic.c.o
 .text.hid_generic_event_handler
                0x0002b47c       0x68 _build/nrf52840_xxaa/app_usbd_hid_generic.c.o
 .text.hid_generic_ep_transfer_in
                0x0002b4e4      0x10c _build/nrf52840_xxaa/app_usbd_hid_generic.c.o
 .text.hid_generic_clear_buffer
                0x0002b5f0      0x108 _build/nrf52840_xxaa/app_usbd_hid_generic.c.o
                0x0002b5f0                hid_generic_clear_buffer
 .text.app_usbd_hid_generic_in_report_set
                0x0002b6f8      0x114 _build/nrf52840_xxaa/app_usbd_hid_generic.c.o
                0x0002b6f8                app_usbd_hid_generic_in_report_set
 .text.app_usbd_hid_generic_idle_report_set
                0x0002b80c       0x90 _build/nrf52840_xxaa/app_usbd_hid_generic.c.o
                0x0002b80c                app_usbd_hid_generic_idle_report_set
 .text.app_usbd_string_desc_get
                0x0002b89c       0x84 _build/nrf52840_xxaa/app_usbd_string_desc.c.o
                0x0002b89c                app_usbd_string_desc_get
 .text.app_util_critical_region_enter
                0x0002b920       0x34 _build/nrf52840_xxaa/app_util_platform.c.o
                0x0002b920                app_util_critical_region_enter
 .text.app_util_critical_region_exit
                0x0002b954       0x34 _build/nrf52840_xxaa/app_util_platform.c.o
                0x0002b954                app_util_critical_region_exit
 .text.current_int_priority_get
                0x0002b988       0x3c _build/nrf52840_xxaa/app_util_platform.c.o
                0x0002b988                current_int_priority_get
 .text.HardFault_Handler
                0x0002b9c4       0x34 _build/nrf52840_xxaa/hardfault_handler_gcc.c.o
                0x0002b9c4                HardFault_Handler
 .text.HardFault_process
                0x0002b9f8       0x24 _build/nrf52840_xxaa/hardfault_implementation.c.o
                0x0002b9f8                HardFault_process
 .text.HardFault_c_handler
                0x0002ba1c      0x160 _build/nrf52840_xxaa/hardfault_implementation.c.o
                0x0002ba1c                HardFault_c_handler
 .text.assert_nrf_callback
                0x0002bb7c       0x1c _build/nrf52840_xxaa/nrf_assert.c.o
                0x0002bb7c                assert_nrf_callback
 .text.nrf_atfifo_init
                0x0002bb98       0x30 _build/nrf52840_xxaa/nrf_atfifo.c.o
                0x0002bb98                nrf_atfifo_init
 .text.nrf_atfifo_item_alloc
                0x0002bbc8       0x58 _build/nrf52840_xxaa/nrf_atfifo.c.o
                0x0002bbc8                nrf_atfifo_item_alloc
 .text.nrf_atfifo_item_put
                0x0002bc20       0x20 _build/nrf52840_xxaa/nrf_atfifo.c.o
                0x0002bc20                nrf_atfifo_item_put
 .text.nrf_atfifo_item_get
                0x0002bc40       0x5c _build/nrf52840_xxaa/nrf_atfifo.c.o
                0x0002bc40                nrf_atfifo_item_get
 .text.nrf_atfifo_item_free
                0x0002bc9c       0x20 _build/nrf52840_xxaa/nrf_atfifo.c.o
                0x0002bc9c                nrf_atfifo_item_free
 .text.nrf_atomic_u32_fetch_store
                0x0002bcbc       0x14 _build/nrf52840_xxaa/nrf_atomic.c.o
                0x0002bcbc                nrf_atomic_u32_fetch_store
 .text.nrf_atomic_u32_or
                0x0002bcd0       0x18 _build/nrf52840_xxaa/nrf_atomic.c.o
                0x0002bcd0                nrf_atomic_u32_or
 .text.nrf_atomic_u32_and
                0x0002bce8       0x18 _build/nrf52840_xxaa/nrf_atomic.c.o
                0x0002bce8                nrf_atomic_u32_and
 .text.nrf_atomic_u32_add
                0x0002bd00       0x18 _build/nrf52840_xxaa/nrf_atomic.c.o
                0x0002bd00                nrf_atomic_u32_add
 .text.nrf_atomic_u32_sub
                0x0002bd18       0x18 _build/nrf52840_xxaa/nrf_atomic.c.o
                0x0002bd18                nrf_atomic_u32_sub
 .text.nrf_atomic_u32_sub_hs
                0x0002bd30       0x1c _build/nrf52840_xxaa/nrf_atomic.c.o
                0x0002bd30                nrf_atomic_u32_sub_hs
 .text.nrf_atomic_flag_set
                0x0002bd4c       0x18 _build/nrf52840_xxaa/nrf_atomic.c.o
                0x0002bd4c                nrf_atomic_flag_set
 .text.nrf_atomic_flag_clear_fetch
                0x0002bd64       0x18 _build/nrf52840_xxaa/nrf_atomic.c.o
                0x0002bd64                nrf_atomic_flag_clear_fetch
 .text.nrf_balloc_status
                0x0002bd7c       0xc8 _build/nrf52840_xxaa/nrf_balloc.c.o
 .text.nrf_balloc_alloc
                0x0002be44       0x58 _build/nrf52840_xxaa/nrf_balloc.c.o
                0x0002be44                nrf_balloc_alloc
 .text.nrf_balloc_free
                0x0002be9c       0x4c _build/nrf52840_xxaa/nrf_balloc.c.o
                0x0002be9c                nrf_balloc_free
 .text.cli_write.constprop.52
                0x0002bee8       0xa8 _build/nrf52840_xxaa/nrf_cli.c.o
 .text.cursor_position_get
                0x0002bf90      0x158 _build/nrf52840_xxaa/nrf_cli.c.o
 .text.format_offset_string_print.constprop.51
                0x0002c0e8      0x144 _build/nrf52840_xxaa/nrf_cli.c.o
 .text.nrf_cli_fprintf.constprop.53
                0x0002c22c      0x134 _build/nrf52840_xxaa/nrf_cli.c.o
 .text.nrf_cli_fprintf.constprop.54
                0x0002c360      0x120 _build/nrf52840_xxaa/nrf_cli.c.o
 .text.nrf_cli_help_print.constprop.49
                0x0002c480      0x19c _build/nrf52840_xxaa/nrf_cli.c.o
 .text.nrf_cli_cmd_clear
                0x0002c61c       0x98 _build/nrf52840_xxaa/nrf_cli.c.o
 .text.nrf_cli_fprintf
                0x0002c6b4      0x150 _build/nrf52840_xxaa/nrf_cli.c.o
                0x0002c6b4                nrf_cli_fprintf
 .text.nrf_cli_cmd_cli
                0x0002c804       0x60 _build/nrf52840_xxaa/nrf_cli.c.o
 .text.nrf_cli_cmd_resize
                0x0002c864      0x144 _build/nrf52840_xxaa/nrf_cli.c.o
 .text.nrf_cli_cmd_colors_off
                0x0002c9a8       0x30 _build/nrf52840_xxaa/nrf_cli.c.o
 .text.nrf_cli_cmd_colors_on
                0x0002c9d8       0x30 _build/nrf52840_xxaa/nrf_cli.c.o
 .text.nrf_cli_cmd_cli_stats_reset
                0x0002ca08       0x38 _build/nrf52840_xxaa/nrf_cli.c.o
                0x0002ca08                nrf_cli_cmd_cli_stats_reset
 .text.nrf_cli_cmd_echo_off
                0x0002ca40       0x30 _build/nrf52840_xxaa/nrf_cli.c.o
 .text.nrf_cli_cmd_echo_on
                0x0002ca70       0x30 _build/nrf52840_xxaa/nrf_cli.c.o
 .text.nrf_cli_cmd_cli_stats_show
                0x0002caa0       0x70 _build/nrf52840_xxaa/nrf_cli.c.o
                0x0002caa0                nrf_cli_cmd_cli_stats_show
 .text.nrf_cli_cmd_resize_default
                0x0002cb10       0x60 _build/nrf52840_xxaa/nrf_cli.c.o
 .text.nrf_cli_cmd_echo
                0x0002cb70       0x7c _build/nrf52840_xxaa/nrf_cli.c.o
 .text.nrf_cli_cmd_history
                0x0002cbec       0xc0 _build/nrf52840_xxaa/nrf_cli.c.o
 .text.nrf_cli_cmd_colors
                0x0002ccac       0x88 _build/nrf52840_xxaa/nrf_cli.c.o
 .text.nrf_cli_cmd_cli_stats
                0x0002cd34       0x60 _build/nrf52840_xxaa/nrf_cli.c.o
                0x0002cd34                nrf_cli_cmd_cli_stats
 .text.nrf_cli_help_print
                0x0002cd94      0x320 _build/nrf52840_xxaa/nrf_cli.c.o
                0x0002cd94                nrf_cli_help_print
 .text.nrf_fprintf_buffer_flush
                0x0002d0b4       0x28 _build/nrf52840_xxaa/nrf_fprintf.c.o
                0x0002d0b4                nrf_fprintf_buffer_flush
 .text.nrf_fprintf
                0x0002d0dc       0x64 _build/nrf52840_xxaa/nrf_fprintf.c.o
                0x0002d0dc                nrf_fprintf
 .text.unsigned_print
                0x0002d140      0x10c _build/nrf52840_xxaa/nrf_fprintf_format.c.o
 .text.nrf_fprintf_fmt
                0x0002d24c      0x624 _build/nrf52840_xxaa/nrf_fprintf_format.c.o
                0x0002d24c                nrf_fprintf_fmt
 .text.nrf_memobj_alloc
                0x0002d870       0x84 _build/nrf52840_xxaa/nrf_memobj.c.o
                0x0002d870                nrf_memobj_alloc
 .text.nrf_memobj_get
                0x0002d8f4        0x8 _build/nrf52840_xxaa/nrf_memobj.c.o
                0x0002d8f4                nrf_memobj_get
 .text.nrf_memobj_put
                0x0002d8fc       0x44 _build/nrf52840_xxaa/nrf_memobj.c.o
                0x0002d8fc                nrf_memobj_put
 .text.nrf_memobj_write
                0x0002d940       0xa8 _build/nrf52840_xxaa/nrf_memobj.c.o
                0x0002d940                nrf_memobj_write
 .text.nrf_memobj_read
                0x0002d9e8       0xa8 _build/nrf52840_xxaa/nrf_memobj.c.o
                0x0002d9e8                nrf_memobj_read
 .text.nrf_queue_status
                0x0002da90      0x110 _build/nrf52840_xxaa/nrf_queue.c.o
 .text.nrf_queue_push
                0x0002dba0      0x118 _build/nrf52840_xxaa/nrf_queue.c.o
                0x0002dba0                nrf_queue_push
 .text.nrf_queue_generic_pop
                0x0002dcb8       0xf4 _build/nrf52840_xxaa/nrf_queue.c.o
                0x0002dcb8                nrf_queue_generic_pop
 .text.nrf_queue_is_empty
                0x0002ddac       0x28 _build/nrf52840_xxaa/nrf_queue.c.o
                0x0002ddac                nrf_queue_is_empty
 .text.nrf_queue_max_utilization_get
                0x0002ddd4       0x20 _build/nrf52840_xxaa/nrf_queue.c.o
                0x0002ddd4                nrf_queue_max_utilization_get
 .text.nrf_queue_max_utilization_reset
                0x0002ddf4       0x24 _build/nrf52840_xxaa/nrf_queue.c.o
                0x0002ddf4                nrf_queue_max_utilization_reset
 .text.nrf_strerror_get
                0x0002de18       0x6c _build/nrf52840_xxaa/nrf_strerror.c.o
                0x0002de18                nrf_strerror_get
 .text.clock_irq_handler
                0x0002de84       0x44 _build/nrf52840_xxaa/nrf_drv_clock.c.o
 .text.nrf_drv_clock_init_check
                0x0002dec8        0xc _build/nrf52840_xxaa/nrf_drv_clock.c.o
                0x0002dec8                nrf_drv_clock_init_check
 .text.nrf_drv_clock_init
                0x0002ded4       0x34 _build/nrf52840_xxaa/nrf_drv_clock.c.o
                0x0002ded4                nrf_drv_clock_init
 .text.nrf_drv_clock_lfclk_request
                0x0002df08       0x80 _build/nrf52840_xxaa/nrf_drv_clock.c.o
                0x0002df08                nrf_drv_clock_lfclk_request
 .text.nrf_drv_clock_lfclk_is_running
                0x0002df88       0x28 _build/nrf52840_xxaa/nrf_drv_clock.c.o
                0x0002df88                nrf_drv_clock_lfclk_is_running
 .text.nrf_drv_clock_hfclk_request
                0x0002dfb0       0x84 _build/nrf52840_xxaa/nrf_drv_clock.c.o
                0x0002dfb0                nrf_drv_clock_hfclk_request
 .text.nrf_drv_clock_hfclk_release
                0x0002e034       0x4c _build/nrf52840_xxaa/nrf_drv_clock.c.o
                0x0002e034                nrf_drv_clock_hfclk_release
 .text.nrf_drv_power_init
                0x0002e080       0x28 _build/nrf52840_xxaa/nrf_drv_power.c.o
                0x0002e080                nrf_drv_power_init
 .text.nrf_drv_power_usbevt_init
                0x0002e0a8       0x1c _build/nrf52840_xxaa/nrf_drv_power.c.o
                0x0002e0a8                nrf_drv_power_usbevt_init
 .text.uarte_evt_handler
                0x0002e0c4       0x34 _build/nrf52840_xxaa/nrf_drv_uart.c.o
 .text.uart_evt_handler
                0x0002e0f8       0x34 _build/nrf52840_xxaa/nrf_drv_uart.c.o
 .text.nrf_drv_uart_init
                0x0002e12c       0xa0 _build/nrf52840_xxaa/nrf_drv_uart.c.o
                0x0002e12c                nrf_drv_uart_init
 .text.nrfx_atomic_u32_fetch_and
                0x0002e1cc       0x18 _build/nrf52840_xxaa/nrfx_atomic.c.o
                0x0002e1cc                nrfx_atomic_u32_fetch_and
 .text.nrfx_clock_init
                0x0002e1e4       0x2c _build/nrf52840_xxaa/nrfx_clock.c.o
                0x0002e1e4                nrfx_clock_init
 .text.nrfx_clock_enable
                0x0002e210       0x44 _build/nrf52840_xxaa/nrfx_clock.c.o
                0x0002e210                nrfx_clock_enable
 .text.nrfx_clock_lfclk_start
                0x0002e254       0x44 _build/nrf52840_xxaa/nrfx_clock.c.o
                0x0002e254                nrfx_clock_lfclk_start
 .text.nrfx_clock_hfclk_start
                0x0002e298       0x3c _build/nrf52840_xxaa/nrfx_clock.c.o
                0x0002e298                nrfx_clock_hfclk_start
 .text.nrfx_clock_hfclk_stop
                0x0002e2d4       0x40 _build/nrf52840_xxaa/nrfx_clock.c.o
                0x0002e2d4                nrfx_clock_hfclk_stop
 .text.nrfx_clock_irq_handler
                0x0002e314       0x64 _build/nrf52840_xxaa/nrfx_clock.c.o
                0x0002e314                nrfx_clock_irq_handler
 .text.GPIOTE_IRQHandler
                0x0002e378      0x644 _build/nrf52840_xxaa/nrfx_gpiote.c.o
                0x0002e378                GPIOTE_IRQHandler
 .text.nrfx_power_init
                0x0002e9bc       0x60 _build/nrf52840_xxaa/nrfx_power.c.o
                0x0002e9bc                nrfx_power_init
 .text.nrfx_power_usbevt_init
                0x0002ea1c       0x14 _build/nrf52840_xxaa/nrfx_power.c.o
                0x0002ea1c                nrfx_power_usbevt_init
 .text.nrfx_power_usbevt_enable
                0x0002ea30       0x10 _build/nrf52840_xxaa/nrfx_power.c.o
                0x0002ea30                nrfx_power_usbevt_enable
 .text.nrfx_power_usbevt_disable
                0x0002ea40       0x10 _build/nrf52840_xxaa/nrfx_power.c.o
                0x0002ea40                nrfx_power_usbevt_disable
 .text.nrfx_power_usbevt_uninit
                0x0002ea50        0xc _build/nrf52840_xxaa/nrfx_power.c.o
                0x0002ea50                nrfx_power_usbevt_uninit
 .text.POWER_CLOCK_IRQHandler
                0x0002ea5c      0x14c _build/nrf52840_xxaa/nrfx_power.c.o
                0x0002ea5c                POWER_CLOCK_IRQHandler
 .text.UARTE0_UART0_IRQHandler
                0x0002eba8       0x28 _build/nrf52840_xxaa/nrfx_prs.c.o
                0x0002eba8                UARTE0_UART0_IRQHandler
 .text.nrfx_prs_acquire
                0x0002ebd0       0x58 _build/nrf52840_xxaa/nrfx_prs.c.o
                0x0002ebd0                nrfx_prs_acquire
 .text.nrfx_prs_release
                0x0002ec28       0x28 _build/nrf52840_xxaa/nrfx_prs.c.o
                0x0002ec28                nrfx_prs_release
 .text.nrfx_systick_delay_us
                0x0002ec50       0x64 _build/nrf52840_xxaa/nrfx_systick.c.o
                0x0002ec50                nrfx_systick_delay_us
 .text.nrfx_uart_0_irq_handler
                0x0002ecb4      0x1bc _build/nrf52840_xxaa/nrfx_uart.c.o
                0x0002ecb4                nrfx_uart_0_irq_handler
 .text.nrfx_uart_init
                0x0002ee70      0x2bc _build/nrf52840_xxaa/nrfx_uart.c.o
                0x0002ee70                nrfx_uart_init
 .text.nrfx_uart_uninit
                0x0002f12c      0x150 _build/nrf52840_xxaa/nrfx_uart.c.o
                0x0002f12c                nrfx_uart_uninit
 .text.nrfx_uart_tx
                0x0002f27c      0x124 _build/nrf52840_xxaa/nrfx_uart.c.o
                0x0002f27c                nrfx_uart_tx
 .text.nrfx_uarte_0_irq_handler
                0x0002f3a0      0x11c _build/nrf52840_xxaa/nrfx_uarte.c.o
                0x0002f3a0                nrfx_uarte_0_irq_handler
 .text.nrfx_uarte_init
                0x0002f4bc      0x2d8 _build/nrf52840_xxaa/nrfx_uarte.c.o
                0x0002f4bc                nrfx_uarte_init
 .text.nrfx_uarte_uninit
                0x0002f794      0x154 _build/nrf52840_xxaa/nrfx_uarte.c.o
                0x0002f794                nrfx_uarte_uninit
 .text.nrfx_uarte_tx
                0x0002f8e8      0x120 _build/nrf52840_xxaa/nrfx_uarte.c.o
                0x0002f8e8                nrfx_uarte_tx
 .text.ev_usbreset_handler
                0x0002fa08       0x30 _build/nrf52840_xxaa/nrfx_usbd.c.o
 .text.ev_started_handler
                0x0002fa38        0x4 _build/nrf52840_xxaa/nrfx_usbd.c.o
 .text.nrfx_usbd_consumer
                0x0002fa3c       0x6c _build/nrf52840_xxaa/nrfx_usbd.c.o
                0x0002fa3c                nrfx_usbd_consumer
 .text.nrfx_usbd_feeder_ram
                0x0002faa8       0x44 _build/nrf52840_xxaa/nrfx_usbd.c.o
                0x0002faa8                nrfx_usbd_feeder_ram
 .text.nrfx_usbd_feeder_ram_zlp
                0x0002faec       0x4c _build/nrf52840_xxaa/nrfx_usbd.c.o
                0x0002faec                nrfx_usbd_feeder_ram_zlp
 .text.nrfx_usbd_feeder_flash
                0x0002fb38       0x64 _build/nrf52840_xxaa/nrfx_usbd.c.o
                0x0002fb38                nrfx_usbd_feeder_flash
 .text.nrfx_usbd_feeder_flash_zlp
                0x0002fb9c       0x68 _build/nrf52840_xxaa/nrfx_usbd.c.o
                0x0002fb9c                nrfx_usbd_feeder_flash_zlp
 .text.ev_dma_epin0_handler
                0x0002fc04       0x40 _build/nrf52840_xxaa/nrfx_usbd.c.o
 .text.ev_setup_data_handler
                0x0002fc44       0x90 _build/nrf52840_xxaa/nrfx_usbd.c.o
 .text.ev_usbevent_handler
                0x0002fcd4       0xb4 _build/nrf52840_xxaa/nrfx_usbd.c.o
 .text.ev_dma_epout8_handler
                0x0002fd88       0x5c _build/nrf52840_xxaa/nrfx_usbd.c.o
 .text.ev_dma_epin8_handler
                0x0002fde4       0x6c _build/nrf52840_xxaa/nrfx_usbd.c.o
 .text.ev_dma_epin1_handler
                0x0002fe50       0x40 _build/nrf52840_xxaa/nrfx_usbd.c.o
 .text.ev_dma_epin2_handler
                0x0002fe90       0x40 _build/nrf52840_xxaa/nrfx_usbd.c.o
 .text.ev_dma_epin3_handler
                0x0002fed0       0x40 _build/nrf52840_xxaa/nrfx_usbd.c.o
 .text.ev_dma_epin4_handler
                0x0002ff10       0x40 _build/nrf52840_xxaa/nrfx_usbd.c.o
 .text.ev_dma_epin5_handler
                0x0002ff50       0x40 _build/nrf52840_xxaa/nrfx_usbd.c.o
 .text.ev_dma_epin6_handler
                0x0002ff90       0x40 _build/nrf52840_xxaa/nrfx_usbd.c.o
 .text.ev_dma_epin7_handler
                0x0002ffd0       0x40 _build/nrf52840_xxaa/nrfx_usbd.c.o
 .text.ev_sof_handler
                0x00030010       0x48 _build/nrf52840_xxaa/nrfx_usbd.c.o
 .text.usbd_dmareq_process.part.4
                0x00030058      0x414 _build/nrf52840_xxaa/nrfx_usbd.c.o
 .text.ev_dma_epout5_handler
                0x0003046c       0x70 _build/nrf52840_xxaa/nrfx_usbd.c.o
 .text.ev_epdata_handler
                0x000304dc       0xec _build/nrf52840_xxaa/nrfx_usbd.c.o
 .text.ev_dma_epout0_handler
                0x000305c8       0xb4 _build/nrf52840_xxaa/nrfx_usbd.c.o
 .text.ev_dma_epout1_handler
                0x0003067c       0x70 _build/nrf52840_xxaa/nrfx_usbd.c.o
 .text.ev_dma_epout6_handler
                0x000306ec       0x70 _build/nrf52840_xxaa/nrfx_usbd.c.o
 .text.ev_dma_epout7_handler
                0x0003075c       0x70 _build/nrf52840_xxaa/nrfx_usbd.c.o
 .text.ev_dma_epout2_handler
                0x000307cc       0x70 _build/nrf52840_xxaa/nrfx_usbd.c.o
 .text.ev_dma_epout3_handler
                0x0003083c       0x70 _build/nrf52840_xxaa/nrfx_usbd.c.o
 .text.ev_dma_epout4_handler
                0x000308ac       0x74 _build/nrf52840_xxaa/nrfx_usbd.c.o
 .text.nrfx_usbd_init
                0x00030920      0x148 _build/nrf52840_xxaa/nrfx_usbd.c.o
                0x00030920                nrfx_usbd_init
 .text.nrfx_usbd_uninit
                0x00030a68       0x2c _build/nrf52840_xxaa/nrfx_usbd.c.o
                0x00030a68                nrfx_usbd_uninit
 .text.nrfx_usbd_enable
                0x00030a94      0x19c _build/nrf52840_xxaa/nrfx_usbd.c.o
                0x00030a94                nrfx_usbd_enable
 .text.nrfx_usbd_start
                0x00030c30       0x80 _build/nrf52840_xxaa/nrfx_usbd.c.o
                0x00030c30                nrfx_usbd_start
 .text.nrfx_usbd_is_initialized
                0x00030cb0       0x10 _build/nrf52840_xxaa/nrfx_usbd.c.o
                0x00030cb0                nrfx_usbd_is_initialized
 .text.nrfx_usbd_is_enabled
                0x00030cc0       0x14 _build/nrf52840_xxaa/nrfx_usbd.c.o
                0x00030cc0                nrfx_usbd_is_enabled
 .text.nrfx_usbd_is_started
                0x00030cd4       0x1c _build/nrf52840_xxaa/nrfx_usbd.c.o
                0x00030cd4                nrfx_usbd_is_started
 .text.nrfx_usbd_wakeup_req
                0x00030cf0       0x6c _build/nrf52840_xxaa/nrfx_usbd.c.o
                0x00030cf0                nrfx_usbd_wakeup_req
 .text.nrfx_usbd_suspend_irq_config
                0x00030d5c       0x14 _build/nrf52840_xxaa/nrfx_usbd.c.o
                0x00030d5c                nrfx_usbd_suspend_irq_config
 .text.nrfx_usbd_active_irq_config
                0x00030d70       0x14 _build/nrf52840_xxaa/nrfx_usbd.c.o
                0x00030d70                nrfx_usbd_active_irq_config
 .text.nrfx_usbd_force_bus_wakeup
                0x00030d84        0xc _build/nrf52840_xxaa/nrfx_usbd.c.o
                0x00030d84                nrfx_usbd_force_bus_wakeup
 .text.nrfx_usbd_ep_max_packet_size_get
                0x00030d90       0x38 _build/nrf52840_xxaa/nrfx_usbd.c.o
                0x00030d90                nrfx_usbd_ep_max_packet_size_get
 .text.nrfx_usbd_ep_enable_check
                0x00030dc8       0x44 _build/nrf52840_xxaa/nrfx_usbd.c.o
                0x00030dc8                nrfx_usbd_ep_enable_check
 .text.nrfx_usbd_ep_transfer
                0x00030e0c      0x194 _build/nrf52840_xxaa/nrfx_usbd.c.o
                0x00030e0c                nrfx_usbd_ep_transfer
 .text.nrfx_usbd_ep_handled_transfer
                0x00030fa0      0x108 _build/nrf52840_xxaa/nrfx_usbd.c.o
                0x00030fa0                nrfx_usbd_ep_handled_transfer
 .text.nrfx_usbd_feeder_buffer_get
                0x000310a8        0x8 _build/nrf52840_xxaa/nrfx_usbd.c.o
                0x000310a8                nrfx_usbd_feeder_buffer_get
 .text.nrfx_usbd_ep_stall
                0x000310b0       0x44 _build/nrf52840_xxaa/nrfx_usbd.c.o
                0x000310b0                nrfx_usbd_ep_stall
 .text.nrfx_usbd_ep_stall_check
                0x000310f4       0x50 _build/nrf52840_xxaa/nrfx_usbd.c.o
                0x000310f4                nrfx_usbd_ep_stall_check
 .text.nrfx_usbd_ep_dtoggle_clear
                0x00031144       0x48 _build/nrf52840_xxaa/nrfx_usbd.c.o
                0x00031144                nrfx_usbd_ep_dtoggle_clear
 .text.nrfx_usbd_setup_get
                0x0003118c       0x4c _build/nrf52840_xxaa/nrfx_usbd.c.o
                0x0003118c                nrfx_usbd_setup_get
 .text.nrfx_usbd_setup_data_clear
                0x000311d8       0x50 _build/nrf52840_xxaa/nrfx_usbd.c.o
                0x000311d8                nrfx_usbd_setup_data_clear
 .text.nrfx_usbd_setup_clear
                0x00031228       0x14 _build/nrf52840_xxaa/nrfx_usbd.c.o
                0x00031228                nrfx_usbd_setup_clear
 .text.nrfx_usbd_setup_stall
                0x0003123c       0x14 _build/nrf52840_xxaa/nrfx_usbd.c.o
                0x0003123c                nrfx_usbd_setup_stall
 .text.nrfx_usbd_last_setup_dir_get
                0x00031250        0xc _build/nrf52840_xxaa/nrfx_usbd.c.o
                0x00031250                nrfx_usbd_last_setup_dir_get
 .text.nrfx_usbd_transfer_out_drop
                0x0003125c      0x104 _build/nrf52840_xxaa/nrfx_usbd.c.o
                0x0003125c                nrfx_usbd_transfer_out_drop
 .text.USBD_IRQHandler
                0x00031360      0x434 _build/nrf52840_xxaa/nrfx_usbd.c.o
                0x00031360                USBD_IRQHandler
 .text.nrfx_usbd_ep_enable
                0x00031794      0x128 _build/nrf52840_xxaa/nrfx_usbd.c.o
                0x00031794                nrfx_usbd_ep_enable
 .text.nrfx_usbd_ep_stall_clear
                0x000318bc       0x6c _build/nrf52840_xxaa/nrfx_usbd.c.o
                0x000318bc                nrfx_usbd_ep_stall_clear
 .text.nrfx_usbd_ep_abort
                0x00031928      0x1cc _build/nrf52840_xxaa/nrfx_usbd.c.o
                0x00031928                nrfx_usbd_ep_abort
 .text.nrfx_usbd_ep_disable
                0x00031af4      0x2a0 _build/nrf52840_xxaa/nrfx_usbd.c.o
                0x00031af4                nrfx_usbd_ep_disable
 .text.nrfx_usbd_stop
                0x00031d94      0x1c0 _build/nrf52840_xxaa/nrfx_usbd.c.o
                0x00031d94                nrfx_usbd_stop
 .text.nrfx_usbd_disable
                0x00031f54      0x1f4 _build/nrf52840_xxaa/nrfx_usbd.c.o
                0x00031f54                nrfx_usbd_disable
 .text.nrfx_usbd_suspend
                0x00032148      0x19c _build/nrf52840_xxaa/nrfx_usbd.c.o
                0x00032148                nrfx_usbd_suspend
 .text.ev_setup_handler
                0x000322e4      0x260 _build/nrf52840_xxaa/nrfx_usbd.c.o
 .text.cmd_evt  0x00032544       0x3c _build/nrf52840_xxaa/bsp_cli.c.o
 .text.cmd_btn  0x00032580       0x3c _build/nrf52840_xxaa/bsp_cli.c.o
 .text.SystemInit
                0x000325bc      0x1c4 _build/nrf52840_xxaa/system_nrf52840.c.o
                0x000325bc                SystemInit
 .text.twim_evt_handler
                0x00032780       0x48 _build/nrf52840_xxaa/nrf_drv_twi.c.o
 .text.nrf_drv_twi_init
                0x000327c8      0x204 _build/nrf52840_xxaa/nrf_drv_twi.c.o
                0x000327c8                nrf_drv_twi_init
 .text.SPIM1_SPIS1_TWIM1_TWIS1_SPI1_TWI1_IRQHandler
                0x000329cc      0x1a0 _build/nrf52840_xxaa/nrfx_twim.c.o
                0x000329cc                SPIM1_SPIS1_TWIM1_TWIS1_SPI1_TWI1_IRQHandler
 .text.SPIM0_SPIS0_TWIM0_TWIS0_SPI0_TWI0_IRQHandler
                0x00032b6c      0x194 _build/nrf52840_xxaa/nrfx_twim.c.o
                0x00032b6c                SPIM0_SPIS0_TWIM0_TWIS0_SPI0_TWI0_IRQHandler
 .text.nrfx_twim_init
                0x00032d00      0x190 _build/nrf52840_xxaa/nrfx_twim.c.o
                0x00032d00                nrfx_twim_init
 .text.nrfx_twim_enable
                0x00032e90       0x40 _build/nrf52840_xxaa/nrfx_twim.c.o
                0x00032e90                nrfx_twim_enable
 .text.nrfx_twim_tx
                0x00032ed0      0x1ac _build/nrf52840_xxaa/nrfx_twim.c.o
                0x00032ed0                nrfx_twim_tx
 .text.nrfx_twim_rx
                0x0003307c      0x17c _build/nrf52840_xxaa/nrfx_twim.c.o
                0x0003307c                nrfx_twim_rx
 .text.usbd_user_ev_handler
                0x000331f8       0xcc _build/nrf52840_xxaa/hid_gamepad.c.o
 .text.hid_user_ev_handler
                0x000332c4       0x78 _build/nrf52840_xxaa/hid_gamepad.c.o
 .text.idle_handle2
                0x0003333c       0x2c _build/nrf52840_xxaa/hid_gamepad.c.o
 .text.idle_handle
                0x00033368       0x2c _build/nrf52840_xxaa/hid_gamepad.c.o
 .text.init_controllers
                0x00033394       0x88 _build/nrf52840_xxaa/hid_gamepad.c.o
                0x00033394                init_controllers
 .text.controller_connect
                0x0003341c        0x4 _build/nrf52840_xxaa/hid_gamepad.c.o
                0x0003341c                controller_connect
 .text.controller_sendpacket
                0x00033420       0x4c _build/nrf52840_xxaa/hid_gamepad.c.o
                0x00033420                controller_sendpacket
 .text.startup.main
                0x0003346c      0x154 _build/nrf52840_xxaa/main.c.o
                0x0003346c                main
 .text.nintendo_init_controller
                0x000335c0       0xb0 _build/nrf52840_xxaa/nintendo_i2c.c.o
                0x000335c0                nintendo_init_controller
 .text.nintendo_read_controller_data
                0x00033670       0x8c _build/nrf52840_xxaa/nintendo_i2c.c.o
                0x00033670                nintendo_read_controller_data
 .text.nintendo_get_hid_controller_data
                0x000336fc       0x20 _build/nrf52840_xxaa/nintendo_i2c.c.o
                0x000336fc                nintendo_get_hid_controller_data
 .text.nintendo_compare_controller_data
                0x0003371c       0x48 _build/nrf52840_xxaa/nintendo_i2c.c.o
                0x0003371c                nintendo_compare_controller_data
 .text.twi_init
                0x00033764       0x74 _build/nrf52840_xxaa/i2c.c.o
                0x00033764                twi_init
 .text.twi_rx   0x000337d8       0x1c _build/nrf52840_xxaa/i2c.c.o
                0x000337d8                twi_rx
 .text.twi_tx   0x000337f4       0x20 _build/nrf52840_xxaa/i2c.c.o
                0x000337f4                twi_tx
 .text.exit     0x00033814       0x28 c:/program files (x86)/gnu tools arm embedded/7 2018-q2-update/bin/../lib/gcc/arm-none-eabi/7.3.1/../../../../arm-none-eabi/lib/thumb/v7e-m/fpv4-sp/hard\libc_nano.a(lib_a-exit.o)
                0x00033814                exit
 .text.__libc_init_array
                0x0003383c       0x48 c:/program files (x86)/gnu tools arm embedded/7 2018-q2-update/bin/../lib/gcc/arm-none-eabi/7.3.1/../../../../arm-none-eabi/lib/thumb/v7e-m/fpv4-sp/hard\libc_nano.a(lib_a-init.o)
                0x0003383c                __libc_init_array
 .text.__locale_ctype_ptr_l
                0x00033884        0x6 c:/program files (x86)/gnu tools arm embedded/7 2018-q2-update/bin/../lib/gcc/arm-none-eabi/7.3.1/../../../../arm-none-eabi/lib/thumb/v7e-m/fpv4-sp/hard\libc_nano.a(lib_a-locale.o)
                0x00033884                __locale_ctype_ptr_l
 *fill*         0x0003388a        0x2 
 .text.__locale_ctype_ptr
                0x0003388c       0x1c c:/program files (x86)/gnu tools arm embedded/7 2018-q2-update/bin/../lib/gcc/arm-none-eabi/7.3.1/../../../../arm-none-eabi/lib/thumb/v7e-m/fpv4-sp/hard\libc_nano.a(lib_a-locale.o)
                0x0003388c                __locale_ctype_ptr
 .text.__ascii_mbtowc
                0x000338a8       0x24 c:/program files (x86)/gnu tools arm embedded/7 2018-q2-update/bin/../lib/gcc/arm-none-eabi/7.3.1/../../../../arm-none-eabi/lib/thumb/v7e-m/fpv4-sp/hard\libc_nano.a(lib_a-mbtowc_r.o)
                0x000338a8                __ascii_mbtowc
 .text.memcmp   0x000338cc       0x1e c:/program files (x86)/gnu tools arm embedded/7 2018-q2-update/bin/../lib/gcc/arm-none-eabi/7.3.1/../../../../arm-none-eabi/lib/thumb/v7e-m/fpv4-sp/hard\libc_nano.a(lib_a-memcmp.o)
                0x000338cc                memcmp
 .text.memcpy   0x000338ea       0x16 c:/program files (x86)/gnu tools arm embedded/7 2018-q2-update/bin/../lib/gcc/arm-none-eabi/7.3.1/../../../../arm-none-eabi/lib/thumb/v7e-m/fpv4-sp/hard\libc_nano.a(lib_a-memcpy-stub.o)
                0x000338ea                memcpy
 .text.memset   0x00033900       0x10 c:/program files (x86)/gnu tools arm embedded/7 2018-q2-update/bin/../lib/gcc/arm-none-eabi/7.3.1/../../../../arm-none-eabi/lib/thumb/v7e-m/fpv4-sp/hard\libc_nano.a(lib_a-memset.o)
                0x00033900                memset
 .text.sscanf   0x00033910       0x54 c:/program files (x86)/gnu tools arm embedded/7 2018-q2-update/bin/../lib/gcc/arm-none-eabi/7.3.1/../../../../arm-none-eabi/lib/thumb/v7e-m/fpv4-sp/hard\libc_nano.a(lib_a-sscanf.o)
                0x00033910                siscanf
                0x00033910                sscanf
 .text.__seofread
                0x00033964        0x4 c:/program files (x86)/gnu tools arm embedded/7 2018-q2-update/bin/../lib/gcc/arm-none-eabi/7.3.1/../../../../arm-none-eabi/lib/thumb/v7e-m/fpv4-sp/hard\libc_nano.a(lib_a-stdio.o)
                0x00033964                __seofread
 .text          0x00033968       0x14 c:/program files (x86)/gnu tools arm embedded/7 2018-q2-update/bin/../lib/gcc/arm-none-eabi/7.3.1/../../../../arm-none-eabi/lib/thumb/v7e-m/fpv4-sp/hard\libc_nano.a(lib_a-strcmp.o)
                0x00033968                strcmp
 .text          0x0003397c       0x10 c:/program files (x86)/gnu tools arm embedded/7 2018-q2-update/bin/../lib/gcc/arm-none-eabi/7.3.1/../../../../arm-none-eabi/lib/thumb/v7e-m/fpv4-sp/hard\libc_nano.a(lib_a-strlen.o)
                0x0003397c                strlen
 .text.strncmp  0x0003398c       0x24 c:/program files (x86)/gnu tools arm embedded/7 2018-q2-update/bin/../lib/gcc/arm-none-eabi/7.3.1/../../../../arm-none-eabi/lib/thumb/v7e-m/fpv4-sp/hard\libc_nano.a(lib_a-strncmp.o)
                0x0003398c                strncmp
 .text.__ascii_wctomb
                0x000339b0       0x1a c:/program files (x86)/gnu tools arm embedded/7 2018-q2-update/bin/../lib/gcc/arm-none-eabi/7.3.1/../../../../arm-none-eabi/lib/thumb/v7e-m/fpv4-sp/hard\libc_nano.a(lib_a-wctomb_r.o)
                0x000339b0                __ascii_wctomb
 .text._sungetc_r
                0x000339ca       0x7a c:/program files (x86)/gnu tools arm embedded/7 2018-q2-update/bin/../lib/gcc/arm-none-eabi/7.3.1/../../../../arm-none-eabi/lib/thumb/v7e-m/fpv4-sp/hard\libc_nano.a(lib_a-nano-svfscanf.o)
                0x000339ca                _sungetc_r
 .text.__ssrefill_r
                0x00033a44       0x3a c:/program files (x86)/gnu tools arm embedded/7 2018-q2-update/bin/../lib/gcc/arm-none-eabi/7.3.1/../../../../arm-none-eabi/lib/thumb/v7e-m/fpv4-sp/hard\libc_nano.a(lib_a-nano-svfscanf.o)
                0x00033a44                __ssrefill_r
 *fill*         0x00033a7e        0x2 
 .text.__ssvfscanf_r
                0x00033a80      0x2a0 c:/program files (x86)/gnu tools arm embedded/7 2018-q2-update/bin/../lib/gcc/arm-none-eabi/7.3.1/../../../../arm-none-eabi/lib/thumb/v7e-m/fpv4-sp/hard\libc_nano.a(lib_a-nano-svfscanf.o)
                0x00033a80                __ssvfiscanf_r
                0x00033a80                __ssvfscanf_r
 .text._scanf_chars
                0x00033d20       0xc6 c:/program files (x86)/gnu tools arm embedded/7 2018-q2-update/bin/../lib/gcc/arm-none-eabi/7.3.1/../../../../arm-none-eabi/lib/thumb/v7e-m/fpv4-sp/hard\libc_nano.a(lib_a-nano-vfscanf_i.o)
                0x00033d20                _scanf_chars
 *fill*         0x00033de6        0x2 
 .text._scanf_i
                0x00033de8      0x1e8 c:/program files (x86)/gnu tools arm embedded/7 2018-q2-update/bin/../lib/gcc/arm-none-eabi/7.3.1/../../../../arm-none-eabi/lib/thumb/v7e-m/fpv4-sp/hard\libc_nano.a(lib_a-nano-vfscanf_i.o)
                0x00033de8                _scanf_i
 .text.__sccl   0x00033fd0       0x64 c:/program files (x86)/gnu tools arm embedded/7 2018-q2-update/bin/../lib/gcc/arm-none-eabi/7.3.1/../../../../arm-none-eabi/lib/thumb/v7e-m/fpv4-sp/hard\libc_nano.a(lib_a-sccl.o)
                0x00033fd0                __sccl
 .text._strtol_l.isra.0
                0x00034034       0xf6 c:/program files (x86)/gnu tools arm embedded/7 2018-q2-update/bin/../lib/gcc/arm-none-eabi/7.3.1/../../../../arm-none-eabi/lib/thumb/v7e-m/fpv4-sp/hard\libc_nano.a(lib_a-strtol.o)
 *fill*         0x0003412a        0x2 
 .text._strtol_r
                0x0003412c       0x24 c:/program files (x86)/gnu tools arm embedded/7 2018-q2-update/bin/../lib/gcc/arm-none-eabi/7.3.1/../../../../arm-none-eabi/lib/thumb/v7e-m/fpv4-sp/hard\libc_nano.a(lib_a-strtol.o)
                0x0003412c                _strtol_r
 .text._strtoul_l.isra.0
                0x00034150       0xf4 c:/program files (x86)/gnu tools arm embedded/7 2018-q2-update/bin/../lib/gcc/arm-none-eabi/7.3.1/../../../../arm-none-eabi/lib/thumb/v7e-m/fpv4-sp/hard\libc_nano.a(lib_a-strtoul.o)
 .text._strtoul_r
                0x00034244       0x24 c:/program files (x86)/gnu tools arm embedded/7 2018-q2-update/bin/../lib/gcc/arm-none-eabi/7.3.1/../../../../arm-none-eabi/lib/thumb/v7e-m/fpv4-sp/hard\libc_nano.a(lib_a-strtoul.o)
                0x00034244                _strtoul_r
 .text.__submore
                0x00034268       0x74 c:/program files (x86)/gnu tools arm embedded/7 2018-q2-update/bin/../lib/gcc/arm-none-eabi/7.3.1/../../../../arm-none-eabi/lib/thumb/v7e-m/fpv4-sp/hard\libc_nano.a(lib_a-ungetc.o)
                0x00034268                __submore
 *fill*         0x000342dc        0x4 
 .text          0x000342e0       0xa0 c:/program files (x86)/gnu tools arm embedded/7 2018-q2-update/bin/../lib/gcc/arm-none-eabi/7.3.1/../../../../arm-none-eabi/lib/thumb/v7e-m/fpv4-sp/hard\libc_nano.a(lib_a-memchr.o)
                0x000342e0                memchr
 .text._free_r  0x00034380       0x9c c:/program files (x86)/gnu tools arm embedded/7 2018-q2-update/bin/../lib/gcc/arm-none-eabi/7.3.1/../../../../arm-none-eabi/lib/thumb/v7e-m/fpv4-sp/hard\libc_nano.a(lib_a-nano-freer.o)
                0x00034380                _free_r
 .text._malloc_r
                0x0003441c       0xb4 c:/program files (x86)/gnu tools arm embedded/7 2018-q2-update/bin/../lib/gcc/arm-none-eabi/7.3.1/../../../../arm-none-eabi/lib/thumb/v7e-m/fpv4-sp/hard\libc_nano.a(lib_a-nano-mallocr.o)
                0x0003441c                _malloc_r
 .text._realloc_r
                0x000344d0       0x4c c:/program files (x86)/gnu tools arm embedded/7 2018-q2-update/bin/../lib/gcc/arm-none-eabi/7.3.1/../../../../arm-none-eabi/lib/thumb/v7e-m/fpv4-sp/hard\libc_nano.a(lib_a-nano-reallocr.o)
                0x000344d0                _realloc_r
 .text._sbrk_r  0x0003451c       0x20 c:/program files (x86)/gnu tools arm embedded/7 2018-q2-update/bin/../lib/gcc/arm-none-eabi/7.3.1/../../../../arm-none-eabi/lib/thumb/v7e-m/fpv4-sp/hard\libc_nano.a(lib_a-sbrkr.o)
                0x0003451c                _sbrk_r
 .text.__malloc_lock
                0x0003453c        0x2 c:/program files (x86)/gnu tools arm embedded/7 2018-q2-update/bin/../lib/gcc/arm-none-eabi/7.3.1/../../../../arm-none-eabi/lib/thumb/v7e-m/fpv4-sp/hard\libc_nano.a(lib_a-mlock.o)
                0x0003453c                __malloc_lock
 .text.__malloc_unlock
                0x0003453e        0x2 c:/program files (x86)/gnu tools arm embedded/7 2018-q2-update/bin/../lib/gcc/arm-none-eabi/7.3.1/../../../../arm-none-eabi/lib/thumb/v7e-m/fpv4-sp/hard\libc_nano.a(lib_a-mlock.o)
                0x0003453e                __malloc_unlock
 .text._malloc_usable_size_r
                0x00034540       0x10 c:/program files (x86)/gnu tools arm embedded/7 2018-q2-update/bin/../lib/gcc/arm-none-eabi/7.3.1/../../../../arm-none-eabi/lib/thumb/v7e-m/fpv4-sp/hard\libc_nano.a(lib_a-nano-msizer.o)
                0x00034540                _malloc_usable_size_r
 .text._sbrk    0x00034550       0x1c c:/program files (x86)/gnu tools arm embedded/7 2018-q2-update/bin/../lib/gcc/arm-none-eabi/7.3.1/../../../../arm-none-eabi/lib/thumb/v7e-m/fpv4-sp/hard\libnosys.a(sbrk.o)
                0x00034550                _sbrk
 .text._exit    0x0003456c        0x4 c:/program files (x86)/gnu tools arm embedded/7 2018-q2-update/bin/../lib/gcc/arm-none-eabi/7.3.1/../../../../arm-none-eabi/lib/thumb/v7e-m/fpv4-sp/hard\libnosys.a(_exit.o)
                0x0003456c                _exit
 *(.init)
 .init          0x00034570        0x4 c:/program files (x86)/gnu tools arm embedded/7 2018-q2-update/bin/../lib/gcc/arm-none-eabi/7.3.1/thumb/v7e-m/fpv4-sp/hard/crti.o
                0x00034570                _init
 .init          0x00034574        0x8 c:/program files (x86)/gnu tools arm embedded/7 2018-q2-update/bin/../lib/gcc/arm-none-eabi/7.3.1/thumb/v7e-m/fpv4-sp/hard/crtn.o
 *(.fini)
 .fini          0x0003457c        0x4 c:/program files (x86)/gnu tools arm embedded/7 2018-q2-update/bin/../lib/gcc/arm-none-eabi/7.3.1/thumb/v7e-m/fpv4-sp/hard/crti.o
                0x0003457c                _fini
 .fini          0x00034580        0x8 c:/program files (x86)/gnu tools arm embedded/7 2018-q2-update/bin/../lib/gcc/arm-none-eabi/7.3.1/thumb/v7e-m/fpv4-sp/hard/crtn.o
 *crtbegin.o(.ctors)
 *crtbegin?.o(.ctors)
 *(EXCLUDE_FILE(*crtend.o *crtend?.o) .ctors)
 *(SORT_BY_NAME(.ctors.*))
 *(.ctors)
 *crtbegin.o(.dtors)
 *crtbegin?.o(.dtors)
 *(EXCLUDE_FILE(*crtend.o *crtend?.o) .dtors)
 *(SORT_BY_NAME(.dtors.*))
 *(.dtors)
 *(.rodata*)
 .rodata        0x00034588       0x20 _build/nrf52840_xxaa/nrf_log_backend_uart.c.o
 .rodata.nrf_log_backend_uart_api
                0x000345a8        0xc _build/nrf52840_xxaa/nrf_log_backend_uart.c.o
                0x000345a8                nrf_log_backend_uart_api
 .rodata.serial_tx.str1.4
                0x000345b4       0x5a _build/nrf52840_xxaa/nrf_log_backend_uart.c.o
 *fill*         0x0003460e        0x2 
 .rodata.str1.4
                0x00034610       0x11 _build/nrf52840_xxaa/nrf_log_default_backends.c.o
 *fill*         0x00034621        0x3 
 .rodata.log_backend_ctrl.str1.4
                0x00034624       0x95 _build/nrf52840_xxaa/nrf_log_frontend.c.o
 *fill*         0x000346b9        0x3 
 .rodata.log_backend_halt.str1.4
                0x000346bc       0x16 _build/nrf52840_xxaa/nrf_log_frontend.c.o
 *fill*         0x000346d2        0x2 
 .rodata.log_cmd.str1.4
                0x000346d4       0x21 _build/nrf52840_xxaa/nrf_log_frontend.c.o
 *fill*         0x000346f5        0x3 
 .rodata.log_cmd_backends_list.str1.4
                0x000346f8       0x55 _build/nrf52840_xxaa/nrf_log_frontend.c.o
 *fill*         0x0003474d        0x3 
 .rodata.log_config_load_cmd.str1.4
                0x00034750       0x11 _build/nrf52840_xxaa/nrf_log_frontend.c.o
 *fill*         0x00034761        0x3 
 .rodata.log_skip.str1.4
                0x00034764       0x56 _build/nrf52840_xxaa/nrf_log_frontend.c.o
 *fill*         0x000347ba        0x2 
 .rodata.log_status.str1.4
                0x000347bc       0xa2 _build/nrf52840_xxaa/nrf_log_frontend.c.o
                                 0xa6 (size before relaxing)
 *fill*         0x0003485e        0x2 
 .rodata.m_backend_name_dynamic
                0x00034860        0x8 _build/nrf52840_xxaa/nrf_log_frontend.c.o
 .rodata.m_module_name
                0x00034868        0x8 _build/nrf52840_xxaa/nrf_log_frontend.c.o
 .rodata.m_severity_lvl
                0x00034870        0x8 _build/nrf52840_xxaa/nrf_log_frontend.c.o
 .rodata.m_severity_lvls
                0x00034878       0x14 _build/nrf52840_xxaa/nrf_log_frontend.c.o
 .rodata.m_severity_lvls_sorted
                0x0003488c       0x14 _build/nrf52840_xxaa/nrf_log_frontend.c.o
 .rodata.m_sub_log_backend
                0x000348a0        0x8 _build/nrf52840_xxaa/nrf_log_frontend.c.o
 .rodata.m_sub_log_backend_raw
                0x000348a8       0x60 _build/nrf52840_xxaa/nrf_log_frontend.c.o
 .rodata.m_sub_log_config
                0x00034908        0x8 _build/nrf52840_xxaa/nrf_log_frontend.c.o
 .rodata.m_sub_log_config_raw
                0x00034910       0x30 _build/nrf52840_xxaa/nrf_log_frontend.c.o
 .rodata.m_sub_log_stat
                0x00034940        0x8 _build/nrf52840_xxaa/nrf_log_frontend.c.o
 .rodata.m_sub_log_stat_raw
                0x00034948       0x90 _build/nrf52840_xxaa/nrf_log_frontend.c.o
 .rodata.nrf_cli_log_raw
                0x000349d8       0x10 _build/nrf52840_xxaa/nrf_log_frontend.c.o
                0x000349d8                nrf_cli_log_raw
 .rodata.nrf_log_frontend_dequeue.part.12.str1.4
                0x000349e8       0x11 _build/nrf52840_xxaa/nrf_log_frontend.c.o
 *fill*         0x000349f9        0x3 
 .rodata.str1.4
                0x000349fc      0x27b _build/nrf52840_xxaa/nrf_log_frontend.c.o
                                0x283 (size before relaxing)
 *fill*         0x00034c77        0x1 
 .rodata.m_colors
                0x00034c78       0x24 _build/nrf52840_xxaa/nrf_log_str_formatter.c.o
 .rodata.nrf_log_hexdump_entry_process.str1.4
                0x00034c9c       0x13 _build/nrf52840_xxaa/nrf_log_str_formatter.c.o
                                 0x16 (size before relaxing)
 *fill*         0x00034caf        0x1 
 .rodata.nrf_log_std_entry_process.str1.4
                0x00034cb0       0x36 _build/nrf52840_xxaa/nrf_log_str_formatter.c.o
                                 0x3b (size before relaxing)
 *fill*         0x00034ce6        0x2 
 .rodata.severity_names
                0x00034ce8       0x14 _build/nrf52840_xxaa/nrf_log_str_formatter.c.o
 .rodata.str1.4
                0x00034cfc       0x38 _build/nrf52840_xxaa/nrf_log_str_formatter.c.o
                                 0x56 (size before relaxing)
 .rodata.app_error_fault_handler.str1.4
                0x00034d34       0x70 _build/nrf52840_xxaa/app_error_weak.c.o
 *fill*         0x00034da4        0xc 
 .rodata.delay_machine_code.8566
                0x00034db0        0x6 _build/nrf52840_xxaa/app_timer.c.o
 *fill*         0x00034db6        0x2 
 .rodata.CSWTCH.77
                0x00034db8        0x7 _build/nrf52840_xxaa/app_usbd.c.o
 *fill*         0x00034dbf        0x1 
 .rodata.app_usbd_hfclk_ready.str1.4
                0x00034dc0       0x4b _build/nrf52840_xxaa/app_usbd.c.o
 *fill*         0x00034e0b        0x1 
 .rodata.config.10784
                0x00034e0c        0x4 _build/nrf52840_xxaa/app_usbd.c.o
 .rodata.ev.10677
                0x00034e10        0x4 _build/nrf52840_xxaa/app_usbd.c.o
 .rodata.ev.10680
                0x00034e14        0x4 _build/nrf52840_xxaa/app_usbd.c.o
 .rodata.ev.10682
                0x00034e18        0x4 _build/nrf52840_xxaa/app_usbd.c.o
 .rodata.event_setaddress.10665
                0x00034e1c        0x4 _build/nrf52840_xxaa/app_usbd.c.o
 .rodata.evt_data.10690
                0x00034e20        0x1 _build/nrf52840_xxaa/app_usbd.c.o
 *fill*         0x00034e21        0x3 
 .rodata.evt_data.10808
                0x00034e24        0x1 _build/nrf52840_xxaa/app_usbd.c.o
 *fill*         0x00034e25        0x3 
 .rodata.evt_data.10828
                0x00034e28        0x1 _build/nrf52840_xxaa/app_usbd.c.o
 *fill*         0x00034e29        0x3 
 .rodata.evt_data.10831
                0x00034e2c        0x1 _build/nrf52840_xxaa/app_usbd.c.o
 *fill*         0x00034e2d        0x3 
 .rodata.evt_data.10841
                0x00034e30        0x1 _build/nrf52840_xxaa/app_usbd.c.o
 *fill*         0x00034e31        0x3 
 .rodata.evt_data.10850
                0x00034e34        0x1 _build/nrf52840_xxaa/app_usbd.c.o
 *fill*         0x00034e35        0x3 
 .rodata.str1.4
                0x00034e38       0x21 _build/nrf52840_xxaa/app_usbd.c.o
 *fill*         0x00034e59        0x3 
 .rodata.app_usbd_core_inst
                0x00034e5c       0x10 _build/nrf52840_xxaa/app_usbd_core.c.o
                0x00034e5c                app_usbd_core_inst
 .rodata.evt_data.9850
                0x00034e6c        0x1 _build/nrf52840_xxaa/app_usbd_core.c.o
 *fill*         0x00034e6d        0x3 
 .rodata.m_configuration_dsc
                0x00034e70        0x9 _build/nrf52840_xxaa/app_usbd_core.c.o
 *fill*         0x00034e79        0x3 
 .rodata.m_core_methods
                0x00034e7c       0x14 _build/nrf52840_xxaa/app_usbd_core.c.o
 .rodata.m_device_dsc
                0x00034e90       0x12 _build/nrf52840_xxaa/app_usbd_core.c.o
 *fill*         0x00034ea2        0x2 
 .rodata.m_setup_data_handler_empty_desc
                0x00034ea4        0x8 _build/nrf52840_xxaa/app_usbd_core.c.o
 .rodata.str1.4
                0x00034eac        0xe _build/nrf52840_xxaa/app_usbd_core.c.o
 *fill*         0x00034eba        0x2 
 .rodata.usbd_descriptor_conf_feeder.str1.4
                0x00034ebc       0x9c _build/nrf52840_xxaa/app_usbd_core.c.o
 .rodata.usbd_descriptor_feeder_desc
                0x00034f58        0x8 _build/nrf52840_xxaa/app_usbd_core.c.o
 .rodata.app_usbd_hid_event_handler.str1.4
                0x00034f60       0x59 _build/nrf52840_xxaa/app_usbd_hid.c.o
 *fill*         0x00034fb9        0x3 
 .rodata.app_usbd_generic_class_methods
                0x00034fbc       0x14 _build/nrf52840_xxaa/app_usbd_hid_generic.c.o
                0x00034fbc                app_usbd_generic_class_methods
 .rodata.app_usbd_hid_generic_methods
                0x00034fd0       0x20 _build/nrf52840_xxaa/app_usbd_hid_generic.c.o
                0x00034fd0                app_usbd_hid_generic_methods
 .rodata.hid_generic_feed_descriptors.str1.4
                0x00034ff0       0xc2 _build/nrf52840_xxaa/app_usbd_hid_generic.c.o
 *fill*         0x000350b2        0x2 
 .rodata.hid_generic_on_set_report.str1.4
                0x000350b4       0x59 _build/nrf52840_xxaa/app_usbd_hid_generic.c.o
 *fill*         0x0003510d        0x3 
 .rodata.__compound_literal.1
                0x00035110        0x6 _build/nrf52840_xxaa/app_usbd_string_desc.c.o
 *fill*         0x00035116        0x2 
 .rodata.__compound_literal.2
                0x00035118       0x15 _build/nrf52840_xxaa/app_usbd_string_desc.c.o
 *fill*         0x0003512d        0x3 
 .rodata.__compound_literal.3
                0x00035130       0x1b _build/nrf52840_xxaa/app_usbd_string_desc.c.o
 *fill*         0x0003514b        0x1 
 .rodata.__compound_literal.4
                0x0003514c        0xd _build/nrf52840_xxaa/app_usbd_string_desc.c.o
 *fill*         0x00035159        0x3 
 .rodata.__compound_literal.5
                0x0003515c       0x16 _build/nrf52840_xxaa/app_usbd_string_desc.c.o
 *fill*         0x00035172        0x2 
 .rodata.__compound_literal.6
                0x00035174        0x7 _build/nrf52840_xxaa/app_usbd_string_desc.c.o
 *fill*         0x0003517b        0x1 
 .rodata.app_usbd_string_desc_get.str1.4
                0x0003517c       0x57 _build/nrf52840_xxaa/app_usbd_string_desc.c.o
 *fill*         0x000351d3        0x1 
 .rodata.m_string_dsc
                0x000351d4       0x18 _build/nrf52840_xxaa/app_usbd_string_desc.c.o
 .rodata.m_string_translation
                0x000351ec        0x6 _build/nrf52840_xxaa/app_usbd_string_desc.c.o
 *fill*         0x000351f2        0x2 
 .rodata.app_util_critical_region_enter.str1.4
                0x000351f4       0x54 _build/nrf52840_xxaa/app_util_platform.c.o
 .rodata.HardFault_c_handler.str1.4
                0x00035248      0x136 _build/nrf52840_xxaa/hardfault_implementation.c.o
 *fill*         0x0003537e        0x2 
 .rodata.cfsr_msgs.8763
                0x00035380       0x68 _build/nrf52840_xxaa/hardfault_implementation.c.o
 .rodata.str1.4
                0x000353e8      0x4de _build/nrf52840_xxaa/hardfault_implementation.c.o
 *fill*         0x000358c6        0x2 
 .rodata.nrf_balloc_commands
                0x000358c8        0x8 _build/nrf52840_xxaa/nrf_balloc.c.o
 .rodata.nrf_balloc_commands_raw
                0x000358d0       0x20 _build/nrf52840_xxaa/nrf_balloc.c.o
 .rodata.nrf_balloc_init.str1.4
                0x000358f0       0x4f _build/nrf52840_xxaa/nrf_balloc.c.o
 *fill*         0x0003593f        0x1 
 .rodata.nrf_balloc_status.str1.4
                0x00035940       0xa2 _build/nrf52840_xxaa/nrf_balloc.c.o
 *fill*         0x000359e2        0x2 
 .rodata.nrf_cli_balloc_raw
                0x000359e4       0x10 _build/nrf52840_xxaa/nrf_balloc.c.o
                0x000359e4                nrf_cli_balloc_raw
 .rodata.str1.4
                0x000359f4       0x4a _build/nrf52840_xxaa/nrf_balloc.c.o
                                 0x52 (size before relaxing)
 .rodata.char_insert.str1.4
                0x00035a3e        0x3 _build/nrf52840_xxaa/nrf_cli.c.o
 *fill*         0x00035a3e        0x2 
 .rodata.cli_transport_evt_handler.str1.4
                0x00035a40       0x49 _build/nrf52840_xxaa/nrf_cli.c.o
 *fill*         0x00035a89        0x3 
 .rodata.cmd.9498
                0x00035a8c        0x4 _build/nrf52840_xxaa/nrf_cli.c.o
 .rodata.cmd.9917
                0x00035a90        0x4 _build/nrf52840_xxaa/nrf_cli.c.o
 .rodata.cmd.9918
                0x00035a94        0x5 _build/nrf52840_xxaa/nrf_cli.c.o
 *fill*         0x00035a99        0x3 
 .rodata.cmd.9987
                0x00035a9c        0x6 _build/nrf52840_xxaa/nrf_cli.c.o
 *fill*         0x00035aa2        0x2 
 .rodata.cmd_get_terminal_size.9472
                0x00035aa4        0x5 _build/nrf52840_xxaa/nrf_cli.c.o
 *fill*         0x00035aa9        0x3 
 .rodata.cmd_sep.9844
                0x00035aac        0x4 _build/nrf52840_xxaa/nrf_cli.c.o
 .rodata.cursor_end_position_move.str1.4
                0x00035ab0        0xe _build/nrf52840_xxaa/nrf_cli.c.o
 *fill*         0x00035abe        0x2 
 .rodata.cursor_home_position_move.str1.4
                0x00035ac0        0x6 _build/nrf52840_xxaa/nrf_cli.c.o
 *fill*         0x00035ac6        0xa 
 .rodata.delay_machine_code.9047
                0x00035ad0        0x6 _build/nrf52840_xxaa/nrf_cli.c.o
 *fill*         0x00035ad6        0x2 
 .rodata.format_offset_string_print.constprop.51.str1.4
                0x00035ad8        0x6 _build/nrf52840_xxaa/nrf_cli.c.o
                                  0xa (size before relaxing)
 *fill*         0x00035ade        0x2 
 .rodata.help.9843
                0x00035ae0        0xb _build/nrf52840_xxaa/nrf_cli.c.o
 *fill*         0x00035aeb        0x1 
 .rodata.m_sub_cli
                0x00035aec        0x8 _build/nrf52840_xxaa/nrf_cli.c.o
 .rodata.m_sub_cli_raw
                0x00035af4       0x40 _build/nrf52840_xxaa/nrf_cli.c.o
 .rodata.m_sub_cli_stats
                0x00035b34        0x8 _build/nrf52840_xxaa/nrf_cli.c.o
 .rodata.m_sub_cli_stats_raw
                0x00035b3c       0x30 _build/nrf52840_xxaa/nrf_cli.c.o
 .rodata.m_sub_colors
                0x00035b6c        0x8 _build/nrf52840_xxaa/nrf_cli.c.o
 .rodata.m_sub_colors_raw
                0x00035b74       0x30 _build/nrf52840_xxaa/nrf_cli.c.o
 .rodata.m_sub_echo
                0x00035ba4        0x8 _build/nrf52840_xxaa/nrf_cli.c.o
 .rodata.m_sub_echo_raw
                0x00035bac       0x30 _build/nrf52840_xxaa/nrf_cli.c.o
 .rodata.m_sub_resize
                0x00035bdc        0x8 _build/nrf52840_xxaa/nrf_cli.c.o
 .rodata.m_sub_resize_raw
                0x00035be4       0x20 _build/nrf52840_xxaa/nrf_cli.c.o
 .rodata.nrf_cli_clear_raw
                0x00035c04       0x10 _build/nrf52840_xxaa/nrf_cli.c.o
                0x00035c04                nrf_cli_clear_raw
 .rodata.nrf_cli_cli_raw
                0x00035c14       0x10 _build/nrf52840_xxaa/nrf_cli.c.o
                0x00035c14                nrf_cli_cli_raw
 .rodata.nrf_cli_cmd_cli_stats_show.str1.4
                0x00035c24       0x37 _build/nrf52840_xxaa/nrf_cli.c.o
 *fill*         0x00035c5b        0x1 
 .rodata.nrf_cli_cmd_echo.str1.4
                0x00035c5c       0x15 _build/nrf52840_xxaa/nrf_cli.c.o
                                 0x19 (size before relaxing)
 *fill*         0x00035c71        0x3 
 .rodata.nrf_cli_cmd_history.str1.4
                0x00035c74        0xa _build/nrf52840_xxaa/nrf_cli.c.o
 *fill*         0x00035c7e        0x2 
 .rodata.nrf_cli_cmd_resize.str1.4
                0x00035c80       0x61 _build/nrf52840_xxaa/nrf_cli.c.o
                                 0x79 (size before relaxing)
 .rodata.nrf_cli_fprintf.constprop.53.str1.4
                0x00035ce1        0x3 _build/nrf52840_xxaa/nrf_cli.c.o
 *fill*         0x00035ce1        0x3 
 .rodata.nrf_cli_help_print.constprop.49.str1.4
                0x00035ce4       0x36 _build/nrf52840_xxaa/nrf_cli.c.o
                                 0x3e (size before relaxing)
 *fill*         0x00035d1a        0x2 
 .rodata.nrf_cli_help_print.str1.4
                0x00035d1c        0x9 _build/nrf52840_xxaa/nrf_cli.c.o
 *fill*         0x00035d25        0x3 
 .rodata.nrf_cli_history_raw
                0x00035d28       0x10 _build/nrf52840_xxaa/nrf_cli.c.o
                0x00035d28                nrf_cli_history_raw
 .rodata.nrf_cli_process.str1.4
                0x00035d38       0x98 _build/nrf52840_xxaa/nrf_cli.c.o
 .rodata.nrf_cli_resize_raw
                0x00035dd0       0x10 _build/nrf52840_xxaa/nrf_cli.c.o
                0x00035dd0                nrf_cli_resize_raw
 .rodata.opt_sep.9842
                0x00035de0        0x3 _build/nrf52840_xxaa/nrf_cli.c.o
 *fill*         0x00035de3        0x1 
 .rodata.str1.4
                0x00035de4      0x2ab _build/nrf52840_xxaa/nrf_cli.c.o
 *fill*         0x0003608f        0x1 
 .rodata.str1.4
                0x00036090        0x9 _build/nrf52840_xxaa/nrf_cli_uart.c.o
 *fill*         0x00036099        0x3 
 .rodata.nrf_fprintf_buffer_flush.str1.4
                0x0003609c       0x45 _build/nrf52840_xxaa/nrf_fprintf.c.o
 *fill*         0x000360e1        0x3 
 .rodata._aV2C.7651
                0x000360e4       0x10 _build/nrf52840_xxaa/nrf_fprintf_format.c.o
 .rodata.nrf_fprintf_fmt.str1.4
                0x000360f4       0x4c _build/nrf52840_xxaa/nrf_fprintf_format.c.o
 .rodata.nrf_memobj_write.str1.4
                0x00036140       0x4f _build/nrf52840_xxaa/nrf_memobj.c.o
 *fill*         0x0003618f        0x1 
 .rodata.str1.4
                0x00036190        0x9 _build/nrf52840_xxaa/nrf_pwr_mgmt.c.o
 *fill*         0x00036199        0x3 
 .rodata.nrf_cli_queue_raw
                0x0003619c       0x10 _build/nrf52840_xxaa/nrf_queue.c.o
                0x0003619c                nrf_cli_queue_raw
 .rodata.nrf_queue_commands
                0x000361ac        0x8 _build/nrf52840_xxaa/nrf_queue.c.o
 .rodata.nrf_queue_commands_raw
                0x000361b4       0x20 _build/nrf52840_xxaa/nrf_queue.c.o
 .rodata.nrf_queue_is_full.str1.4
                0x000361d4       0x4d _build/nrf52840_xxaa/nrf_queue.c.o
 *fill*         0x00036221        0x3 
 .rodata.nrf_queue_status.str1.4
                0x00036224       0x94 _build/nrf52840_xxaa/nrf_queue.c.o
                                 0xa8 (size before relaxing)
 .rodata.str1.4
                0x000362b8       0x21 _build/nrf52840_xxaa/nrf_queue.c.o
                                 0x51 (size before relaxing)
 *fill*         0x000362d9        0x3 
 .rodata.m_unknown_str
                0x000362dc       0x13 _build/nrf52840_xxaa/nrf_strerror.c.o
 *fill*         0x000362ef        0x1 
 .rodata.nrf_strerror_array
                0x000362f0      0x118 _build/nrf52840_xxaa/nrf_strerror.c.o
 .rodata.str1.4
                0x00036408      0x3bd _build/nrf52840_xxaa/nrf_strerror.c.o
 *fill*         0x000367c5        0x3 
 .rodata.nrf_drv_clock_uninit.str1.4
                0x000367c8       0x4e _build/nrf52840_xxaa/nrf_drv_clock.c.o
 *fill*         0x00036816        0x2 
 .rodata.str1.4
                0x00036818        0x6 _build/nrf52840_xxaa/nrf_drv_clock.c.o
 *fill*         0x0003681e        0x2 
 .rodata.m_drv_power_config_default
                0x00036820        0x1 _build/nrf52840_xxaa/nrf_drv_power.c.o
 *fill*         0x00036821        0x3 
 .rodata.nrf_drv_uart_init.str1.4
                0x00036824       0x4d _build/nrf52840_xxaa/nrf_drv_uart.c.o
 *fill*         0x00036871        0x3 
 .rodata.nrfx_clock_init.str1.4
                0x00036874       0x4c _build/nrf52840_xxaa/nrfx_clock.c.o
 .rodata.str1.4
                0x000368c0        0x6 _build/nrf52840_xxaa/nrfx_clock.c.o
 *fill*         0x000368c6        0x2 
 .rodata.nrfx_gpiote_out_init.str1.4
                0x000368c8       0x42 _build/nrf52840_xxaa/nrfx_gpiote.c.o
 *fill*         0x0003690a        0x2 
 .rodata.str1.4
                0x0003690c        0x7 _build/nrf52840_xxaa/nrfx_gpiote.c.o
 *fill*         0x00036913        0x1 
 .rodata.nrfx_power_init.str1.4
                0x00036914       0x4c _build/nrf52840_xxaa/nrfx_power.c.o
 .rodata.UARTE0_UART0_IRQHandler.str1.4
                0x00036960       0x4e _build/nrf52840_xxaa/nrfx_prs.c.o
 *fill*         0x000369ae        0x2 
 .rodata.str1.4
                0x000369b0        0x4 _build/nrf52840_xxaa/nrfx_prs.c.o
 .rodata.nrfx_systick_test.str1.4
                0x000369b4       0x4e _build/nrf52840_xxaa/nrfx_systick.c.o
 *fill*         0x00036a02        0x2 
 .rodata.nrfx_uart_init.str1.4
                0x00036a04       0x8f _build/nrf52840_xxaa/nrfx_uart.c.o
                                 0xd3 (size before relaxing)
 *fill*         0x00036a93        0x1 
 .rodata.str1.4
                0x00036a94        0x5 _build/nrf52840_xxaa/nrfx_uart.c.o
 *fill*         0x00036a99        0x3 
 .rodata.nrfx_uarte_init.str1.4
                0x00036a9c       0x4c _build/nrf52840_xxaa/nrfx_uarte.c.o
                                 0xd3 (size before relaxing)
 .rodata.str1.4
                0x00036ae8        0x6 _build/nrf52840_xxaa/nrfx_uarte.c.o
 *fill*         0x00036aee        0x2 
 .rodata.epin_bitpos.9202
                0x00036af0        0x9 _build/nrf52840_xxaa/nrfx_usbd.c.o
 *fill*         0x00036af9        0x3 
 .rodata.epin_endev.9197
                0x00036afc       0x12 _build/nrf52840_xxaa/nrfx_usbd.c.o
 *fill*         0x00036b0e        0x2 
 .rodata.epout_bitpos.9203
                0x00036b10        0x9 _build/nrf52840_xxaa/nrfx_usbd.c.o
 *fill*         0x00036b19        0x3 
 .rodata.epout_endev.9198
                0x00036b1c       0x12 _build/nrf52840_xxaa/nrfx_usbd.c.o
 *fill*         0x00036b2e        0x2 
 .rodata.m_isr  0x00036b30       0x64 _build/nrf52840_xxaa/nrfx_usbd.c.o
 .rodata.nrfx_usbd_consumer.str1.4
                0x00036b94       0x4b _build/nrf52840_xxaa/nrfx_usbd.c.o
 *fill*         0x00036bdf        0x1 
 .rodata.str1.4
                0x00036be0        0x5 _build/nrf52840_xxaa/nrfx_usbd.c.o
 *fill*         0x00036be5        0x3 
 .rodata.usbd_dmareq_process.part.4.str1.4
                0x00036be8       0x42 _build/nrf52840_xxaa/nrfx_usbd.c.o
 *fill*         0x00036c2a        0x2 
 .rodata.cmd_evt.str1.4
                0x00036c2c       0x50 _build/nrf52840_xxaa/bsp_cli.c.o
 .rodata.m_sub_bsp
                0x00036c7c        0x8 _build/nrf52840_xxaa/bsp_cli.c.o
 .rodata.m_sub_bsp_raw
                0x00036c84       0x30 _build/nrf52840_xxaa/bsp_cli.c.o
 .rodata.nrf_cli_bsp_raw
                0x00036cb4       0x10 _build/nrf52840_xxaa/bsp_cli.c.o
                0x00036cb4                nrf_cli_bsp_raw
 .rodata.str1.4
                0x00036cc4       0x31 _build/nrf52840_xxaa/bsp_cli.c.o
 *fill*         0x00036cf5        0xb 
 .rodata.delay_machine_code.8164
                0x00036d00        0x6 _build/nrf52840_xxaa/nrf_drv_twi.c.o
 .rodata.nrf_drv_twi_init.str1.4
                0x00036d06       0x42 _build/nrf52840_xxaa/nrf_drv_twi.c.o
 *fill*         0x00036d06        0x2 
 .rodata.SPIM1_SPIS1_TWIM1_TWIS1_SPI1_TWI1_IRQHandler.str1.4
                0x00036d08       0x4b _build/nrf52840_xxaa/nrfx_twim.c.o
 *fill*         0x00036d53        0x1 
 .rodata.irq_handlers.9054
                0x00036d54        0x8 _build/nrf52840_xxaa/nrfx_twim.c.o
 .rodata.nrfx_twim_init.str1.4
                0x00036d5c       0x87 _build/nrf52840_xxaa/nrfx_twim.c.o
 .rodata.str1.4
                0x00036d5c        0x5 _build/nrf52840_xxaa/nrfx_twim.c.o
 *fill*         0x00036d61        0x3 
 .rodata        0x00036d64        0x2 _build/nrf52840_xxaa/hid_gamepad.c.o
 *fill*         0x00036d66        0x2 
 .rodata.controller_one
                0x00036d68        0xc _build/nrf52840_xxaa/hid_gamepad.c.o
 .rodata.controller_one_data
                0x00036d74       0x2a _build/nrf52840_xxaa/hid_gamepad.c.o
 *fill*         0x00036d9e        0x2 
 .rodata.controller_two
                0x00036da0        0xc _build/nrf52840_xxaa/hid_gamepad.c.o
 .rodata.controller_two_data
                0x00036dac       0x2a _build/nrf52840_xxaa/hid_gamepad.c.o
 *fill*         0x00036dd6        0x2 
 .rodata.hid_user_ev_handler.str1.4
                0x00036dd8       0x39 _build/nrf52840_xxaa/hid_gamepad.c.o
 *fill*         0x00036e11        0x3 
 .rodata.m_app_hid_generic
                0x00036e14       0x34 _build/nrf52840_xxaa/hid_gamepad.c.o
                0x00036e14                m_app_hid_generic
 .rodata.m_app_hid_generic2
                0x00036e48       0x34 _build/nrf52840_xxaa/hid_gamepad.c.o
                0x00036e48                m_app_hid_generic2
 .rodata.m_app_hid_generic2_out
                0x00036e7c        0x8 _build/nrf52840_xxaa/hid_gamepad.c.o
                0x00036e7c                m_app_hid_generic2_out
 .rodata.m_app_hid_generic_out
                0x00036e84        0x8 _build/nrf52840_xxaa/hid_gamepad.c.o
                0x00036e84                m_app_hid_generic_out
 .rodata.str1.4
                0x00036e8c       0x72 _build/nrf52840_xxaa/hid_gamepad.c.o
 *fill*         0x00036efe        0x2 
 .rodata.usbd_config.13779
                0x00036f00        0xc _build/nrf52840_xxaa/hid_gamepad.c.o
 .rodata.usbd_user_ev_handler.str1.4
                0x00036f0c       0x32 _build/nrf52840_xxaa/hid_gamepad.c.o
 *fill*         0x00036f3e        0x2 
 .rodata.main.str1.4
                0x00036f40       0x10 _build/nrf52840_xxaa/main.c.o
                                 0x52 (size before relaxing)
 .rodata.delay_machine_code.8164
                0x00036f50        0x6 _build/nrf52840_xxaa/nintendo_i2c.c.o
 *fill*         0x00036f56        0x2 
 .rodata.cnt1_config
                0x00036f58       0x10 _build/nrf52840_xxaa/i2c.c.o
                0x00036f58                cnt1_config
 .rodata.cnt2_config
                0x00036f68       0x10 _build/nrf52840_xxaa/i2c.c.o
                0x00036f68                cnt2_config
 .rodata.cnt_twi
                0x00036f78       0x20 _build/nrf52840_xxaa/i2c.c.o
 .rodata._global_impure_ptr
                0x00036f98        0x4 c:/program files (x86)/gnu tools arm embedded/7 2018-q2-update/bin/../lib/gcc/arm-none-eabi/7.3.1/../../../../arm-none-eabi/lib/thumb/v7e-m/fpv4-sp/hard\libc_nano.a(lib_a-impure.o)
                0x00036f98                _global_impure_ptr
 .rodata._setlocale_r.str1.1
                0x00036f9c        0x8 c:/program files (x86)/gnu tools arm embedded/7 2018-q2-update/bin/../lib/gcc/arm-none-eabi/7.3.1/../../../../arm-none-eabi/lib/thumb/v7e-m/fpv4-sp/hard\libc_nano.a(lib_a-locale.o)
                                  0x9 (size before relaxing)
 .rodata.str1.1
                0x00036fa4        0x2 c:/program files (x86)/gnu tools arm embedded/7 2018-q2-update/bin/../lib/gcc/arm-none-eabi/7.3.1/../../../../arm-none-eabi/lib/thumb/v7e-m/fpv4-sp/hard\libc_nano.a(lib_a-locale.o)
 .rodata._ctype_
                0x00036fa6      0x101 c:/program files (x86)/gnu tools arm embedded/7 2018-q2-update/bin/../lib/gcc/arm-none-eabi/7.3.1/../../../../arm-none-eabi/lib/thumb/v7e-m/fpv4-sp/hard\libc_nano.a(lib_a-ctype_.o)
                0x00036fa6                _ctype_
 .rodata.__ssvfscanf_r.str1.1
                0x000370a7        0x4 c:/program files (x86)/gnu tools arm embedded/7 2018-q2-update/bin/../lib/gcc/arm-none-eabi/7.3.1/../../../../arm-none-eabi/lib/thumb/v7e-m/fpv4-sp/hard\libc_nano.a(lib_a-nano-svfscanf.o)
 *fill*         0x000370ab        0x1 
 .rodata        0x000370ac        0xc c:/program files (x86)/gnu tools arm embedded/7 2018-q2-update/bin/../lib/gcc/arm-none-eabi/7.3.1/../../../../arm-none-eabi/lib/thumb/v7e-m/fpv4-sp/hard\libc_nano.a(lib_a-nano-vfscanf_i.o)
 .rodata._scanf_i.str1.1
                0x000370b8       0x12 c:/program files (x86)/gnu tools arm embedded/7 2018-q2-update/bin/../lib/gcc/arm-none-eabi/7.3.1/../../../../arm-none-eabi/lib/thumb/v7e-m/fpv4-sp/hard\libc_nano.a(lib_a-nano-vfscanf_i.o)
 .rodata.str1.1
                0x000370ca        0x9 c:/program files (x86)/gnu tools arm embedded/7 2018-q2-update/bin/../lib/gcc/arm-none-eabi/7.3.1/../../../../arm-none-eabi/lib/thumb/v7e-m/fpv4-sp/hard\libc_nano.a(lib_a-nano-vfscanf_i.o)
 *fill*         0x000370d3        0x1 
 .rodata.__sf_fake_stderr
                0x000370d4       0x20 c:/program files (x86)/gnu tools arm embedded/7 2018-q2-update/bin/../lib/gcc/arm-none-eabi/7.3.1/../../../../arm-none-eabi/lib/thumb/v7e-m/fpv4-sp/hard\libc_nano.a(lib_a-findfp.o)
                0x000370d4                __sf_fake_stderr
 .rodata.__sf_fake_stdin
                0x000370f4       0x20 c:/program files (x86)/gnu tools arm embedded/7 2018-q2-update/bin/../lib/gcc/arm-none-eabi/7.3.1/../../../../arm-none-eabi/lib/thumb/v7e-m/fpv4-sp/hard\libc_nano.a(lib_a-findfp.o)
                0x000370f4                __sf_fake_stdin
 .rodata.__sf_fake_stdout
                0x00037114       0x20 c:/program files (x86)/gnu tools arm embedded/7 2018-q2-update/bin/../lib/gcc/arm-none-eabi/7.3.1/../../../../arm-none-eabi/lib/thumb/v7e-m/fpv4-sp/hard\libc_nano.a(lib_a-findfp.o)
                0x00037114                __sf_fake_stdout
 *(.eh_frame*)
 .eh_frame      0x00037134        0x0 c:/program files (x86)/gnu tools arm embedded/7 2018-q2-update/bin/../lib/gcc/arm-none-eabi/7.3.1/thumb/v7e-m/fpv4-sp/hard/crtbegin.o
 .eh_frame      0x00037134        0x4 c:/program files (x86)/gnu tools arm embedded/7 2018-q2-update/bin/../lib/gcc/arm-none-eabi/7.3.1/thumb/v7e-m/fpv4-sp/hard/crtend.o

.glue_7         0x00037138        0x0
 .glue_7        0x00037138        0x0 linker stubs

.glue_7t        0x00037138        0x0
 .glue_7t       0x00037138        0x0 linker stubs

.vfp11_veneer   0x00037138        0x0
 .vfp11_veneer  0x00037138        0x0 linker stubs

.v4_bx          0x00037138        0x0
 .v4_bx         0x00037138        0x0 linker stubs

.iplt           0x00037138        0x0
 .iplt          0x00037138        0x0 c:/program files (x86)/gnu tools arm embedded/7 2018-q2-update/bin/../lib/gcc/arm-none-eabi/7.3.1/thumb/v7e-m/fpv4-sp/hard/crtbegin.o

.mem_section_dummy_rom

.nrf_queue      0x00037138       0x38
                0x00037138                PROVIDE (__start_nrf_queue = .)
 *(.nrf_queue)
 .nrf_queue     0x00037138       0x38 _build/nrf52840_xxaa/hid_gamepad.c.o
                0x00037138                m_app_hid_generic2_queue
                0x00037154                m_app_hid_generic_queue
                0x00037170                PROVIDE (__stop_nrf_queue = .)

.log_const_data
                0x00037170       0x90
                0x00037170                PROVIDE (__start_log_const_data = .)
 *(SORT_BY_NAME(.log_const_data*))
 .log_const_data_CLOCK
                0x00037170        0x8 _build/nrf52840_xxaa/nrfx_clock.c.o
                0x00037170                m_nrf_log_CLOCK_logs_data_const
 .log_const_data_GPIOTE
                0x00037178        0x8 _build/nrf52840_xxaa/nrfx_gpiote.c.o
                0x00037178                m_nrf_log_GPIOTE_logs_data_const
 .log_const_data_PRS
                0x00037180        0x8 _build/nrf52840_xxaa/nrfx_prs.c.o
                0x00037180                m_nrf_log_PRS_logs_data_const
 .log_const_data_TWIM
                0x00037188        0x8 _build/nrf52840_xxaa/nrfx_twim.c.o
                0x00037188                m_nrf_log_TWIM_logs_data_const
 .log_const_data_UART
                0x00037190        0x8 _build/nrf52840_xxaa/nrfx_uart.c.o
                0x00037190                m_nrf_log_UART_logs_data_const
 .log_const_data_UARTE
                0x00037198        0x8 _build/nrf52840_xxaa/nrfx_uarte.c.o
                0x00037198                m_nrf_log_UARTE_logs_data_const
 .log_const_data_USBD
                0x000371a0        0x8 _build/nrf52840_xxaa/nrfx_usbd.c.o
                0x000371a0                m_nrf_log_USBD_logs_data_const
 .log_const_data_app
                0x000371a8        0x8 _build/nrf52840_xxaa/nrf_log_frontend.c.o
                0x000371a8                m_nrf_log_app_logs_data_const
 .log_const_data_app_usbd
                0x000371b0        0x8 _build/nrf52840_xxaa/app_usbd.c.o
                0x000371b0                m_nrf_log_app_usbd_logs_data_const
 .log_const_data_app_usbd_core
                0x000371b8        0x8 _build/nrf52840_xxaa/app_usbd_core.c.o
                0x000371b8                m_nrf_log_app_usbd_core_logs_data_const
 .log_const_data_atfifo_m_event_queue
                0x000371c0        0x8 _build/nrf52840_xxaa/app_usbd.c.o
                0x000371c0                m_nrf_log_atfifo_m_event_queue_logs_data_const
 .log_const_data_balloc_log_mempool
                0x000371c8        0x8 _build/nrf52840_xxaa/nrf_log_frontend.c.o
                0x000371c8                m_nrf_log_balloc_log_mempool_logs_data_const
 .log_const_data_cli_uart
                0x000371d0        0x8 _build/nrf52840_xxaa/nrf_cli_uart.c.o
                0x000371d0                m_nrf_log_cli_uart_logs_data_const
 .log_const_data_clock
                0x000371d8        0x8 _build/nrf52840_xxaa/nrf_drv_clock.c.o
                0x000371d8                m_nrf_log_clock_logs_data_const
 .log_const_data_hardfault
                0x000371e0        0x8 _build/nrf52840_xxaa/hardfault_implementation.c.o
                0x000371e0                m_nrf_log_hardfault_logs_data_const
 .log_const_data_pwr_mgmt
                0x000371e8        0x8 _build/nrf52840_xxaa/nrf_pwr_mgmt.c.o
                0x000371e8                m_nrf_log_pwr_mgmt_logs_data_const
 .log_const_data_queue_m_app_hid_generic2_queue
                0x000371f0        0x8 _build/nrf52840_xxaa/hid_gamepad.c.o
                0x000371f0                m_nrf_log_queue_m_app_hid_generic2_queue_logs_data_const
 .log_const_data_queue_m_app_hid_generic_queue
                0x000371f8        0x8 _build/nrf52840_xxaa/hid_gamepad.c.o
                0x000371f8                m_nrf_log_queue_m_app_hid_generic_queue_logs_data_const
                0x00037200                PROVIDE (__stop_log_const_data = .)

.log_backends   0x00037200       0x10
                0x00037200                PROVIDE (__start_log_backends = .)
 *(SORT_BY_NAME(.log_backends*))
 .log_backends  0x00037200       0x10 _build/nrf52840_xxaa/nrf_log_default_backends.c.o
                0x00037210                PROVIDE (__stop_log_backends = .)

.cli_command    0x00037210       0x40
                0x00037210                PROVIDE (__start_cli_command = .)
 *(.cli_command)
 .cli_command   0x00037210        0x8 _build/nrf52840_xxaa/nrf_log_frontend.c.o
                0x00037210                nrf_cli_log_const
 .cli_command   0x00037218        0x8 _build/nrf52840_xxaa/nrf_balloc.c.o
                0x00037218                nrf_cli_balloc_const
 .cli_command   0x00037220       0x20 _build/nrf52840_xxaa/nrf_cli.c.o
                0x00037220                nrf_cli_resize_const
                0x00037228                nrf_cli_history_const
                0x00037230                nrf_cli_cli_const
                0x00037238                nrf_cli_clear_const
 .cli_command   0x00037240        0x8 _build/nrf52840_xxaa/nrf_queue.c.o
                0x00037240                nrf_cli_queue_const
 .cli_command   0x00037248        0x8 _build/nrf52840_xxaa/bsp_cli.c.o
                0x00037248                nrf_cli_bsp_const
                0x00037250                PROVIDE (__stop_cli_command = .)

.pwr_mgmt_data  0x00037250        0x0
                0x00037250                PROVIDE (__start_pwr_mgmt_data = .)
 *(SORT_BY_NAME(.pwr_mgmt_data*))
                0x00037250                PROVIDE (__stop_pwr_mgmt_data = .)

.nrf_balloc     0x00037250       0x1c
                0x00037250                PROVIDE (__start_nrf_balloc = .)
 *(.nrf_balloc)
 .nrf_balloc    0x00037250       0x1c _build/nrf52840_xxaa/nrf_log_frontend.c.o
                0x00037250                log_mempool
                0x0003726c                PROVIDE (__stop_nrf_balloc = .)

.ARM.extab
 *(.ARM.extab* .gnu.linkonce.armextab.*)
                0x0003726c                __exidx_start = .

.ARM.exidx      0x0003726c        0x8
 *(.ARM.exidx* .gnu.linkonce.armexidx.*)
 .ARM.exidx     0x0003726c        0x8 c:/program files (x86)/gnu tools arm embedded/7 2018-q2-update/bin/../lib/gcc/arm-none-eabi/7.3.1/../../../../arm-none-eabi/lib/thumb/v7e-m/fpv4-sp/hard/crt0.o
                0x00037274                __exidx_end = .
                0x00037274                __etext = .

.rel.dyn        0x00037274        0x0
 .rel.iplt      0x00037274        0x0 c:/program files (x86)/gnu tools arm embedded/7 2018-q2-update/bin/../lib/gcc/arm-none-eabi/7.3.1/thumb/v7e-m/fpv4-sp/hard/crtbegin.o

.data           0x200022e0      0x234 load address 0x00037274